Archive member included to satisfy reference by file (symbol)

d:/program files/simplicity studio/developer/toolchains/gnu_arm/12.2.rel1_2023.7/bin/../lib/gcc/arm-none-eabi/12.2.1/thumb/v8-m.main+fp/hard\libgcc.a(_arm_addsubdf3.o)
                              ./third_party_hw_drivers_2.0.2/driver/peripheral_drivers/mikroe/src/drv_analog_in.o (__aeabi_f2d)
d:/program files/simplicity studio/developer/toolchains/gnu_arm/12.2.rel1_2023.7/bin/../lib/gcc/arm-none-eabi/12.2.1/thumb/v8-m.main+fp/hard\libgcc.a(_arm_fixunsdfsi.o)
                              ./third_party_hw_drivers_2.0.2/driver/peripheral_drivers/mikroe/src/drv_analog_in.o (__aeabi_d2uiz)
d:/program files/simplicity studio/developer/toolchains/gnu_arm/12.2.rel1_2023.7/bin/../lib/gcc/arm-none-eabi/12.2.1/thumb/v8-m.main+fp/hard\libgcc.a(_aeabi_ldivmod.o)
                              ./gecko_sdk_4.2.6/platform/emlib/src/em_usart.o (__aeabi_ldivmod)
d:/program files/simplicity studio/developer/toolchains/gnu_arm/12.2.rel1_2023.7/bin/../lib/gcc/arm-none-eabi/12.2.1/thumb/v8-m.main+fp/hard\libgcc.a(_aeabi_uldivmod.o)
                              ./gecko_sdk_4.2.6/platform/emlib/src/em_usart.o (__aeabi_uldivmod)
d:/program files/simplicity studio/developer/toolchains/gnu_arm/12.2.rel1_2023.7/bin/../lib/gcc/arm-none-eabi/12.2.1/thumb/v8-m.main+fp/hard\libgcc.a(_udivmoddi4.o)
                              d:/program files/simplicity studio/developer/toolchains/gnu_arm/12.2.rel1_2023.7/bin/../lib/gcc/arm-none-eabi/12.2.1/thumb/v8-m.main+fp/hard\libgcc.a(_aeabi_ldivmod.o) (__udivmoddi4)
d:/program files/simplicity studio/developer/toolchains/gnu_arm/12.2.rel1_2023.7/bin/../lib/gcc/arm-none-eabi/12.2.1/thumb/v8-m.main+fp/hard\libgcc.a(_dvmd_tls.o)
                              d:/program files/simplicity studio/developer/toolchains/gnu_arm/12.2.rel1_2023.7/bin/../lib/gcc/arm-none-eabi/12.2.1/thumb/v8-m.main+fp/hard\libgcc.a(_aeabi_ldivmod.o) (__aeabi_ldiv0)
d:/program files/simplicity studio/developer/toolchains/gnu_arm/12.2.rel1_2023.7/bin/../lib/gcc/arm-none-eabi/12.2.1/thumb/v8-m.main+fp/hard\libc_nano.a(libc_a-exit.o)
                              d:/program files/simplicity studio/developer/toolchains/gnu_arm/12.2.rel1_2023.7/bin/../lib/gcc/arm-none-eabi/12.2.1/thumb/v8-m.main+fp/hard/crt0.o (exit)
d:/program files/simplicity studio/developer/toolchains/gnu_arm/12.2.rel1_2023.7/bin/../lib/gcc/arm-none-eabi/12.2.1/thumb/v8-m.main+fp/hard\libc_nano.a(libc_a-ctype_.o)
                              ./gecko_sdk_4.2.6/platform/common/src/sl_string.o (_ctype_)
d:/program files/simplicity studio/developer/toolchains/gnu_arm/12.2.rel1_2023.7/bin/../lib/gcc/arm-none-eabi/12.2.1/thumb/v8-m.main+fp/hard\libc_nano.a(libc_a-nano-vfprintf_float.o)
                              (_printf_float)
d:/program files/simplicity studio/developer/toolchains/gnu_arm/12.2.rel1_2023.7/bin/../lib/gcc/arm-none-eabi/12.2.1/thumb/v8-m.main+fp/hard\libc_nano.a(libc_a-nano-vfprintf_i.o)
                              d:/program files/simplicity studio/developer/toolchains/gnu_arm/12.2.rel1_2023.7/bin/../lib/gcc/arm-none-eabi/12.2.1/thumb/v8-m.main+fp/hard\libc_nano.a(libc_a-nano-vfprintf_float.o) (_printf_common)
d:/program files/simplicity studio/developer/toolchains/gnu_arm/12.2.rel1_2023.7/bin/../lib/gcc/arm-none-eabi/12.2.1/thumb/v8-m.main+fp/hard\libc_nano.a(libc_a-findfp.o)
                              d:/program files/simplicity studio/developer/toolchains/gnu_arm/12.2.rel1_2023.7/bin/../lib/gcc/arm-none-eabi/12.2.1/thumb/v8-m.main+fp/hard\libc_nano.a(libc_a-exit.o) (__stdio_exit_handler)
d:/program files/simplicity studio/developer/toolchains/gnu_arm/12.2.rel1_2023.7/bin/../lib/gcc/arm-none-eabi/12.2.1/thumb/v8-m.main+fp/hard\libc_nano.a(libc_a-fwalk.o)
                              d:/program files/simplicity studio/developer/toolchains/gnu_arm/12.2.rel1_2023.7/bin/../lib/gcc/arm-none-eabi/12.2.1/thumb/v8-m.main+fp/hard\libc_nano.a(libc_a-findfp.o) (_fwalk_sglue)
d:/program files/simplicity studio/developer/toolchains/gnu_arm/12.2.rel1_2023.7/bin/../lib/gcc/arm-none-eabi/12.2.1/thumb/v8-m.main+fp/hard\libc_nano.a(libc_a-setvbuf.o)
                              ./gecko_sdk_4.2.6/platform/service/iostream/src/sl_iostream_stdlib_config.o (setvbuf)
d:/program files/simplicity studio/developer/toolchains/gnu_arm/12.2.rel1_2023.7/bin/../lib/gcc/arm-none-eabi/12.2.1/thumb/v8-m.main+fp/hard\libc_nano.a(libc_a-stdio.o)
                              d:/program files/simplicity studio/developer/toolchains/gnu_arm/12.2.rel1_2023.7/bin/../lib/gcc/arm-none-eabi/12.2.1/thumb/v8-m.main+fp/hard\libc_nano.a(libc_a-findfp.o) (__sread)
d:/program files/simplicity studio/developer/toolchains/gnu_arm/12.2.rel1_2023.7/bin/../lib/gcc/arm-none-eabi/12.2.1/thumb/v8-m.main+fp/hard\libc_nano.a(libc_a-vprintf.o)
                              ./gecko_sdk_4.2.6/platform/service/iostream/src/sl_iostream.o (vprintf)
[...]
Memory Configuration

Name             Origin             Length             Attributes
FLASH            0x00000000         0x0007e000         xr
RAM              0x20000000         0x00008000         xrw
*default*        0x00000000         0xffffffff

Linker script and memory map

LOAD d:/program files/simplicity studio/developer/toolchains/gnu_arm/12.2.rel1_2023.7/bin/../lib/gcc/arm-none-eabi/12.2.1/thumb/v8-m.main+fp/hard/crti.o
LOAD d:/program files/simplicity studio/developer/toolchains/gnu_arm/12.2.rel1_2023.7/bin/../lib/gcc/arm-none-eabi/12.2.1/thumb/v8-m.main+fp/hard/crtbegin.o
LOAD d:/program files/simplicity studio/developer/toolchains/gnu_arm/12.2.rel1_2023.7/bin/../lib/gcc/arm-none-eabi/12.2.1/thumb/v8-m.main+fp/hard/crt0.o
START GROUP
LOAD ./app.o
LOAD ./main.o
LOAD ./autogen/sl_board_default_init.o
LOAD ./autogen/sl_device_init_clocks.o
LOAD ./autogen/sl_event_handler.o
LOAD ./autogen/sl_iostream_handles.o
LOAD ./autogen/sl_iostream_init_usart_instances.o
LOAD ./autogen/sl_simple_button_instances.o
LOAD ./autogen/sl_simple_led_instances.o
LOAD ./gecko_sdk_4.2.6/app/common/util/app_log/app_log.o
LOAD ./gecko_sdk_4.2.6/hardware/board/src/sl_board_control_gpio.o
LOAD ./gecko_sdk_4.2.6/hardware/board/src/sl_board_init.o
LOAD ./gecko_sdk_4.2.6/platform/Device/SiliconLabs/BGM22/Source/startup_bgm22.o
LOAD ./gecko_sdk_4.2.6/platform/Device/SiliconLabs/BGM22/Source/system_bgm22.o
LOAD ./gecko_sdk_4.2.6/platform/common/src/sl_assert.o
LOAD ./gecko_sdk_4.2.6/platform/common/src/sl_stdio.o
LOAD ./gecko_sdk_4.2.6/platform/common/src/sl_string.o
LOAD ./gecko_sdk_4.2.6/platform/common/toolchain/src/sl_memory.o
LOAD ./gecko_sdk_4.2.6/platform/driver/button/src/sl_button.o
LOAD ./gecko_sdk_4.2.6/platform/driver/button/src/sl_simple_button.o
LOAD ./gecko_sdk_4.2.6/platform/driver/leddrv/src/sl_led.o
LOAD ./gecko_sdk_4.2.6/platform/driver/leddrv/src/sl_simple_led.o
LOAD ./gecko_sdk_4.2.6/platform/emdrv/dmadrv/src/dmadrv.o
LOAD ./gecko_sdk_4.2.6/platform/emdrv/gpiointerrupt/src/gpiointerrupt.o
LOAD ./gecko_sdk_4.2.6/platform/emlib/src/em_burtc.o
LOAD ./gecko_sdk_4.2.6/platform/emlib/src/em_cmu.o
LOAD ./gecko_sdk_4.2.6/platform/emlib/src/em_core.o
LOAD ./gecko_sdk_4.2.6/platform/emlib/src/em_emu.o
LOAD ./gecko_sdk_4.2.6/platform/emlib/src/em_gpio.o
LOAD ./gecko_sdk_4.2.6/platform/emlib/src/em_iadc.o
LOAD ./gecko_sdk_4.2.6/platform/emlib/src/em_ldma.o
LOAD ./gecko_sdk_4.2.6/platform/emlib/src/em_msc.o
LOAD ./gecko_sdk_4.2.6/platform/emlib/src/em_rtcc.o
LOAD ./gecko_sdk_4.2.6/platform/emlib/src/em_system.o
LOAD ./gecko_sdk_4.2.6/platform/emlib/src/em_timer.o
LOAD ./gecko_sdk_4.2.6/platform/emlib/src/em_usart.o
LOAD ./gecko_sdk_4.2.6/platform/service/device_init/src/sl_device_init_dcdc_s2.o
LOAD ./gecko_sdk_4.2.6/platform/service/device_init/src/sl_device_init_emu_s2.o
LOAD ./gecko_sdk_4.2.6/platform/service/device_init/src/sl_device_init_hfxo_s2.o
LOAD ./gecko_sdk_4.2.6/platform/service/device_init/src/sl_device_init_lfxo_s2.o
LOAD ./gecko_sdk_4.2.6/platform/service/device_init/src/sl_device_init_nvic.o
LOAD ./gecko_sdk_4.2.6/platform/service/iostream/src/sl_iostream.o
LOAD ./gecko_sdk_4.2.6/platform/service/iostream/src/sl_iostream_retarget_stdio.o
LOAD ./gecko_sdk_4.2.6/platform/service/iostream/src/sl_iostream_stdlib_config.o
LOAD ./gecko_sdk_4.2.6/platform/service/iostream/src/sl_iostream_uart.o
LOAD ./gecko_sdk_4.2.6/platform/service/iostream/src/sl_iostream_usart.o
LOAD ./gecko_sdk_4.2.6/platform/service/sleeptimer/src/sl_sleeptimer.o
LOAD ./gecko_sdk_4.2.6/platform/service/sleeptimer/src/sl_sleeptimer_hal_burtc.o
LOAD ./gecko_sdk_4.2.6/platform/service/sleeptimer/src/sl_sleeptimer_hal_prortc.o
LOAD ./gecko_sdk_4.2.6/platform/service/sleeptimer/src/sl_sleeptimer_hal_rtcc.o
LOAD ./gecko_sdk_4.2.6/platform/service/sleeptimer/src/sl_sleeptimer_hal_timer.o
LOAD ./gecko_sdk_4.2.6/platform/service/system/src/sl_system_init.o
LOAD ./gecko_sdk_4.2.6/platform/service/system/src/sl_system_process_action.o
LOAD ./gecko_sdk_4.2.6/platform/service/udelay/src/sl_udelay.o
LOAD ./gecko_sdk_4.2.6/platform/service/udelay/src/sl_udelay_armv6m_gcc.o
LOAD ./third_party_hw_drivers_2.0.2/driver/peripheral_drivers/mikroe/src/drv_analog_in.o
LOAD ./third_party_hw_drivers_2.0.2/driver/peripheral_drivers/mikroe/src/drv_digital_in.o
LOAD ./third_party_hw_drivers_2.0.2/driver/peripheral_drivers/mikroe/src/drv_digital_out.o
LOAD ./third_party_hw_drivers_2.0.2/driver/public/mikroe/co_mq7/src/mikroe_mq7.o
LOAD ./third_party_hw_drivers_2.0.2/driver/thirdparty/mikrosdk_click_v2/clicks/co/lib/src/co.o
LOAD ./userlibrary/alarm.o
LOAD ./userlibrary/delay.o
LOAD ./userlibrary/dht11.o
LOAD ./userlibrary/mq2.o
LOAD d:/program files/simplicity studio/developer/toolchains/gnu_arm/12.2.rel1_2023.7/bin/../lib/gcc/arm-none-eabi/12.2.1/thumb/v8-m.main+fp/hard\libgcc.a
LOAD d:/program files/simplicity studio/developer/toolchains/gnu_arm/12.2.rel1_2023.7/bin/../lib/gcc/arm-none-eabi/12.2.1/thumb/v8-m.main+fp/hard\libc_nano.a
LOAD d:/program files/simplicity studio/developer/toolchains/gnu_arm/12.2.rel1_2023.7/bin/../lib/gcc/arm-none-eabi/12.2.1/thumb/v8-m.main+fp/hard\libm.a
LOAD d:/program files/simplicity studio/developer/toolchains/gnu_arm/12.2.rel1_2023.7/bin/../lib/gcc/arm-none-eabi/12.2.1/thumb/v8-m.main+fp/hard\libnosys.a
END GROUP
START GROUP
LOAD d:/program files/simplicity studio/developer/toolchains/gnu_arm/12.2.rel1_2023.7/bin/../lib/gcc/arm-none-eabi/12.2.1/thumb/v8-m.main+fp/hard\libgcc.a
LOAD d:/program files/simplicity studio/developer/toolchains/gnu_arm/12.2.rel1_2023.7/bin/../lib/gcc/arm-none-eabi/12.2.1/thumb/v8-m.main+fp/hard\libc_nano.a
LOAD d:/program files/simplicity studio/developer/toolchains/gnu_arm/12.2.rel1_2023.7/bin/../lib/gcc/arm-none-eabi/12.2.1/thumb/v8-m.main+fp/hard\libnosys.a
END GROUP
START GROUP
LOAD d:/program files/simplicity studio/developer/toolchains/gnu_arm/12.2.rel1_2023.7/bin/../lib/gcc/arm-none-eabi/12.2.1/thumb/v8-m.main+fp/hard\libgcc.a
LOAD d:/program files/simplicity studio/developer/toolchains/gnu_arm/12.2.rel1_2023.7/bin/../lib/gcc/arm-none-eabi/12.2.1/thumb/v8-m.main+fp/hard\libg_nano.a
LOAD d:/program files/simplicity studio/developer/toolchains/gnu_arm/12.2.rel1_2023.7/bin/../lib/gcc/arm-none-eabi/12.2.1/thumb/v8-m.main+fp/hard\libc_nano.a
END GROUP
START GROUP
LOAD d:/program files/simplicity studio/developer/toolchains/gnu_arm/12.2.rel1_2023.7/bin/../lib/gcc/arm-none-eabi/12.2.1/thumb/v8-m.main+fp/hard\libgcc.a
LOAD d:/program files/simplicity studio/developer/toolchains/gnu_arm/12.2.rel1_2023.7/bin/../lib/gcc/arm-none-eabi/12.2.1/thumb/v8-m.main+fp/hard\libc_nano.a
END GROUP
LOAD d:/program files/simplicity studio/developer/toolchains/gnu_arm/12.2.rel1_2023.7/bin/../lib/gcc/arm-none-eabi/12.2.1/thumb/v8-m.main+fp/hard/crtend.o
LOAD d:/program files/simplicity studio/developer/toolchains/gnu_arm/12.2.rel1_2023.7/bin/../lib/gcc/arm-none-eabi/12.2.1/thumb/v8-m.main+fp/hard/crtn.o

.text           0x00000000     0x8408
                0x00000000                linker_vectors_begin = .
 *(.vectors)
 .vectors       0x00000000      0x140 ./gecko_sdk_4.2.6/platform/Device/SiliconLabs/BGM22/Source/startup_bgm22.o
                0x00000000                __Vectors
                0x00000140                linker_vectors_end = .
                0x00000140                __Vectors_End = .
                0x00000140                __Vectors_Size = (__Vectors_End - __Vectors)
                0x00000140                linker_code_begin = .
 *(SORT_BY_ALIGNMENT(.text*))
 .text          0x00000140        0x8 ./gecko_sdk_4.2.6/platform/service/udelay/src/sl_udelay_armv6m_gcc.o
                0x00000140                sli_delay_loop
 .text._dtoa_r  0x00000148      0xc54 d:/program files/simplicity studio/developer/toolchains/gnu_arm/12.2.rel1_2023.7/bin/../lib/gcc/arm-none-eabi/12.2.1/thumb/v8-m.main+fp/hard\libc_nano.a(libc_a-dtoa.o)
                0x00000148                _dtoa_r
 *fill*         0x00000d9c        0x4 
 .text.floor    0x00000da0      0x108 d:/program files/simplicity studio/developer/toolchains/gnu_arm/12.2.rel1_2023.7/bin/../lib/gcc/arm-none-eabi/12.2.1/thumb/v8-m.main+fp/hard\libm.a(libm_a-s_floor.o)
                0x00000da0                floor
 .text.deregister_tm_clones
                0x00000ea8       0x1c d:/program files/simplicity studio/developer/toolchains/gnu_arm/12.2.rel1_2023.7/bin/../lib/gcc/arm-none-eabi/12.2.1/thumb/v8-m.main+fp/hard/crtbegin.o
 .text.register_tm_clones
                0x00000ec4       0x28 d:/program files/simplicity studio/developer/toolchains/gnu_arm/12.2.rel1_2023.7/bin/../lib/gcc/arm-none-eabi/12.2.1/thumb/v8-m.main+fp/hard/crtbegin.o
 .text.__do_global_dtors_aux
                0x00000eec       0x28 d:/program files/simplicity studio/developer/toolchains/gnu_arm/12.2.rel1_2023.7/bin/../lib/gcc/arm-none-eabi/12.2.1/thumb/v8-m.main+fp/hard/crtbegin.o
 .text.frame_dummy
                0x00000f14       0x24 d:/program files/simplicity studio/developer/toolchains/gnu_arm/12.2.rel1_2023.7/bin/../lib/gcc/arm-none-eabi/12.2.1/thumb/v8-m.main+fp/hard/crtbegin.o
 .text          0x00000f38       0x7c d:/program files/simplicity studio/developer/toolchains/gnu_arm/12.2.rel1_2023.7/bin/../lib/gcc/arm-none-eabi/12.2.1/thumb/v8-m.main+fp/hard/crt0.o
                0x00000f38                _stack_init
                0x00000f40                _start
                0x00000f40                _mainCRTStartup
 .text.app_process_action
                0x00000fb4       0x40 ./app.o
                0x00000fb4                app_process_action
 .text.sl_device_init_clocks
                0x00000ff4       0x9c ./autogen/sl_device_init_clocks.o
                0x00000ff4                sl_device_init_clocks
 .text.sl_platform_init
                0x00001090       0x60 ./autogen/sl_event_handler.o
                0x00001090                sl_platform_init
 .text.sl_iostream_usart_init_vcom
                0x000010f0       0xa8 ./autogen/sl_iostream_init_usart_instances.o
                0x000010f0                sl_iostream_usart_init_vcom
 .text.sl_iostream_usart_init_instances
                0x00001198       0x1c ./autogen/sl_iostream_init_usart_instances.o
                0x00001198                sl_iostream_usart_init_instances
 .text.USART1_RX_IRQHandler
                0x000011b4        0xc ./autogen/sl_iostream_init_usart_instances.o
                0x000011b4                USART1_RX_IRQHandler
 .text.sl_simple_button_init_instances
                0x000011c0        0xc ./autogen/sl_simple_button_instances.o
                0x000011c0                sl_simple_button_init_instances
 .text.sl_simple_led_init_instances
                0x000011cc        0xc ./autogen/sl_simple_led_instances.o
                0x000011cc                sl_simple_led_init_instances
 .text.app_log_init
                0x000011d8       0x38 ./gecko_sdk_4.2.6/app/common/util/app_log/app_log.o
                0x000011d8                app_log_init
 .text.Reset_Handler
                0x00001210       0x60 ./gecko_sdk_4.2.6/platform/Device/SiliconLabs/BGM22/Source/startup_bgm22.o
                0x00001210                Reset_Handler
 .text.SystemInit
                0x00001270       0x64 ./gecko_sdk_4.2.6/platform/Device/SiliconLabs/BGM22/Source/system_bgm22.o
                0x00001270                SystemInit
 .text.SystemHFRCODPLLClockGet
                0x000012d4        0xc ./gecko_sdk_4.2.6/platform/Device/SiliconLabs/BGM22/Source/system_bgm22.o
                0x000012d4                SystemHFRCODPLLClockGet
 .text.SystemSYSCLKGet
                0x000012e0       0x34 ./gecko_sdk_4.2.6/platform/Device/SiliconLabs/BGM22/Source/system_bgm22.o
                0x000012e0                SystemSYSCLKGet
 .text.SystemHCLKGet
                0x00001314       0x24 ./gecko_sdk_4.2.6/platform/Device/SiliconLabs/BGM22/Source/system_bgm22.o
                0x00001314                SystemHCLKGet
 .text.SystemMaxCoreClockGet
                0x00001338        0x8 ./gecko_sdk_4.2.6/platform/Device/SiliconLabs/BGM22/Source/system_bgm22.o
                0x00001338                SystemMaxCoreClockGet
 .text.SystemHFXOClockGet
                0x00001340        0xc ./gecko_sdk_4.2.6/platform/Device/SiliconLabs/BGM22/Source/system_bgm22.o
                0x00001340                SystemHFXOClockGet
 .text.SystemHFXOClockSet
                0x0000134c       0x20 ./gecko_sdk_4.2.6/platform/Device/SiliconLabs/BGM22/Source/system_bgm22.o
                0x0000134c                SystemHFXOClockSet
 .text.SystemFSRCOClockGet
                0x0000136c        0x8 ./gecko_sdk_4.2.6/platform/Device/SiliconLabs/BGM22/Source/system_bgm22.o
                0x0000136c                SystemFSRCOClockGet
 .text.SystemLFXOClockGet
                0x00001374        0xc ./gecko_sdk_4.2.6/platform/Device/SiliconLabs/BGM22/Source/system_bgm22.o
                0x00001374                SystemLFXOClockGet
 .text._sbrk    0x00001380       0x20 ./gecko_sdk_4.2.6/platform/common/toolchain/src/sl_memory.o
                0x00001380                _sbrk
 .text.GPIO_PinInGet
                0x000013a0       0x44 ./gecko_sdk_4.2.6/platform/driver/button/src/sl_simple_button.o
 .text.sl_simple_button_init
                0x000013e4       0x6c ./gecko_sdk_4.2.6/platform/driver/button/src/sl_simple_button.o
                0x000013e4                sl_simple_button_init
 .text.GPIO_PinOutClear
                0x00001450       0x40 ./gecko_sdk_4.2.6/platform/driver/leddrv/src/sl_simple_led.o
 .text.GPIO_PinOutSet
                0x00001490       0x40 ./gecko_sdk_4.2.6/platform/driver/leddrv/src/sl_simple_led.o
 .text.sl_simple_led_toggle
                0x000014d0       0x40 ./gecko_sdk_4.2.6/platform/driver/leddrv/src/sl_simple_led.o
                0x000014d0                sl_simple_led_toggle
 .text.sl_simple_led_get_state
                0x00001510       0x4c ./gecko_sdk_4.2.6/platform/driver/leddrv/src/sl_simple_led.o
                0x00001510                sl_simple_led_get_state
 .text.StartTransfer
                0x0000155c      0x17c ./gecko_sdk_4.2.6/platform/emdrv/dmadrv/src/dmadrv.o
 .text.DMADRV_AllocateChannel
                0x000016d8       0x60 ./gecko_sdk_4.2.6/platform/emdrv/dmadrv/src/dmadrv.o
                0x000016d8                DMADRV_AllocateChannel
 .text.DMADRV_DeInit
                0x00001738       0x44 ./gecko_sdk_4.2.6/platform/emdrv/dmadrv/src/dmadrv.o
                0x00001738                DMADRV_DeInit
 .text.DMADRV_FreeChannel
                0x0000177c       0x4c ./gecko_sdk_4.2.6/platform/emdrv/dmadrv/src/dmadrv.o
                0x0000177c                DMADRV_FreeChannel
 .text.DMADRV_Init
                0x000017c8       0x68 ./gecko_sdk_4.2.6/platform/emdrv/dmadrv/src/dmadrv.o
                0x000017c8                DMADRV_Init
 .text.DMADRV_PauseTransfer
                0x00001830       0x40 ./gecko_sdk_4.2.6/platform/emdrv/dmadrv/src/dmadrv.o
                0x00001830                DMADRV_PauseTransfer
 .text.DMADRV_ResumeTransfer
                0x00001870       0x40 ./gecko_sdk_4.2.6/platform/emdrv/dmadrv/src/dmadrv.o
                0x00001870                DMADRV_ResumeTransfer
 .text.DMADRV_StopTransfer
                0x000018b0       0x40 ./gecko_sdk_4.2.6/platform/emdrv/dmadrv/src/dmadrv.o
                0x000018b0                DMADRV_StopTransfer
 .text.DMADRV_TransferCompletePending
                0x000018f0       0x50 ./gecko_sdk_4.2.6/platform/emdrv/dmadrv/src/dmadrv.o
                0x000018f0                DMADRV_TransferCompletePending
 .text.DMADRV_TransferDone
                0x00001940       0x44 ./gecko_sdk_4.2.6/platform/emdrv/dmadrv/src/dmadrv.o
                0x00001940                DMADRV_TransferDone
 .text.LDMA_IRQHandler
                0x00001984       0x74 ./gecko_sdk_4.2.6/platform/emdrv/dmadrv/src/dmadrv.o
                0x00001984                LDMA_IRQHandler
 .text.GPIOINT_IRQDispatcher
                0x000019f8       0x38 ./gecko_sdk_4.2.6/platform/emdrv/gpiointerrupt/src/gpiointerrupt.o
 .text.GPIOINT_Init
                0x00001a30       0x30 ./gecko_sdk_4.2.6/platform/emdrv/gpiointerrupt/src/gpiointerrupt.o
                0x00001a30                GPIOINT_Init
 .text.GPIOINT_CallbackRegister
                0x00001a60       0x24 ./gecko_sdk_4.2.6/platform/emdrv/gpiointerrupt/src/gpiointerrupt.o
                0x00001a60                GPIOINT_CallbackRegister
 .text.GPIOINT_CallbackRegisterExt
                0x00001a84       0x64 ./gecko_sdk_4.2.6/platform/emdrv/gpiointerrupt/src/gpiointerrupt.o
                0x00001a84                GPIOINT_CallbackRegisterExt
 .text.GPIO_EVEN_IRQHandler
                0x00001ae8       0x24 ./gecko_sdk_4.2.6/platform/emdrv/gpiointerrupt/src/gpiointerrupt.o
                0x00001ae8                GPIO_EVEN_IRQHandler
 .text.GPIO_ODD_IRQHandler
                0x00001b0c       0x24 ./gecko_sdk_4.2.6/platform/emdrv/gpiointerrupt/src/gpiointerrupt.o
                0x00001b0c                GPIO_ODD_IRQHandler
 .text.EMU_VScaleGet
                0x00001b30       0x18 ./gecko_sdk_4.2.6/platform/emlib/src/em_cmu.o
 .text.em01GrpaClkGet
                0x00001b48       0x54 ./gecko_sdk_4.2.6/platform/emlib/src/em_cmu.o
 .text.iadcClkGet
                0x00001b9c       0x54 ./gecko_sdk_4.2.6/platform/emlib/src/em_cmu.o
 .text.em01GrpbClkGet
                0x00001bf0       0x70 ./gecko_sdk_4.2.6/platform/emlib/src/em_cmu.o
 .text.em23GrpaClkGet
                0x00001c60       0x54 ./gecko_sdk_4.2.6/platform/emlib/src/em_cmu.o
 .text.wdog0ClkGet
                0x00001cb4       0x60 ./gecko_sdk_4.2.6/platform/emlib/src/em_cmu.o
 .text.rtccClkGet
                0x00001d14       0x54 ./gecko_sdk_4.2.6/platform/emlib/src/em_cmu.o
 .text.em4GrpaClkGet
                0x00001d68       0x54 ./gecko_sdk_4.2.6/platform/emlib/src/em_cmu.o
 .text.euart0ClkGet
                0x00001dbc       0x48 ./gecko_sdk_4.2.6/platform/emlib/src/em_cmu.o
 .text.CMU_ClockDivGet
                0x00001e04       0x84 ./gecko_sdk_4.2.6/platform/emlib/src/em_cmu.o
                0x00001e04                CMU_ClockDivGet
 .text.flashWaitStateControl
                0x00001e88       0x4c ./gecko_sdk_4.2.6/platform/emlib/src/em_cmu.o
 .text.CMU_ClockEnable
                0x00001ed4       0x54 ./gecko_sdk_4.2.6/platform/emlib/src/em_cmu.o
                0x00001ed4                CMU_ClockEnable
 .text.CMU_ClockFreqGet
                0x00001f28      0x198 ./gecko_sdk_4.2.6/platform/emlib/src/em_cmu.o
                0x00001f28                CMU_ClockFreqGet
 .text.rhclkPrescOptimize
                0x000020c0       0x20 ./gecko_sdk_4.2.6/platform/emlib/src/em_cmu.o
 .text.CMU_ClockSelectGet
                0x000020e0      0x168 ./gecko_sdk_4.2.6/platform/emlib/src/em_cmu.o
                0x000020e0                CMU_ClockSelectGet
 .text.sli_em_cmu_HFXOSetForceEnable
                0x00002248       0x18 ./gecko_sdk_4.2.6/platform/emlib/src/em_cmu.o
                0x00002248                sli_em_cmu_HFXOSetForceEnable
 .text.CMU_HFXOInit
                0x00002260      0x1dc ./gecko_sdk_4.2.6/platform/emlib/src/em_cmu.o
                0x00002260                CMU_HFXOInit
 .text.CMU_HFXOCTuneDeltaGet
                0x0000243c        0xc ./gecko_sdk_4.2.6/platform/emlib/src/em_cmu.o
                0x0000243c                CMU_HFXOCTuneDeltaGet
 .text.CMU_LFXOInit
                0x00002448       0xc4 ./gecko_sdk_4.2.6/platform/emlib/src/em_cmu.o
                0x00002448                CMU_LFXOInit
 .text.CMU_LFXOPrecisionSet
                0x0000250c        0xc ./gecko_sdk_4.2.6/platform/emlib/src/em_cmu.o
                0x0000250c                CMU_LFXOPrecisionSet
 .text.CMU_ClockDivSet
                0x00002518      0x104 ./gecko_sdk_4.2.6/platform/emlib/src/em_cmu.o
                0x00002518                CMU_ClockDivSet
 .text.sli_em_cmu_SYSCLKInitPreClockSelect
                0x0000261c       0x20 ./gecko_sdk_4.2.6/platform/emlib/src/em_cmu.o
                0x0000261c                sli_em_cmu_SYSCLKInitPreClockSelect
 .text.pclkDivOptimize
                0x0000263c       0x24 ./gecko_sdk_4.2.6/platform/emlib/src/em_cmu.o
 .text.CMU_ClockSelectSet
                0x00002660      0x3b8 ./gecko_sdk_4.2.6/platform/emlib/src/em_cmu.o
                0x00002660                CMU_ClockSelectSet
 .text.CORE_NvicIRQDisabled
                0x00002a18       0x34 ./gecko_sdk_4.2.6/platform/emlib/src/em_core.o
                0x00002a18                CORE_NvicIRQDisabled
 .text.EMU_EM4Init
                0x00002a4c       0x14 ./gecko_sdk_4.2.6/platform/emlib/src/em_emu.o
                0x00002a4c                EMU_EM4Init
 .text.EMU_VScaleEM01
                0x00002a60       0xa8 ./gecko_sdk_4.2.6/platform/emlib/src/em_emu.o
                0x00002a60                EMU_VScaleEM01
 .text.EMU_VScaleEM01ByClock
                0x00002b08       0x30 ./gecko_sdk_4.2.6/platform/emlib/src/em_emu.o
                0x00002b08                EMU_VScaleEM01ByClock
 .text.EMU_DCDCModeSet
                0x00002b38       0x78 ./gecko_sdk_4.2.6/platform/emlib/src/em_emu.o
                0x00002b38                EMU_DCDCModeSet
 .text.EMU_DCDCInit
                0x00002bb0       0x74 ./gecko_sdk_4.2.6/platform/emlib/src/em_emu.o
                0x00002bb0                EMU_DCDCInit
 .text.BUS_RegBitWrite
                0x00002c24       0x2c ./gecko_sdk_4.2.6/platform/emlib/src/em_gpio.o
 .text.GPIO_PinOutSet
                0x00002c50       0x40 ./gecko_sdk_4.2.6/platform/emlib/src/em_gpio.o
 .text.GPIO_PinOutClear
                0x00002c90       0x40 ./gecko_sdk_4.2.6/platform/emlib/src/em_gpio.o
 .text.GPIO_ExtIntConfig
                0x00002cd0       0xe0 ./gecko_sdk_4.2.6/platform/emlib/src/em_gpio.o
                0x00002cd0                GPIO_ExtIntConfig
 .text.GPIO_PinModeSet
                0x00002db0       0x90 ./gecko_sdk_4.2.6/platform/emlib/src/em_gpio.o
                0x00002db0                GPIO_PinModeSet
 .text.IADC_updateSingleInput
                0x00002e40       0x54 ./gecko_sdk_4.2.6/platform/emlib/src/em_iadc.o
                0x00002e40                IADC_updateSingleInput
 .text.IADC_initSingle
                0x00002e94       0x84 ./gecko_sdk_4.2.6/platform/emlib/src/em_iadc.o
                0x00002e94                IADC_initSingle
 .text.IADC_reset
                0x00002f18       0xc8 ./gecko_sdk_4.2.6/platform/emlib/src/em_iadc.o
                0x00002f18                IADC_reset
 .text.IADC_calcTimebase
                0x00002fe0       0x64 ./gecko_sdk_4.2.6/platform/emlib/src/em_iadc.o
                0x00002fe0                IADC_calcTimebase
 .text.IADC_calcSrcClkPrescale
                0x00003044       0x64 ./gecko_sdk_4.2.6/platform/emlib/src/em_iadc.o
                0x00003044                IADC_calcSrcClkPrescale
 .text.IADC_calcAdcClkPrescale
                0x000030a8       0x74 ./gecko_sdk_4.2.6/platform/emlib/src/em_iadc.o
                0x000030a8                IADC_calcAdcClkPrescale
 .text.IADC_init
                0x0000311c      0x374 ./gecko_sdk_4.2.6/platform/emlib/src/em_iadc.o
                0x0000311c                IADC_init
 .text.LDMA_DeInit
                0x00003490       0x3c ./gecko_sdk_4.2.6/platform/emlib/src/em_ldma.o
                0x00003490                LDMA_DeInit
 .text.LDMA_EnableChannelRequest
                0x000034cc       0x40 ./gecko_sdk_4.2.6/platform/emlib/src/em_ldma.o
                0x000034cc                LDMA_EnableChannelRequest
 .text.LDMA_Init
                0x0000350c       0x94 ./gecko_sdk_4.2.6/platform/emlib/src/em_ldma.o
                0x0000350c                LDMA_Init
 .text.LDMA_StartTransfer
                0x000035a0      0x100 ./gecko_sdk_4.2.6/platform/emlib/src/em_ldma.o
                0x000035a0                LDMA_StartTransfer
 .text.LDMA_StopTransfer
                0x000036a0       0x38 ./gecko_sdk_4.2.6/platform/emlib/src/em_ldma.o
                0x000036a0                LDMA_StopTransfer
 .text.LDMA_TransferDone
                0x000036d8       0x44 ./gecko_sdk_4.2.6/platform/emlib/src/em_ldma.o
                0x000036d8                LDMA_TransferDone
 .text.RTCC_ChannelInit
                0x0000371c       0x48 ./gecko_sdk_4.2.6/platform/emlib/src/em_rtcc.o
                0x0000371c                RTCC_ChannelInit
 .text.RTCC_Enable
                0x00003764       0x54 ./gecko_sdk_4.2.6/platform/emlib/src/em_rtcc.o
                0x00003764                RTCC_Enable
 .text.RTCC_Init
                0x000037b8       0x48 ./gecko_sdk_4.2.6/platform/emlib/src/em_rtcc.o
                0x000037b8                RTCC_Init
 .text.SYSTEM_ChipRevisionGet
                0x00003800       0x24 ./gecko_sdk_4.2.6/platform/emlib/src/em_system.o
                0x00003800                SYSTEM_ChipRevisionGet
 .text.USART_BaudrateAsyncSet
                0x00003824       0xe0 ./gecko_sdk_4.2.6/platform/emlib/src/em_usart.o
                0x00003824                USART_BaudrateAsyncSet
 .text.USART_Enable
                0x00003904       0x44 ./gecko_sdk_4.2.6/platform/emlib/src/em_usart.o
                0x00003904                USART_Enable
 .text.USART_Reset
                0x00003948       0x70 ./gecko_sdk_4.2.6/platform/emlib/src/em_usart.o
                0x00003948                USART_Reset
 .text.USART_InitAsync
                0x000039b8      0x124 ./gecko_sdk_4.2.6/platform/emlib/src/em_usart.o
                0x000039b8                USART_InitAsync
 .text.sl_device_init_dcdc
                0x00003adc       0x20 ./gecko_sdk_4.2.6/platform/service/device_init/src/sl_device_init_dcdc_s2.o
                0x00003adc                sl_device_init_dcdc
 .text.sl_device_init_emu
                0x00003afc       0x24 ./gecko_sdk_4.2.6/platform/service/device_init/src/sl_device_init_emu_s2.o
                0x00003afc                sl_device_init_emu
 .text.sl_device_init_hfxo
                0x00003b20       0x6c ./gecko_sdk_4.2.6/platform/service/device_init/src/sl_device_init_hfxo_s2.o
                0x00003b20                sl_device_init_hfxo
 .text.sl_device_init_lfxo
                0x00003b8c       0x2c ./gecko_sdk_4.2.6/platform/service/device_init/src/sl_device_init_lfxo_s2.o
                0x00003b8c                sl_device_init_lfxo
 .text.sl_device_init_nvic
                0x00003bb8       0x3c ./gecko_sdk_4.2.6/platform/service/device_init/src/sl_device_init_nvic.o
                0x00003bb8                sl_device_init_nvic
 .text.sl_iostream_set_default
                0x00003bf4       0x18 ./gecko_sdk_4.2.6/platform/service/iostream/src/sl_iostream.o
                0x00003bf4                sl_iostream_set_default
 .text.sl_iostream_get_default
                0x00003c0c       0x18 ./gecko_sdk_4.2.6/platform/service/iostream/src/sl_iostream.o
                0x00003c0c                sl_iostream_get_default
 .text._write   0x00003c24       0x1c ./gecko_sdk_4.2.6/platform/service/iostream/src/sl_iostream_retarget_stdio.o
                0x00003c24                _write
 .text.sl_iostream_stdlib_disable_buffering
                0x00003c40       0x14 ./gecko_sdk_4.2.6/platform/service/iostream/src/sl_iostream_stdlib_config.o
                0x00003c40                sl_iostream_stdlib_disable_buffering
 .text.get_write_ptr
                0x00003c54       0x40 ./gecko_sdk_4.2.6/platform/service/iostream/src/sl_iostream_uart.o
 .text.dma_irq_handler
                0x00003c94       0x74 ./gecko_sdk_4.2.6/platform/service/iostream/src/sl_iostream_uart.o
 .text.uart_read
                0x00003d08      0x1f4 ./gecko_sdk_4.2.6/platform/service/iostream/src/sl_iostream_uart.o
 .text.uart_deinit
                0x00003efc       0x98 ./gecko_sdk_4.2.6/platform/service/iostream/src/sl_iostream_uart.o
 .text.uart_write
                0x00003f94       0xc0 ./gecko_sdk_4.2.6/platform/service/iostream/src/sl_iostream_uart.o
 .text.sli_iostream_uart_context_init
                0x00004054       0xf8 ./gecko_sdk_4.2.6/platform/service/iostream/src/sl_iostream_uart.o
                0x00004054                sli_iostream_uart_context_init
 .text.sl_iostream_usart_init
                0x0000414c      0x174 ./gecko_sdk_4.2.6/platform/service/iostream/src/sl_iostream_usart.o
                0x0000414c                sl_iostream_usart_init
 .text.delta_list_insert_timer
                0x000042c0       0x40 ./gecko_sdk_4.2.6/platform/service/sleeptimer/src/sl_sleeptimer.o
 .text.update_delta_list
                0x00004300       0x34 ./gecko_sdk_4.2.6/platform/service/sleeptimer/src/sl_sleeptimer.o
 .text.set_comparator_for_next_timer
                0x00004334       0x5c ./gecko_sdk_4.2.6/platform/service/sleeptimer/src/sl_sleeptimer.o
 .text.delta_list_remove_timer
                0x00004390       0x38 ./gecko_sdk_4.2.6/platform/service/sleeptimer/src/sl_sleeptimer.o
 .text.sl_sleeptimer_init
                0x000043c8       0x74 ./gecko_sdk_4.2.6/platform/service/sleeptimer/src/sl_sleeptimer.o
                0x000043c8                sl_sleeptimer_init
 .text.process_timer_irq
                0x0000443c      0x150 ./gecko_sdk_4.2.6/platform/service/sleeptimer/src/sl_sleeptimer.o
                0x0000443c                process_timer_irq
 .text.sleeptimer_hal_init_timer
                0x0000458c       0x88 ./gecko_sdk_4.2.6/platform/service/sleeptimer/src/sl_sleeptimer_hal_rtcc.o
                0x0000458c                sleeptimer_hal_init_timer
 .text.sleeptimer_hal_set_compare
                0x00004614       0x64 ./gecko_sdk_4.2.6/platform/service/sleeptimer/src/sl_sleeptimer_hal_rtcc.o
                0x00004614                sleeptimer_hal_set_compare
 .text.sleeptimer_hal_disable_int
                0x00004678       0x30 ./gecko_sdk_4.2.6/platform/service/sleeptimer/src/sl_sleeptimer_hal_rtcc.o
                0x00004678                sleeptimer_hal_disable_int
 .text.sleeptimer_hal_set_int
                0x000046a8       0x10 ./gecko_sdk_4.2.6/platform/service/sleeptimer/src/sl_sleeptimer_hal_rtcc.o
                0x000046a8                sleeptimer_hal_set_int
 .text.RTCC_IRQHandler
                0x000046b8       0x34 ./gecko_sdk_4.2.6/platform/service/sleeptimer/src/sl_sleeptimer_hal_rtcc.o
                0x000046b8                RTCC_IRQHandler
 .text.sl_udelay_wait
                0x000046ec       0x58 ./gecko_sdk_4.2.6/platform/service/udelay/src/sl_udelay.o
                0x000046ec                sl_udelay_wait
 .text.hal_adc_init
                0x00004744      0x1b4 ./third_party_hw_drivers_2.0.2/driver/peripheral_drivers/mikroe/src/drv_analog_in.o
 .text.analog_in_configure_default
                0x000048f8       0x14 ./third_party_hw_drivers_2.0.2/driver/peripheral_drivers/mikroe/src/drv_analog_in.o
                0x000048f8                analog_in_configure_default
 .text.analog_in_open
                0x0000490c       0x2c ./third_party_hw_drivers_2.0.2/driver/peripheral_drivers/mikroe/src/drv_analog_in.o
                0x0000490c                analog_in_open
 .text.analog_in_set_resolution
                0x00004938       0x14 ./third_party_hw_drivers_2.0.2/driver/peripheral_drivers/mikroe/src/drv_analog_in.o
                0x00004938                analog_in_set_resolution
 .text.analog_in_set_vref_value
                0x0000494c       0x28 ./third_party_hw_drivers_2.0.2/driver/peripheral_drivers/mikroe/src/drv_analog_in.o
                0x0000494c                analog_in_set_vref_value
 .text.mikroe_mq7_init
                0x00004974       0x34 ./third_party_hw_drivers_2.0.2/driver/public/mikroe/co_mq7/src/mikroe_mq7.o
                0x00004974                mikroe_mq7_init
 .text.co_cfg_setup
                0x000049a8       0x14 ./third_party_hw_drivers_2.0.2/driver/thirdparty/mikrosdk_click_v2/clicks/co/lib/src/co.o
                0x000049a8                co_cfg_setup
 .text.dht11_init
                0x000049bc       0x4c ./userlibrary/dht11.o
                0x000049bc                dht11_init
 .text.dht11_out_pin_read_digital
                0x00004a08       0x50 ./userlibrary/dht11.o
                0x00004a08                dht11_out_pin_read_digital
 .text.mq2_init
                0x00004a58        0xc ./userlibrary/mq2.o
                0x00004a58                mq2_init
 .text          0x00004a64      0x378 d:/program files/simplicity studio/developer/toolchains/gnu_arm/12.2.rel1_2023.7/bin/../lib/gcc/arm-none-eabi/12.2.1/thumb/v8-m.main+fp/hard\libgcc.a(_arm_addsubdf3.o)
                0x00004a64                __aeabi_drsub
                0x00004a6c                __aeabi_dsub
                0x00004a6c                __subdf3
                0x00004a70                __aeabi_dadd
                0x00004a70                __adddf3
                0x00004ce8                __floatunsidf
                0x00004ce8                __aeabi_ui2d
                0x00004d08                __floatsidf
                0x00004d08                __aeabi_i2d
                0x00004d2c                __aeabi_f2d
                0x00004d2c                __extendsfdf2
                0x00004d70                __floatundidf
                0x00004d70                __aeabi_ul2d
                0x00004d80                __floatdidf
                0x00004d80                __aeabi_l2d
 .text          0x00004ddc       0x40 d:/program files/simplicity studio/developer/toolchains/gnu_arm/12.2.rel1_2023.7/bin/../lib/gcc/arm-none-eabi/12.2.1/thumb/v8-m.main+fp/hard\libgcc.a(_arm_fixunsdfsi.o)
                0x00004ddc                __aeabi_d2uiz
                0x00004ddc                __fixunsdfsi
 .text          0x00004e1c       0x30 d:/program files/simplicity studio/developer/toolchains/gnu_arm/12.2.rel1_2023.7/bin/../lib/gcc/arm-none-eabi/12.2.1/thumb/v8-m.main+fp/hard\libgcc.a(_aeabi_uldivmod.o)
                0x00004e1c                __aeabi_uldivmod
 .text.__udivmoddi4
                0x00004e4c      0x2ec d:/program files/simplicity studio/developer/toolchains/gnu_arm/12.2.rel1_2023.7/bin/../lib/gcc/arm-none-eabi/12.2.1/thumb/v8-m.main+fp/hard\libgcc.a(_udivmoddi4.o)
                0x00004e4c                __udivmoddi4
 .text          0x00005138        0x4 d:/program files/simplicity studio/developer/toolchains/gnu_arm/12.2.rel1_2023.7/bin/../lib/gcc/arm-none-eabi/12.2.1/thumb/v8-m.main+fp/hard\libgcc.a(_dvmd_tls.o)
                0x00005138                __aeabi_idiv0
                0x00005138                __aeabi_ldiv0
 .text.exit     0x0000513c       0x24 d:/program files/simplicity studio/developer/toolchains/gnu_arm/12.2.rel1_2023.7/bin/../lib/gcc/arm-none-eabi/12.2.1/thumb/v8-m.main+fp/hard\libc_nano.a(libc_a-exit.o)
                0x0000513c                exit
 .text._printf_float
                0x00005160      0x468 d:/program files/simplicity studio/developer/toolchains/gnu_arm/12.2.rel1_2023.7/bin/../lib/gcc/arm-none-eabi/12.2.1/thumb/v8-m.main+fp/hard\libc_nano.a(libc_a-nano-vfprintf_float.o)
                0x00005160                _printf_float
 .text._printf_i
                0x000055c8      0x258 d:/program files/simplicity studio/developer/toolchains/gnu_arm/12.2.rel1_2023.7/bin/../lib/gcc/arm-none-eabi/12.2.1/thumb/v8-m.main+fp/hard\libc_nano.a(libc_a-nano-vfprintf_i.o)
                0x000055c8                _printf_i
 .text.std      0x00005820       0x6c d:/program files/simplicity studio/developer/toolchains/gnu_arm/12.2.rel1_2023.7/bin/../lib/gcc/arm-none-eabi/12.2.1/thumb/v8-m.main+fp/hard\libc_nano.a(libc_a-findfp.o)
 .text.stdio_exit_handler
                0x0000588c       0x18 d:/program files/simplicity studio/developer/toolchains/gnu_arm/12.2.rel1_2023.7/bin/../lib/gcc/arm-none-eabi/12.2.1/thumb/v8-m.main+fp/hard\libc_nano.a(libc_a-findfp.o)
 .text.cleanup_stdio
                0x000058a4       0x40 d:/program files/simplicity studio/developer/toolchains/gnu_arm/12.2.rel1_2023.7/bin/../lib/gcc/arm-none-eabi/12.2.1/thumb/v8-m.main+fp/hard\libc_nano.a(libc_a-findfp.o)
 .text.global_stdio_init.part.0
                0x000058e4       0x3c d:/program files/simplicity studio/developer/toolchains/gnu_arm/12.2.rel1_2023.7/bin/../lib/gcc/arm-none-eabi/12.2.1/thumb/v8-m.main+fp/hard\libc_nano.a(libc_a-findfp.o)
 .text.__sfp_lock_acquire
                0x00005920        0xc d:/program files/simplicity studio/developer/toolchains/gnu_arm/12.2.rel1_2023.7/bin/../lib/gcc/arm-none-eabi/12.2.1/thumb/v8-m.main+fp/hard\libc_nano.a(libc_a-findfp.o)
                0x00005920                __sfp_lock_acquire
 .text.__sfp_lock_release
                0x0000592c        0xc d:/program files/simplicity studio/developer/toolchains/gnu_arm/12.2.rel1_2023.7/bin/../lib/gcc/arm-none-eabi/12.2.1/thumb/v8-m.main+fp/hard\libc_nano.a(libc_a-findfp.o)
                0x0000592c                __sfp_lock_release
 .text.__sinit  0x00005938       0x30 d:/program files/simplicity studio/developer/toolchains/gnu_arm/12.2.rel1_2023.7/bin/../lib/gcc/arm-none-eabi/12.2.1/thumb/v8-m.main+fp/hard\libc_nano.a(libc_a-findfp.o)
                0x00005938                __sinit
 .text.setvbuf  0x00005968      0x168 d:/program files/simplicity studio/developer/toolchains/gnu_arm/12.2.rel1_2023.7/bin/../lib/gcc/arm-none-eabi/12.2.1/thumb/v8-m.main+fp/hard\libc_nano.a(libc_a-setvbuf.o)
                0x00005968                setvbuf
 .text.vprintf  0x00005ad0       0x14 d:/program files/simplicity studio/developer/toolchains/gnu_arm/12.2.rel1_2023.7/bin/../lib/gcc/arm-none-eabi/12.2.1/thumb/v8-m.main+fp/hard\libc_nano.a(libc_a-vprintf.o)
                0x00005ad0                viprintf
                0x00005ad0                vprintf
 .text._localeconv_r
                0x00005ae4        0x8 d:/program files/simplicity studio/developer/toolchains/gnu_arm/12.2.rel1_2023.7/bin/../lib/gcc/arm-none-eabi/12.2.1/thumb/v8-m.main+fp/hard\libc_nano.a(libc_a-localeconv.o)
                0x00005ae4                _localeconv_r
 .text._close_r
                0x00005aec       0x20 d:/program files/simplicity studio/developer/toolchains/gnu_arm/12.2.rel1_2023.7/bin/../lib/gcc/arm-none-eabi/12.2.1/thumb/v8-m.main+fp/hard\libc_nano.a(libc_a-closer.o)
                0x00005aec                _close_r
 .text._lseek_r
                0x00005b0c       0x24 d:/program files/simplicity studio/developer/toolchains/gnu_arm/12.2.rel1_2023.7/bin/../lib/gcc/arm-none-eabi/12.2.1/thumb/v8-m.main+fp/hard\libc_nano.a(libc_a-lseekr.o)
                0x00005b0c                _lseek_r
 .text._read_r  0x00005b30       0x24 d:/program files/simplicity studio/developer/toolchains/gnu_arm/12.2.rel1_2023.7/bin/../lib/gcc/arm-none-eabi/12.2.1/thumb/v8-m.main+fp/hard\libc_nano.a(libc_a-readr.o)
                0x00005b30                _read_r
 .text._write_r
                0x00005b54       0x24 d:/program files/simplicity studio/developer/toolchains/gnu_arm/12.2.rel1_2023.7/bin/../lib/gcc/arm-none-eabi/12.2.1/thumb/v8-m.main+fp/hard\libc_nano.a(libc_a-writer.o)
                0x00005b54                _write_r
 .text.__libc_init_array
                0x00005b78       0x48 d:/program files/simplicity studio/developer/toolchains/gnu_arm/12.2.rel1_2023.7/bin/../lib/gcc/arm-none-eabi/12.2.1/thumb/v8-m.main+fp/hard\libc_nano.a(libc_a-init.o)
                0x00005b78                __libc_init_array
 .text._free_r  0x00005bc0       0x94 d:/program files/simplicity studio/developer/toolchains/gnu_arm/12.2.rel1_2023.7/bin/../lib/gcc/arm-none-eabi/12.2.1/thumb/v8-m.main+fp/hard\libc_nano.a(libc_a-freer.o)
                0x00005bc0                _free_r
 .text.malloc   0x00005c54       0x10 d:/program files/simplicity studio/developer/toolchains/gnu_arm/12.2.rel1_2023.7/bin/../lib/gcc/arm-none-eabi/12.2.1/thumb/v8-m.main+fp/hard\libc_nano.a(libc_a-malloc.o)
                0x00005c54                malloc
 .text.sbrk_aligned
                0x00005c64       0x44 d:/program files/simplicity studio/developer/toolchains/gnu_arm/12.2.rel1_2023.7/bin/../lib/gcc/arm-none-eabi/12.2.1/thumb/v8-m.main+fp/hard\libc_nano.a(libc_a-mallocr.o)
 .text._malloc_r
                0x00005ca8       0xf0 d:/program files/simplicity studio/developer/toolchains/gnu_arm/12.2.rel1_2023.7/bin/../lib/gcc/arm-none-eabi/12.2.1/thumb/v8-m.main+fp/hard\libc_nano.a(libc_a-mallocr.o)
                0x00005ca8                _malloc_r
 .text.__malloc_lock
                0x00005d98        0xc d:/program files/simplicity studio/developer/toolchains/gnu_arm/12.2.rel1_2023.7/bin/../lib/gcc/arm-none-eabi/12.2.1/thumb/v8-m.main+fp/hard\libc_nano.a(libc_a-mlock.o)
                0x00005d98                __malloc_lock
 .text.__malloc_unlock
                0x00005da4        0xc d:/program files/simplicity studio/developer/toolchains/gnu_arm/12.2.rel1_2023.7/bin/../lib/gcc/arm-none-eabi/12.2.1/thumb/v8-m.main+fp/hard\libc_nano.a(libc_a-mlock.o)
                0x00005da4                __malloc_unlock
 .text._Balloc  0x00005db0       0x80 d:/program files/simplicity studio/developer/toolchains/gnu_arm/12.2.rel1_2023.7/bin/../lib/gcc/arm-none-eabi/12.2.1/thumb/v8-m.main+fp/hard\libc_nano.a(libc_a-mprec.o)
                0x00005db0                _Balloc
 .text._Bfree   0x00005e30       0x44 d:/program files/simplicity studio/developer/toolchains/gnu_arm/12.2.rel1_2023.7/bin/../lib/gcc/arm-none-eabi/12.2.1/thumb/v8-m.main+fp/hard\libc_nano.a(libc_a-mprec.o)
                0x00005e30                _Bfree
 .text.__multadd
                0x00005e74       0x90 d:/program files/simplicity studio/developer/toolchains/gnu_arm/12.2.rel1_2023.7/bin/../lib/gcc/arm-none-eabi/12.2.1/thumb/v8-m.main+fp/hard\libc_nano.a(libc_a-mprec.o)
                0x00005e74                __multadd
 .text.__i2b    0x00005f04       0x2c d:/program files/simplicity studio/developer/toolchains/gnu_arm/12.2.rel1_2023.7/bin/../lib/gcc/arm-none-eabi/12.2.1/thumb/v8-m.main+fp/hard\libc_nano.a(libc_a-mprec.o)
                0x00005f04                __i2b
 .text.__multiply
                0x00005f30      0x154 d:/program files/simplicity studio/developer/toolchains/gnu_arm/12.2.rel1_2023.7/bin/../lib/gcc/arm-none-eabi/12.2.1/thumb/v8-m.main+fp/hard\libc_nano.a(libc_a-mprec.o)
                0x00005f30                __multiply
 .text.__pow5mult
                0x00006084       0xb4 d:/program files/simplicity studio/developer/toolchains/gnu_arm/12.2.rel1_2023.7/bin/../lib/gcc/arm-none-eabi/12.2.1/thumb/v8-m.main+fp/hard\libc_nano.a(libc_a-mprec.o)
                0x00006084                __pow5mult
 .text.__lshift
                0x00006138       0xd8 d:/program files/simplicity studio/developer/toolchains/gnu_arm/12.2.rel1_2023.7/bin/../lib/gcc/arm-none-eabi/12.2.1/thumb/v8-m.main+fp/hard\libc_nano.a(libc_a-mprec.o)
                0x00006138                __lshift
 .text.__mdiff  0x00006210      0x130 d:/program files/simplicity studio/developer/toolchains/gnu_arm/12.2.rel1_2023.7/bin/../lib/gcc/arm-none-eabi/12.2.1/thumb/v8-m.main+fp/hard\libc_nano.a(libc_a-mprec.o)
                0x00006210                __mdiff
 .text.__d2b    0x00006340       0xb0 d:/program files/simplicity studio/developer/toolchains/gnu_arm/12.2.rel1_2023.7/bin/../lib/gcc/arm-none-eabi/12.2.1/thumb/v8-m.main+fp/hard\libc_nano.a(libc_a-mprec.o)
                0x00006340                __d2b
 .text._vfprintf_r
                0x000063f0      0x230 d:/program files/simplicity studio/developer/toolchains/gnu_arm/12.2.rel1_2023.7/bin/../lib/gcc/arm-none-eabi/12.2.1/thumb/v8-m.main+fp/hard\libc_nano.a(libc_a-nano-vfprintf.o)
                0x000063f0                _vfprintf_r
                0x000063f0                _vfiprintf_r
 .text.__swsetup_r
                0x00006620       0xac d:/program files/simplicity studio/developer/toolchains/gnu_arm/12.2.rel1_2023.7/bin/../lib/gcc/arm-none-eabi/12.2.1/thumb/v8-m.main+fp/hard\libc_nano.a(libc_a-wsetup.o)
                0x00006620                __swsetup_r
 .text._fstat_r
                0x000066cc       0x24 d:/program files/simplicity studio/developer/toolchains/gnu_arm/12.2.rel1_2023.7/bin/../lib/gcc/arm-none-eabi/12.2.1/thumb/v8-m.main+fp/hard\libc_nano.a(libc_a-fstatr.o)
                0x000066cc                _fstat_r
 .text._isatty_r
                0x000066f0       0x20 d:/program files/simplicity studio/developer/toolchains/gnu_arm/12.2.rel1_2023.7/bin/../lib/gcc/arm-none-eabi/12.2.1/thumb/v8-m.main+fp/hard\libc_nano.a(libc_a-isattyr.o)
                0x000066f0                _isatty_r
 .text._sbrk_r  0x00006710       0x20 d:/program files/simplicity studio/developer/toolchains/gnu_arm/12.2.rel1_2023.7/bin/../lib/gcc/arm-none-eabi/12.2.1/thumb/v8-m.main+fp/hard\libc_nano.a(libc_a-sbrkr.o)
                0x00006710                _sbrk_r
 .text.__assert_func
                0x00006730       0x3c d:/program files/simplicity studio/developer/toolchains/gnu_arm/12.2.rel1_2023.7/bin/../lib/gcc/arm-none-eabi/12.2.1/thumb/v8-m.main+fp/hard\libc_nano.a(libc_a-assert.o)
                0x00006730                __assert_func
 .text.fprintf  0x0000676c       0x24 d:/program files/simplicity studio/developer/toolchains/gnu_arm/12.2.rel1_2023.7/bin/../lib/gcc/arm-none-eabi/12.2.1/thumb/v8-m.main+fp/hard\libc_nano.a(libc_a-fprintf.o)
                0x0000676c                fiprintf
                0x0000676c                fprintf
 .text.raise    0x00006790       0x10 d:/program files/simplicity studio/developer/toolchains/gnu_arm/12.2.rel1_2023.7/bin/../lib/gcc/arm-none-eabi/12.2.1/thumb/v8-m.main+fp/hard\libc_nano.a(libc_a-signal.o)
                0x00006790                raise
 .text._kill_r  0x000067a0       0x24 d:/program files/simplicity studio/developer/toolchains/gnu_arm/12.2.rel1_2023.7/bin/../lib/gcc/arm-none-eabi/12.2.1/thumb/v8-m.main+fp/hard\libc_nano.a(libc_a-signalr.o)
                0x000067a0                _kill_r
 .text          0x000067c4      0x424 d:/program files/simplicity studio/developer/toolchains/gnu_arm/12.2.rel1_2023.7/bin/../lib/gcc/arm-none-eabi/12.2.1/thumb/v8-m.main+fp/hard\libgcc.a(_arm_muldivdf3.o)
                0x000067c4                __aeabi_dmul
                0x000067c4                __muldf3
                0x00006a18                __divdf3
                0x00006a18                __aeabi_ddiv
 .text          0x00006be8      0x110 d:/program files/simplicity studio/developer/toolchains/gnu_arm/12.2.rel1_2023.7/bin/../lib/gcc/arm-none-eabi/12.2.1/thumb/v8-m.main+fp/hard\libgcc.a(_arm_cmpdf2.o)
                0x00006be8                __gtdf2
                0x00006be8                __gedf2
                0x00006bf0                __ltdf2
                0x00006bf0                __ledf2
                0x00006bf8                __nedf2
                0x00006bf8                __eqdf2
                0x00006bf8                __cmpdf2
                0x00006c74                __aeabi_cdrcmple
                0x00006c84                __aeabi_cdcmpeq
                0x00006c84                __aeabi_cdcmple
                0x00006c94                __aeabi_dcmpeq
                0x00006ca8                __aeabi_dcmplt
                0x00006cbc                __aeabi_dcmple
                0x00006cd0                __aeabi_dcmpge
                0x00006ce4                __aeabi_dcmpgt
 .text          0x00006cf8       0x2c d:/program files/simplicity studio/developer/toolchains/gnu_arm/12.2.rel1_2023.7/bin/../lib/gcc/arm-none-eabi/12.2.1/thumb/v8-m.main+fp/hard\libgcc.a(_arm_unorddf2.o)
                0x00006cf8                __unorddf2
                0x00006cf8                __aeabi_dcmpun
 .text          0x00006d24       0x50 d:/program files/simplicity studio/developer/toolchains/gnu_arm/12.2.rel1_2023.7/bin/../lib/gcc/arm-none-eabi/12.2.1/thumb/v8-m.main+fp/hard\libgcc.a(_arm_fixdfsi.o)
                0x00006d24                __aeabi_d2iz
                0x00006d24                __fixdfsi
 .text.app_init
                0x00006d74        0x4 ./app.o
                0x00006d74                app_init
 .text.startup.main
                0x00006d78       0x14 ./main.o
                0x00006d78                main
 .text.sl_board_default_init
                0x00006d8c        0x2 ./autogen/sl_board_default_init.o
                0x00006d8c                sl_board_default_init
 .text.sl_driver_init
                0x00006d8e       0x12 ./autogen/sl_event_handler.o
                0x00006d8e                sl_driver_init
 .text.sl_service_init
                0x00006da0       0x16 ./autogen/sl_event_handler.o
                0x00006da0                sl_service_init
 .text.sl_stack_init
                0x00006db6        0x2 ./autogen/sl_event_handler.o
                0x00006db6                sl_stack_init
 .text.sl_internal_app_init
                0x00006db8        0x4 ./autogen/sl_event_handler.o
                0x00006db8                sl_internal_app_init
 .text.sl_platform_process_action
                0x00006dbc        0x2 ./autogen/sl_event_handler.o
                0x00006dbc                sl_platform_process_action
 .text.sl_service_process_action
                0x00006dbe        0x2 ./autogen/sl_event_handler.o
                0x00006dbe                sl_service_process_action
 .text.sl_stack_process_action
                0x00006dc0        0x2 ./autogen/sl_event_handler.o
                0x00006dc0                sl_stack_process_action
 .text.sl_internal_app_process_action
                0x00006dc2        0x2 ./autogen/sl_event_handler.o
                0x00006dc2                sl_internal_app_process_action
 .text.USART1_TX_IRQHandler
                0x00006dc4        0x4 ./autogen/sl_iostream_init_usart_instances.o
                0x00006dc4                USART1_TX_IRQHandler
 .text._app_log_time
                0x00006dc8        0x2 ./gecko_sdk_4.2.6/app/common/util/app_log/app_log.o
                0x00006dc8                _app_log_time
 .text._app_log_counter
                0x00006dca        0x2 ./gecko_sdk_4.2.6/app/common/util/app_log/app_log.o
                0x00006dca                _app_log_counter
 .text.sl_board_configure_vcom
                0x00006dcc        0x4 ./gecko_sdk_4.2.6/hardware/board/src/sl_board_control_gpio.o
                0x00006dcc                sl_board_configure_vcom
 .text.sl_board_init
                0x00006dd0       0x12 ./gecko_sdk_4.2.6/hardware/board/src/sl_board_init.o
                0x00006dd0                sl_board_init
 .text.sl_board_preinit
                0x00006de2        0x8 ./gecko_sdk_4.2.6/hardware/board/src/sl_board_init.o
                0x00006de2                sl_board_preinit
 .text.Default_Handler
                0x00006dea        0x2 ./gecko_sdk_4.2.6/platform/Device/SiliconLabs/BGM22/Source/startup_bgm22.o
                0x00006dea                ULFRCO_IRQHandler
                0x00006dea                SW2_IRQHandler
                0x00006dea                TIMER2_IRQHandler
                0x00006dea                DebugMon_Handler
                0x00006dea                PKE_IRQHandler
                0x00006dea                USART0_TX_IRQHandler
                0x00006dea                PRORTC_IRQHandler
                0x00006dea                IADC_IRQHandler
                0x00006dea                I2C0_IRQHandler
                0x00006dea                LFXO_IRQHandler
                0x00006dea                CRYPTOACC_IRQHandler
                0x00006dea                HardFault_Handler
                0x00006dea                SMU_SECURE_IRQHandler
                0x00006dea                SysTick_Handler
                0x00006dea                EMUEFP_IRQHandler
                0x00006dea                PendSV_Handler
                0x00006dea                NMI_Handler
                0x00006dea                SYNTH_IRQHandler
                0x00006dea                HFXO0_IRQHandler
                0x00006dea                I2C1_IRQHandler
                0x00006dea                PDM_IRQHandler
                0x00006dea                WDOG0_IRQHandler
                0x00006dea                TIMER3_IRQHandler
                0x00006dea                SYSCFG_IRQHandler
                0x00006dea                EMUSE_IRQHandler
                0x00006dea                EMUDG_IRQHandler
                0x00006dea                MSC_IRQHandler
                0x00006dea                DPLL0_IRQHandler
                0x00006dea                UsageFault_Handler
                0x00006dea                M33CTI1_IRQHandler
                0x00006dea                TIMER4_IRQHandler
                0x00006dea                SW0_IRQHandler
                0x00006dea                TIMER0_IRQHandler
                0x00006dea                LETIMER0_IRQHandler
                0x00006dea                TIMER1_IRQHandler
                0x00006dea                HFRCO0_IRQHandler
                0x00006dea                RFSENSE_IRQHandler
                0x00006dea                SecureFault_Handler
                0x00006dea                BUFC_IRQHandler
                0x00006dea                DCDC_IRQHandler
                0x00006dea                MODEM_IRQHandler
                0x00006dea                Default_Handler
                0x00006dea                RAC_SEQ_IRQHandler
                0x00006dea                FRC_PRI_IRQHandler
                0x00006dea                EMU_IRQHandler
                0x00006dea                SW3_IRQHandler
                0x00006dea                KERNEL0_IRQHandler
                0x00006dea                FRC_IRQHandler
                0x00006dea                KERNEL1_IRQHandler
                0x00006dea                AGC_IRQHandler
                0x00006dea                sl_app_properties
                0x00006dea                BURTC_IRQHandler
                0x00006dea                LFRCO_IRQHandler
                0x00006dea                USART0_RX_IRQHandler
                0x00006dea                MemManage_Handler
                0x00006dea                RDMAILBOX_IRQHandler
                0x00006dea                SVC_Handler
                0x00006dea                SMU_S_PRIVILEGED_IRQHandler
                0x00006dea                SW1_IRQHandler
                0x00006dea                CMU_IRQHandler
                0x00006dea                RAC_RSM_IRQHandler
                0x00006dea                EUART0_TX_IRQHandler
                0x00006dea                EUART0_RX_IRQHandler
                0x00006dea                AES_IRQHandler
                0x00006dea                M33CTI0_IRQHandler
                0x00006dea                ICACHE0_IRQHandler
                0x00006dea                SMU_NS_PRIVILEGED_IRQHandler
                0x00006dea                PROTIMER_IRQHandler
                0x00006dea                BusFault_Handler
                0x00006dea                TRNG_IRQHandler
 .text.SystemCLKIN0Get
                0x00006dec        0x4 ./gecko_sdk_4.2.6/platform/Device/SiliconLabs/BGM22/Source/system_bgm22.o
                0x00006dec                SystemCLKIN0Get
 .text.SystemLFRCOClockGet
                0x00006df0        0x6 ./gecko_sdk_4.2.6/platform/Device/SiliconLabs/BGM22/Source/system_bgm22.o
                0x00006df0                SystemLFRCOClockGet
 .text.SystemULFRCOClockGet
                0x00006df6        0x6 ./gecko_sdk_4.2.6/platform/Device/SiliconLabs/BGM22/Source/system_bgm22.o
                0x00006df6                SystemULFRCOClockGet
 .text.assertEFM
                0x00006dfc        0x2 ./gecko_sdk_4.2.6/platform/common/src/sl_assert.o
                0x00006dfc                assertEFM
 .text.sl_button_init
                0x00006dfe        0xa ./gecko_sdk_4.2.6/platform/driver/button/src/sl_button.o
                0x00006dfe                sl_button_init
 .text.sl_button_on_change
                0x00006e08        0x2 ./gecko_sdk_4.2.6/platform/driver/button/src/sl_button.o
                0x00006e08                sl_button_on_change
 .text.sli_simple_button_on_change
                0x00006e0a       0x28 ./gecko_sdk_4.2.6/platform/driver/button/src/sl_simple_button.o
 .text.sl_simple_button_get_state
                0x00006e32        0x6 ./gecko_sdk_4.2.6/platform/driver/button/src/sl_simple_button.o
                0x00006e32                sl_simple_button_get_state
 .text.sl_simple_button_poll_step
                0x00006e38       0x52 ./gecko_sdk_4.2.6/platform/driver/button/src/sl_simple_button.o
                0x00006e38                sl_simple_button_poll_step
 .text.sl_simple_button_enable
                0x00006e8a       0x12 ./gecko_sdk_4.2.6/platform/driver/button/src/sl_simple_button.o
                0x00006e8a                sl_simple_button_enable
 .text.sl_simple_button_disable
                0x00006e9c       0x30 ./gecko_sdk_4.2.6/platform/driver/button/src/sl_simple_button.o
                0x00006e9c                sl_simple_button_disable
 .text.sl_led_init
                0x00006ecc        0x6 ./gecko_sdk_4.2.6/platform/driver/leddrv/src/sl_led.o
                0x00006ecc                sl_led_init
 .text.sl_simple_led_init
                0x00006ed2       0x22 ./gecko_sdk_4.2.6/platform/driver/leddrv/src/sl_simple_led.o
                0x00006ed2                sl_simple_led_init
 .text.sl_simple_led_turn_on
                0x00006ef4       0x12 ./gecko_sdk_4.2.6/platform/driver/leddrv/src/sl_simple_led.o
                0x00006ef4                sl_simple_led_turn_on
 .text.sl_simple_led_turn_off
                0x00006f06       0x12 ./gecko_sdk_4.2.6/platform/driver/leddrv/src/sl_simple_led.o
                0x00006f06                sl_simple_led_turn_off
 .text.DMADRV_PeripheralMemory
                0x00006f18       0x34 ./gecko_sdk_4.2.6/platform/emdrv/dmadrv/src/dmadrv.o
                0x00006f18                DMADRV_PeripheralMemory
 .text.waitStateMax
                0x00006f4c       0x10 ./gecko_sdk_4.2.6/platform/emlib/src/em_cmu.o
 .text.CMU_UpdateWaitStates
                0x00006f5c        0xc ./gecko_sdk_4.2.6/platform/emlib/src/em_cmu.o
                0x00006f5c                CMU_UpdateWaitStates
 .text.pclkDivMax
                0x00006f68        0xa ./gecko_sdk_4.2.6/platform/emlib/src/em_cmu.o
 .text.sli_em_cmu_SYSCLKInitPostClockSelect
                0x00006f72       0x2a ./gecko_sdk_4.2.6/platform/emlib/src/em_cmu.o
                0x00006f72                sli_em_cmu_SYSCLKInitPostClockSelect
 .text.CORE_EnterCritical
                0x00006f9c        0x8 ./gecko_sdk_4.2.6/platform/emlib/src/em_core.o
                0x00006f9c                CORE_EnterCritical
 .text.CORE_ExitCritical
                0x00006fa4        0x6 ./gecko_sdk_4.2.6/platform/emlib/src/em_core.o
                0x00006fa4                CORE_ExitCritical
 .text.CORE_EnterAtomic
                0x00006faa        0xc ./gecko_sdk_4.2.6/platform/emlib/src/em_core.o
                0x00006faa                CORE_EnterAtomic
 .text.CORE_ExitAtomic
                0x00006fb6        0x6 ./gecko_sdk_4.2.6/platform/emlib/src/em_core.o
                0x00006fb6                CORE_ExitAtomic
 .text.EMU_EFPEM01VScale
                0x00006fbc        0x2 ./gecko_sdk_4.2.6/platform/emlib/src/em_emu.o
                0x00006fbc                EMU_EFPEM01VScale
 .text.EMU_DCDCUpdatedHook
                0x00006fbe        0x2 ./gecko_sdk_4.2.6/platform/emlib/src/em_emu.o
                0x00006fbe                EMU_DCDCUpdatedHook
 .text.BUS_RegMaskedWrite
                0x00006fc0       0x1e ./gecko_sdk_4.2.6/platform/emlib/src/em_gpio.o
 .text.IADC_disable
                0x00006fde       0x10 ./gecko_sdk_4.2.6/platform/emlib/src/em_iadc.o
 .text.RTCC_SyncWait
                0x00006fee       0x10 ./gecko_sdk_4.2.6/platform/emlib/src/em_rtcc.o
 .text.USART_Tx
                0x00006ffe        0xa ./gecko_sdk_4.2.6/platform/emlib/src/em_usart.o
                0x00006ffe                USART_Tx
 .text.sl_iostream_write
                0x00007008       0x22 ./gecko_sdk_4.2.6/platform/service/iostream/src/sl_iostream.o
                0x00007008                sl_iostream_write
 .text.sl_iostream_read
                0x0000702a       0x30 ./gecko_sdk_4.2.6/platform/service/iostream/src/sl_iostream.o
                0x0000702a                sl_iostream_read
 .text.sl_iostream_vprintf
                0x0000705a       0x44 ./gecko_sdk_4.2.6/platform/service/iostream/src/sl_iostream.o
                0x0000705a                sl_iostream_vprintf
 .text.sl_iostream_printf
                0x0000709e       0x1a ./gecko_sdk_4.2.6/platform/service/iostream/src/sl_iostream.o
                0x0000709e                sl_iostream_printf
 .text._close   0x000070b8        0x4 ./gecko_sdk_4.2.6/platform/service/iostream/src/sl_iostream_retarget_stdio.o
                0x000070b8                _close
 .text._exit    0x000070bc        0x2 ./gecko_sdk_4.2.6/platform/service/iostream/src/sl_iostream_retarget_stdio.o
                0x000070bc                _exit
 .text._fstat   0x000070be        0xa ./gecko_sdk_4.2.6/platform/service/iostream/src/sl_iostream_retarget_stdio.o
                0x000070be                _fstat
 .text._getpid  0x000070c8        0x4 ./gecko_sdk_4.2.6/platform/service/iostream/src/sl_iostream_retarget_stdio.o
                0x000070c8                _getpid
 .text._isatty  0x000070cc        0x4 ./gecko_sdk_4.2.6/platform/service/iostream/src/sl_iostream_retarget_stdio.o
                0x000070cc                _isatty
 .text._kill    0x000070d0        0x6 ./gecko_sdk_4.2.6/platform/service/iostream/src/sl_iostream_retarget_stdio.o
                0x000070d0                _kill
 .text._lseek   0x000070d6        0x4 ./gecko_sdk_4.2.6/platform/service/iostream/src/sl_iostream_retarget_stdio.o
                0x000070d6                _lseek
 .text._read    0x000070da       0x1c ./gecko_sdk_4.2.6/platform/service/iostream/src/sl_iostream_retarget_stdio.o
                0x000070da                _read
 .text.set_auto_cr_lf
                0x000070f6        0x6 ./gecko_sdk_4.2.6/platform/service/iostream/src/sl_iostream_uart.o
 .text.get_auto_cr_lf
                0x000070fc        0x6 ./gecko_sdk_4.2.6/platform/service/iostream/src/sl_iostream_uart.o
 .text.usart_set_next_byte_detect
                0x00007102        0xc ./gecko_sdk_4.2.6/platform/service/iostream/src/sl_iostream_usart.o
 .text.usart_deinit
                0x0000710e       0x78 ./gecko_sdk_4.2.6/platform/service/iostream/src/sl_iostream_usart.o
 .text.usart_tx
                0x00007186        0xc ./gecko_sdk_4.2.6/platform/service/iostream/src/sl_iostream_usart.o
 .text.sl_iostream_usart_irq_handler
                0x00007192       0x70 ./gecko_sdk_4.2.6/platform/service/iostream/src/sl_iostream_usart.o
                0x00007192                sl_iostream_usart_irq_handler
 .text.CMU_PrescToLog2.constprop.0
                0x00007202        0x4 ./gecko_sdk_4.2.6/platform/service/sleeptimer/src/sl_sleeptimer_hal_rtcc.o
 .text.sleeptimer_hal_get_counter
                0x00007206        0xe ./gecko_sdk_4.2.6/platform/service/sleeptimer/src/sl_sleeptimer_hal_rtcc.o
                0x00007206                sleeptimer_hal_get_counter
 .text.sleeptimer_hal_enable_int
                0x00007214       0x18 ./gecko_sdk_4.2.6/platform/service/sleeptimer/src/sl_sleeptimer_hal_rtcc.o
                0x00007214                sleeptimer_hal_enable_int
 .text.sleeptimer_hal_get_timer_frequency
                0x0000722c       0x14 ./gecko_sdk_4.2.6/platform/service/sleeptimer/src/sl_sleeptimer_hal_rtcc.o
                0x0000722c                sleeptimer_hal_get_timer_frequency
 .text.sl_system_init
                0x00007240       0x1a ./gecko_sdk_4.2.6/platform/service/system/src/sl_system_init.o
                0x00007240                sl_system_init
 .text.sl_system_process_action
                0x0000725a       0x16 ./gecko_sdk_4.2.6/platform/service/system/src/sl_system_process_action.o
                0x0000725a                sl_system_process_action
 .text.co_init  0x00007270       0x48 ./third_party_hw_drivers_2.0.2/driver/thirdparty/mikrosdk_click_v2/clicks/co/lib/src/co.o
                0x00007270                co_init
 .text.dht11_wait_for_voltage_level
                0x000072b8        0xe ./userlibrary/dht11.o
                0x000072b8                dht11_wait_for_voltage_level
 .text.dht11_read_temp
                0x000072c6       0x50 ./userlibrary/dht11.o
                0x000072c6                dht11_read_temp
 .text.__cvt    0x00007316       0xd0 d:/program files/simplicity studio/developer/toolchains/gnu_arm/12.2.rel1_2023.7/bin/../lib/gcc/arm-none-eabi/12.2.1/thumb/v8-m.main+fp/hard\libc_nano.a(libc_a-nano-vfprintf_float.o)
                0x00007316                __cvt
 .text.__exponent
                0x000073e6       0x72 d:/program files/simplicity studio/developer/toolchains/gnu_arm/12.2.rel1_2023.7/bin/../lib/gcc/arm-none-eabi/12.2.1/thumb/v8-m.main+fp/hard\libc_nano.a(libc_a-nano-vfprintf_float.o)
                0x000073e6                __exponent
 .text._printf_common
                0x00007458       0xe4 d:/program files/simplicity studio/developer/toolchains/gnu_arm/12.2.rel1_2023.7/bin/../lib/gcc/arm-none-eabi/12.2.1/thumb/v8-m.main+fp/hard\libc_nano.a(libc_a-nano-vfprintf_i.o)
                0x00007458                _printf_common
 .text._fwalk_sglue
                0x0000753c       0x3c d:/program files/simplicity studio/developer/toolchains/gnu_arm/12.2.rel1_2023.7/bin/../lib/gcc/arm-none-eabi/12.2.1/thumb/v8-m.main+fp/hard\libc_nano.a(libc_a-fwalk.o)
                0x0000753c                _fwalk_sglue
 .text.__sread  0x00007578       0x22 d:/program files/simplicity studio/developer/toolchains/gnu_arm/12.2.rel1_2023.7/bin/../lib/gcc/arm-none-eabi/12.2.1/thumb/v8-m.main+fp/hard\libc_nano.a(libc_a-stdio.o)
                0x00007578                __sread
 .text.__swrite
                0x0000759a       0x38 d:/program files/simplicity studio/developer/toolchains/gnu_arm/12.2.rel1_2023.7/bin/../lib/gcc/arm-none-eabi/12.2.1/thumb/v8-m.main+fp/hard\libc_nano.a(libc_a-stdio.o)
                0x0000759a                __swrite
 .text.__sseek  0x000075d2       0x24 d:/program files/simplicity studio/developer/toolchains/gnu_arm/12.2.rel1_2023.7/bin/../lib/gcc/arm-none-eabi/12.2.1/thumb/v8-m.main+fp/hard\libc_nano.a(libc_a-stdio.o)
                0x000075d2                __sseek
 .text.__sclose
                0x000075f6        0x8 d:/program files/simplicity studio/developer/toolchains/gnu_arm/12.2.rel1_2023.7/bin/../lib/gcc/arm-none-eabi/12.2.1/thumb/v8-m.main+fp/hard\libc_nano.a(libc_a-stdio.o)
                0x000075f6                __sclose
 .text.memset   0x000075fe       0x10 d:/program files/simplicity studio/developer/toolchains/gnu_arm/12.2.rel1_2023.7/bin/../lib/gcc/arm-none-eabi/12.2.1/thumb/v8-m.main+fp/hard\libc_nano.a(libc_a-memset.o)
                0x000075fe                memset
 .text.__retarget_lock_init_recursive
                0x0000760e        0x2 d:/program files/simplicity studio/developer/toolchains/gnu_arm/12.2.rel1_2023.7/bin/../lib/gcc/arm-none-eabi/12.2.1/thumb/v8-m.main+fp/hard\libc_nano.a(libc_a-lock.o)
                0x0000760e                __retarget_lock_init_recursive
 .text.__retarget_lock_acquire_recursive
                0x00007610        0x2 d:/program files/simplicity studio/developer/toolchains/gnu_arm/12.2.rel1_2023.7/bin/../lib/gcc/arm-none-eabi/12.2.1/thumb/v8-m.main+fp/hard\libc_nano.a(libc_a-lock.o)
                0x00007610                __retarget_lock_acquire_recursive
 .text.__retarget_lock_release_recursive
                0x00007612        0x2 d:/program files/simplicity studio/developer/toolchains/gnu_arm/12.2.rel1_2023.7/bin/../lib/gcc/arm-none-eabi/12.2.1/thumb/v8-m.main+fp/hard\libc_nano.a(libc_a-lock.o)
                0x00007612                __retarget_lock_release_recursive
 .text.memchr   0x00007614       0x1c d:/program files/simplicity studio/developer/toolchains/gnu_arm/12.2.rel1_2023.7/bin/../lib/gcc/arm-none-eabi/12.2.1/thumb/v8-m.main+fp/hard\libc_nano.a(libc_a-memchr-stub.o)
                0x00007614                memchr
 .text.memcpy   0x00007630       0x1a d:/program files/simplicity studio/developer/toolchains/gnu_arm/12.2.rel1_2023.7/bin/../lib/gcc/arm-none-eabi/12.2.1/thumb/v8-m.main+fp/hard\libc_nano.a(libc_a-memcpy-stub.o)
                0x00007630                memcpy
 .text          0x0000764a       0x10 d:/program files/simplicity studio/developer/toolchains/gnu_arm/12.2.rel1_2023.7/bin/../lib/gcc/arm-none-eabi/12.2.1/thumb/v8-m.main+fp/hard\libc_nano.a(libc_a-strlen.o)
                0x0000764a                strlen
 .text.quorem   0x0000765a      0x11a d:/program files/simplicity studio/developer/toolchains/gnu_arm/12.2.rel1_2023.7/bin/../lib/gcc/arm-none-eabi/12.2.1/thumb/v8-m.main+fp/hard\libc_nano.a(libc_a-dtoa.o)
 .text.__hi0bits
                0x00007774       0x44 d:/program files/simplicity studio/developer/toolchains/gnu_arm/12.2.rel1_2023.7/bin/../lib/gcc/arm-none-eabi/12.2.1/thumb/v8-m.main+fp/hard\libc_nano.a(libc_a-mprec.o)
                0x00007774                __hi0bits
 .text.__lo0bits
                0x000077b8       0x5a d:/program files/simplicity studio/developer/toolchains/gnu_arm/12.2.rel1_2023.7/bin/../lib/gcc/arm-none-eabi/12.2.1/thumb/v8-m.main+fp/hard\libc_nano.a(libc_a-mprec.o)
                0x000077b8                __lo0bits
 .text.__mcmp   0x00007812       0x36 d:/program files/simplicity studio/developer/toolchains/gnu_arm/12.2.rel1_2023.7/bin/../lib/gcc/arm-none-eabi/12.2.1/thumb/v8-m.main+fp/hard\libc_nano.a(libc_a-mprec.o)
                0x00007812                __mcmp
 .text.__sfputc_r
                0x00007848       0x2e d:/program files/simplicity studio/developer/toolchains/gnu_arm/12.2.rel1_2023.7/bin/../lib/gcc/arm-none-eabi/12.2.1/thumb/v8-m.main+fp/hard\libc_nano.a(libc_a-nano-vfprintf.o)
 .text.__sfputs_r
                0x00007876       0x24 d:/program files/simplicity studio/developer/toolchains/gnu_arm/12.2.rel1_2023.7/bin/../lib/gcc/arm-none-eabi/12.2.1/thumb/v8-m.main+fp/hard\libc_nano.a(libc_a-nano-vfprintf.o)
                0x00007876                __sfputs_r
 .text.__sflush_r
                0x0000789a      0x106 d:/program files/simplicity studio/developer/toolchains/gnu_arm/12.2.rel1_2023.7/bin/../lib/gcc/arm-none-eabi/12.2.1/thumb/v8-m.main+fp/hard\libc_nano.a(libc_a-fflush.o)
                0x0000789a                __sflush_r
 .text._fflush_r
                0x000079a0       0x50 d:/program files/simplicity studio/developer/toolchains/gnu_arm/12.2.rel1_2023.7/bin/../lib/gcc/arm-none-eabi/12.2.1/thumb/v8-m.main+fp/hard\libc_nano.a(libc_a-fflush.o)
                0x000079a0                _fflush_r
 .text.__swhatbuf_r
                0x000079f0       0x4a d:/program files/simplicity studio/developer/toolchains/gnu_arm/12.2.rel1_2023.7/bin/../lib/gcc/arm-none-eabi/12.2.1/thumb/v8-m.main+fp/hard\libc_nano.a(libc_a-makebuf.o)
                0x000079f0                __swhatbuf_r
 .text.__smakebuf_r
                0x00007a3a       0x78 d:/program files/simplicity studio/developer/toolchains/gnu_arm/12.2.rel1_2023.7/bin/../lib/gcc/arm-none-eabi/12.2.1/thumb/v8-m.main+fp/hard\libc_nano.a(libc_a-makebuf.o)
                0x00007a3a                __smakebuf_r
 .text.__swbuf_r
                0x00007ab2       0x7c d:/program files/simplicity studio/developer/toolchains/gnu_arm/12.2.rel1_2023.7/bin/../lib/gcc/arm-none-eabi/12.2.1/thumb/v8-m.main+fp/hard\libc_nano.a(libc_a-wbuf.o)
                0x00007ab2                __swbuf_r
 .text._calloc_r
                0x00007b2e       0x28 d:/program files/simplicity studio/developer/toolchains/gnu_arm/12.2.rel1_2023.7/bin/../lib/gcc/arm-none-eabi/12.2.1/thumb/v8-m.main+fp/hard\libc_nano.a(libc_a-callocr.o)
                0x00007b2e                _calloc_r
 .text.__ascii_mbtowc
                0x00007b56       0x24 d:/program files/simplicity studio/developer/toolchains/gnu_arm/12.2.rel1_2023.7/bin/../lib/gcc/arm-none-eabi/12.2.1/thumb/v8-m.main+fp/hard\libc_nano.a(libc_a-mbtowc_r.o)
                0x00007b56                __ascii_mbtowc
 .text.__ascii_wctomb
                0x00007b7a       0x1a d:/program files/simplicity studio/developer/toolchains/gnu_arm/12.2.rel1_2023.7/bin/../lib/gcc/arm-none-eabi/12.2.1/thumb/v8-m.main+fp/hard\libc_nano.a(libc_a-wctomb_r.o)
                0x00007b7a                __ascii_wctomb
 .text.abort    0x00007b94        0xe d:/program files/simplicity studio/developer/toolchains/gnu_arm/12.2.rel1_2023.7/bin/../lib/gcc/arm-none-eabi/12.2.1/thumb/v8-m.main+fp/hard\libc_nano.a(libc_a-abort.o)
                0x00007b94                abort
 .text._raise_r
                0x00007ba2       0x50 d:/program files/simplicity studio/developer/toolchains/gnu_arm/12.2.rel1_2023.7/bin/../lib/gcc/arm-none-eabi/12.2.1/thumb/v8-m.main+fp/hard\libc_nano.a(libc_a-signal.o)
                0x00007ba2                _raise_r
 .text._getpid_r
                0x00007bf2        0x4 d:/program files/simplicity studio/developer/toolchains/gnu_arm/12.2.rel1_2023.7/bin/../lib/gcc/arm-none-eabi/12.2.1/thumb/v8-m.main+fp/hard\libc_nano.a(libc_a-signalr.o)
                0x00007bf2                _getpid_r
                0x00007bf6                linker_code_end = .
 *(.init)
 *fill*         0x00007bf6        0x2 
 .init          0x00007bf8        0x4 d:/program files/simplicity studio/developer/toolchains/gnu_arm/12.2.rel1_2023.7/bin/../lib/gcc/arm-none-eabi/12.2.1/thumb/v8-m.main+fp/hard/crti.o
                0x00007bf8                _init
 .init          0x00007bfc        0x8 d:/program files/simplicity studio/developer/toolchains/gnu_arm/12.2.rel1_2023.7/bin/../lib/gcc/arm-none-eabi/12.2.1/thumb/v8-m.main+fp/hard/crtn.o
 *(.fini)
 .fini          0x00007c04        0x4 d:/program files/simplicity studio/developer/toolchains/gnu_arm/12.2.rel1_2023.7/bin/../lib/gcc/arm-none-eabi/12.2.1/thumb/v8-m.main+fp/hard/crti.o
                0x00007c04                _fini
 .fini          0x00007c08        0x8 d:/program files/simplicity studio/developer/toolchains/gnu_arm/12.2.rel1_2023.7/bin/../lib/gcc/arm-none-eabi/12.2.1/thumb/v8-m.main+fp/hard/crtn.o
 *crtbegin.o(.ctors)
 *crtbegin?.o(.ctors)
 *(EXCLUDE_FILE(*crtend.o *crtend?.o) .ctors)
 *(SORT_BY_NAME(.ctors.*))
 *(.ctors)
 *crtbegin.o(.dtors)
 *crtbegin?.o(.dtors)
 *(EXCLUDE_FILE(*crtend.o *crtend?.o) .dtors)
 *(SORT_BY_NAME(.dtors.*))
 *(.dtors)
 *(.rodata*)
 .rodata.app_process_action.str1.1
                0x00007c10       0x11 ./app.o
 .rodata.sl_iostream_usart_init_vcom.str1.1
                0x00007c21       0x2e ./autogen/sl_iostream_init_usart_instances.o
 *fill*         0x00007c4f        0x1 
 .rodata        0x00007c50       0x1c ./autogen/sl_iostream_init_usart_instances.o
 .rodata.sl_button_btn0
                0x00007c6c       0x18 ./autogen/sl_simple_button_instances.o
                0x00007c6c                sl_button_btn0
 .rodata.sl_led_led0
                0x00007c84       0x18 ./autogen/sl_simple_led_instances.o
                0x00007c84                sl_led_led0
 .rodata.GPIO_PinInGet.str1.1
                0x00007c9c       0x32 ./gecko_sdk_4.2.6/platform/driver/button/src/sl_simple_button.o
 .rodata.sl_simple_button_init.str1.1
                0x00007cce       0x43 ./gecko_sdk_4.2.6/platform/driver/button/src/sl_simple_button.o
 *fill*         0x00007d11        0x1 
 .rodata.CSWTCH.6
                0x00007d12        0x8 ./gecko_sdk_4.2.6/platform/driver/button/src/sl_simple_button.o
 .rodata.GPIO_PinOutClear.str1.1
                0x00007d1a       0x32 ./gecko_sdk_4.2.6/platform/driver/leddrv/src/sl_simple_led.o
 .rodata.CSWTCH.18
                0x00007d1a        0x8 ./gecko_sdk_4.2.6/platform/driver/leddrv/src/sl_simple_led.o
 .rodata        0x00007d22        0x4 ./gecko_sdk_4.2.6/platform/emdrv/dmadrv/src/dmadrv.o
 .rodata.HFRCODPLLDevinfoGet.str1.1
                0x00007d26       0x31 ./gecko_sdk_4.2.6/platform/emlib/src/em_cmu.o
 .rodata.CSWTCH.77
                0x00007d57        0x6 ./gecko_sdk_4.2.6/platform/emlib/src/em_cmu.o
 .rodata.CSWTCH.75
                0x00007d5d        0x4 ./gecko_sdk_4.2.6/platform/emlib/src/em_cmu.o
 .rodata.CORE_NvicMaskSetIRQ.str1.1
                0x00007d61       0x32 ./gecko_sdk_4.2.6/platform/emlib/src/em_core.o
 .rodata.EMU_VScaleEM01.str1.1
                0x00007d93       0x31 ./gecko_sdk_4.2.6/platform/emlib/src/em_emu.o
 .rodata.BUS_RegBitWrite.str1.1
                0x00007dc4       0x31 ./gecko_sdk_4.2.6/platform/emlib/src/em_gpio.o
 .rodata.GPIO_PinOutSet.str1.1
                0x00007df5       0x32 ./gecko_sdk_4.2.6/platform/emlib/src/em_gpio.o
 .rodata.GPIO_ExtIntConfig.str1.1
                0x00007df5       0x32 ./gecko_sdk_4.2.6/platform/emlib/src/em_gpio.o
 *fill*         0x00007e27        0x1 
 .rodata.CSWTCH.31
                0x00007e28        0x8 ./gecko_sdk_4.2.6/platform/emlib/src/em_gpio.o
 .rodata.IADC_initScan.str1.1
                0x00007e30       0x32 ./gecko_sdk_4.2.6/platform/emlib/src/em_iadc.o
 .rodata.LDMA_EnableChannelRequest.str1.1
                0x00007e62       0x32 ./gecko_sdk_4.2.6/platform/emlib/src/em_ldma.o
                                 0x63 (size before relaxing)
 .rodata.RTCC_ChannelInit.str1.1
                0x00007e94       0x32 ./gecko_sdk_4.2.6/platform/emlib/src/em_rtcc.o
 .rodata.USART_BaudrateAsyncSet.str1.1
                0x00007ec6       0x33 ./gecko_sdk_4.2.6/platform/emlib/src/em_usart.o
 .rodata        0x00007ef9        0x8 ./gecko_sdk_4.2.6/platform/service/device_init/src/sl_device_init_dcdc_s2.o
 *fill*         0x00007f01        0x3 
 .rodata        0x00007f04       0x28 ./gecko_sdk_4.2.6/platform/service/device_init/src/sl_device_init_hfxo_s2.o
 .rodata        0x00007f2c       0x14 ./gecko_sdk_4.2.6/platform/service/device_init/src/sl_device_init_lfxo_s2.o
 .rodata._write.str1.1
                0x00007f40       0x50 ./gecko_sdk_4.2.6/platform/service/iostream/src/sl_iostream_retarget_stdio.o
 .rodata.get_write_ptr.str1.1
                0x00007f90       0x46 ./gecko_sdk_4.2.6/platform/service/iostream/src/sl_iostream_uart.o
 .rodata.process_timer_irq.str1.1
                0x00007fd6       0x45 ./gecko_sdk_4.2.6/platform/service/sleeptimer/src/sl_sleeptimer.o
 .rodata        0x0000801b        0xb ./gecko_sdk_4.2.6/platform/service/sleeptimer/src/sl_sleeptimer_hal_rtcc.o
 .rodata.sl_udelay_wait.str1.1
                0x00008026       0x3d ./gecko_sdk_4.2.6/platform/service/udelay/src/sl_udelay.o
 *fill*         0x00008063        0x1 
 .rodata        0x00008064       0x28 ./third_party_hw_drivers_2.0.2/driver/peripheral_drivers/mikroe/src/drv_analog_in.o
 .rodata.dht11_out_pin_read_digital.str1.1
                0x0000808c       0x32 ./userlibrary/dht11.o
 .rodata.CSWTCH.24
                0x0000808c        0x8 ./userlibrary/dht11.o
 .rodata._ctype_
                0x00008094      0x101 d:/program files/simplicity studio/developer/toolchains/gnu_arm/12.2.rel1_2023.7/bin/../lib/gcc/arm-none-eabi/12.2.1/thumb/v8-m.main+fp/hard\libc_nano.a(libc_a-ctype_.o)
                0x00008094                _ctype_
 .rodata._printf_float.str1.1
                0x00008195       0x12 d:/program files/simplicity studio/developer/toolchains/gnu_arm/12.2.rel1_2023.7/bin/../lib/gcc/arm-none-eabi/12.2.1/thumb/v8-m.main+fp/hard\libc_nano.a(libc_a-nano-vfprintf_float.o)
 .rodata._printf_i.str1.1
                0x000081a7       0x22 d:/program files/simplicity studio/developer/toolchains/gnu_arm/12.2.rel1_2023.7/bin/../lib/gcc/arm-none-eabi/12.2.1/thumb/v8-m.main+fp/hard\libc_nano.a(libc_a-nano-vfprintf_i.o)
 .rodata._dtoa_r.str1.1
                0x000081c9       0x8e d:/program files/simplicity studio/developer/toolchains/gnu_arm/12.2.rel1_2023.7/bin/../lib/gcc/arm-none-eabi/12.2.1/thumb/v8-m.main+fp/hard\libc_nano.a(libc_a-dtoa.o)
                                 0x90 (size before relaxing)
 .rodata._Balloc.str1.1
                0x00008257       0x5a d:/program files/simplicity studio/developer/toolchains/gnu_arm/12.2.rel1_2023.7/bin/../lib/gcc/arm-none-eabi/12.2.1/thumb/v8-m.main+fp/hard\libc_nano.a(libc_a-mprec.o)
                                 0x71 (size before relaxing)
 .rodata.__multadd.str1.1
                0x000082b1       0x11 d:/program files/simplicity studio/developer/toolchains/gnu_arm/12.2.rel1_2023.7/bin/../lib/gcc/arm-none-eabi/12.2.1/thumb/v8-m.main+fp/hard\libc_nano.a(libc_a-mprec.o)
 *fill*         0x000082b1        0x3 
 .rodata.p05.0  0x000082b4        0xc d:/program files/simplicity studio/developer/toolchains/gnu_arm/12.2.rel1_2023.7/bin/../lib/gcc/arm-none-eabi/12.2.1/thumb/v8-m.main+fp/hard\libc_nano.a(libc_a-mprec.o)
 .rodata.__mprec_bigtens
                0x000082c0       0x28 d:/program files/simplicity studio/developer/toolchains/gnu_arm/12.2.rel1_2023.7/bin/../lib/gcc/arm-none-eabi/12.2.1/thumb/v8-m.main+fp/hard\libc_nano.a(libc_a-mprec.o)
                0x000082c0                __mprec_bigtens
 .rodata.__mprec_tens
                0x000082e8       0xc8 d:/program files/simplicity studio/developer/toolchains/gnu_arm/12.2.rel1_2023.7/bin/../lib/gcc/arm-none-eabi/12.2.1/thumb/v8-m.main+fp/hard\libc_nano.a(libc_a-mprec.o)
                0x000082e8                __mprec_tens
 .rodata._vfprintf_r.str1.1
                0x000083b0       0x11 d:/program files/simplicity studio/developer/toolchains/gnu_arm/12.2.rel1_2023.7/bin/../lib/gcc/arm-none-eabi/12.2.1/thumb/v8-m.main+fp/hard\libc_nano.a(libc_a-nano-vfprintf.o)
 .rodata._setlocale_r.str1.1
                0x000083c1        0x8 d:/program files/simplicity studio/developer/toolchains/gnu_arm/12.2.rel1_2023.7/bin/../lib/gcc/arm-none-eabi/12.2.1/thumb/v8-m.main+fp/hard\libc_nano.a(libc_a-locale.o)
                                  0x9 (size before relaxing)
 .rodata.str1.1
                0x000083c9        0x2 d:/program files/simplicity studio/developer/toolchains/gnu_arm/12.2.rel1_2023.7/bin/../lib/gcc/arm-none-eabi/12.2.1/thumb/v8-m.main+fp/hard\libc_nano.a(libc_a-locale.o)
 .rodata.__assert_func.str1.1
                0x000083cb       0x3c d:/program files/simplicity studio/developer/toolchains/gnu_arm/12.2.rel1_2023.7/bin/../lib/gcc/arm-none-eabi/12.2.1/thumb/v8-m.main+fp/hard\libc_nano.a(libc_a-assert.o)
                                 0x3d (size before relaxing)
 *(.eh_frame*)
 *fill*         0x00008407        0x1 
 .eh_frame      0x00008408        0x0 d:/program files/simplicity studio/developer/toolchains/gnu_arm/12.2.rel1_2023.7/bin/../lib/gcc/arm-none-eabi/12.2.1/thumb/v8-m.main+fp/hard/crtbegin.o

.glue_7         0x00008408        0x0
 .glue_7        0x00008408        0x0 linker stubs

.glue_7t        0x00008408        0x0
 .glue_7t       0x00008408        0x0 linker stubs

.vfp11_veneer   0x00008408        0x0
 .vfp11_veneer  0x00008408        0x0 linker stubs

.v4_bx          0x00008408        0x0
 .v4_bx         0x00008408        0x0 linker stubs

.iplt           0x00008408        0x0
 .iplt          0x00008408        0x0 d:/program files/simplicity studio/developer/toolchains/gnu_arm/12.2.rel1_2023.7/bin/../lib/gcc/arm-none-eabi/12.2.1/thumb/v8-m.main+fp/hard/crtbegin.o

.ARM.extab
 *(.ARM.extab* .gnu.linkonce.armextab.*)
                0x00008408                __exidx_start = .

.ARM.exidx      0x00008408        0x8
 *(.ARM.exidx* .gnu.linkonce.armexidx.*)
 .ARM.exidx     0x00008408        0x8 d:/program files/simplicity studio/developer/toolchains/gnu_arm/12.2.rel1_2023.7/bin/../lib/gcc/arm-none-eabi/12.2.1/thumb/v8-m.main+fp/hard/crt0.o
                                 0x10 (size before relaxing)
 .ARM.exidx.text.__udivmoddi4
                0x00008410        0x0 d:/program files/simplicity studio/developer/toolchains/gnu_arm/12.2.rel1_2023.7/bin/../lib/gcc/arm-none-eabi/12.2.1/thumb/v8-m.main+fp/hard\libgcc.a(_udivmoddi4.o)
                                  0x8 (size before relaxing)
                0x00008410                __exidx_end = .

.rel.dyn        0x00008410        0x0
 .rel.iplt      0x00008410        0x0 d:/program files/simplicity studio/developer/toolchains/gnu_arm/12.2.rel1_2023.7/bin/../lib/gcc/arm-none-eabi/12.2.1/thumb/v8-m.main+fp/hard/crtbegin.o

.copy.table     0x00008410        0xc
                0x00008410                . = ALIGN (0x4)
                0x00008410                __copy_table_start__ = .
                0x00008410        0x4 LONG 0x841c __etext
                0x00008414        0x4 LONG 0x20001000 __data_start__
                0x00008418        0x4 LONG 0x7f ((__data_end__ - __data_start__) / 0x4)
                0x0000841c                __copy_table_end__ = .

.zero.table     0x0000841c        0x0
                0x0000841c                . = ALIGN (0x4)
                0x0000841c                __zero_table_start__ = .
                0x0000841c                __zero_table_end__ = .
                0x0000841c                __etext = .
                0x20000000                . = ORIGIN (RAM)

.stack          0x20000000     0x1000
                0x20000000                __StackLimit = .
 *(.stack*)
 .stack         0x20000000     0x1000 ./gecko_sdk_4.2.6/platform/common/toolchain/src/sl_memory.o
                0x20001000                . = ALIGN (0x4)
                0x20001000                __StackTop = .
                0x20001000                PROVIDE (__stack = __StackTop)

.noinit
 *(.noinit*)

.data           0x20001000      0x1fc load address 0x0000841c
                0x20001000                . = ALIGN (0x4)
                0x20001000                __data_start__ = .
 *(vtable)
 *(SORT_BY_ALIGNMENT(.data*))
 .data.SystemCoreClock
                0x20001000        0x4 ./gecko_sdk_4.2.6/platform/Device/SiliconLabs/BGM22/Source/system_bgm22.o
                0x20001000                SystemCoreClock
 .data.SystemHFRCODPLLClock
                0x20001004        0x4 ./gecko_sdk_4.2.6/platform/Device/SiliconLabs/BGM22/Source/system_bgm22.o
 .data.SystemLFXOClock
                0x20001008        0x4 ./gecko_sdk_4.2.6/platform/Device/SiliconLabs/BGM22/Source/system_bgm22.o
 .data.SystemHFXOClock
                0x2000100c        0x4 ./gecko_sdk_4.2.6/platform/Device/SiliconLabs/BGM22/Source/system_bgm22.o
 .data.heap_end.0
                0x20001010        0x4 ./gecko_sdk_4.2.6/platform/common/toolchain/src/sl_memory.o
 .data.DHT11_OUT_PIN_NUMBER
                0x20001014        0x4 ./userlibrary/dht11.o
                0x20001014                DHT11_OUT_PIN_NUMBER
 .data.__sglue  0x20001018        0xc d:/program files/simplicity studio/developer/toolchains/gnu_arm/12.2.rel1_2023.7/bin/../lib/gcc/arm-none-eabi/12.2.1/thumb/v8-m.main+fp/hard\libc_nano.a(libc_a-findfp.o)
                0x20001018                __sglue
 .data._impure_ptr
                0x20001024        0x4 d:/program files/simplicity studio/developer/toolchains/gnu_arm/12.2.rel1_2023.7/bin/../lib/gcc/arm-none-eabi/12.2.1/thumb/v8-m.main+fp/hard\libc_nano.a(libc_a-impure.o)
                0x20001024                _impure_ptr
 .data._impure_data
                0x20001028       0x4c d:/program files/simplicity studio/developer/toolchains/gnu_arm/12.2.rel1_2023.7/bin/../lib/gcc/arm-none-eabi/12.2.1/thumb/v8-m.main+fp/hard\libc_nano.a(libc_a-impure.o)
                0x20001028                _impure_data
 .data.__global_locale
                0x20001074      0x16c d:/program files/simplicity studio/developer/toolchains/gnu_arm/12.2.rel1_2023.7/bin/../lib/gcc/arm-none-eabi/12.2.1/thumb/v8-m.main+fp/hard\libc_nano.a(libc_a-locale.o)
                0x20001074                __global_locale
 .data.simple_btn0_context
                0x200011e0        0x8 ./autogen/sl_simple_button_instances.o
                0x200011e0                simple_btn0_context
 .data.lfxo_precision
                0x200011e8        0x2 ./gecko_sdk_4.2.6/platform/emlib/src/em_cmu.o
 .data.simple_led0_context
                0x200011ea        0x3 ./autogen/sl_simple_led_instances.o
                0x200011ea                simple_led0_context
 .data.level_mask
                0x200011ed        0x1 ./gecko_sdk_4.2.6/app/common/util/app_log/app_log.o
 .data.level_filter_threshold
                0x200011ee        0x1 ./gecko_sdk_4.2.6/app/common/util/app_log/app_log.o
 .data.level_filter_enabled
                0x200011ef        0x1 ./gecko_sdk_4.2.6/app/common/util/app_log/app_log.o
 .data.cc_disabled
                0x200011f0        0x1 ./gecko_sdk_4.2.6/platform/service/sleeptimer/src/sl_sleeptimer_hal_rtcc.o
                0x200011f4                . = ALIGN (0x4)
 *fill*         0x200011f1        0x3 
                [!provide]                PROVIDE (__ram_func_section_start = .)
 *(.ram)
                [!provide]                PROVIDE (__ram_func_section_end = .)
                0x200011f4                . = ALIGN (0x4)
                0x200011f4                PROVIDE (__preinit_array_start = .)
 *(.preinit_array)
                0x200011f4                PROVIDE (__preinit_array_end = .)
                0x200011f4                . = ALIGN (0x4)
                0x200011f4                PROVIDE (__init_array_start = .)
 *(SORT_BY_NAME(.init_array.*))
 *(.init_array)
 .init_array    0x200011f4        0x4 d:/program files/simplicity studio/developer/toolchains/gnu_arm/12.2.rel1_2023.7/bin/../lib/gcc/arm-none-eabi/12.2.1/thumb/v8-m.main+fp/hard/crtbegin.o
                0x200011f8                PROVIDE (__init_array_end = .)
                0x200011f8                . = ALIGN (0x4)
                [!provide]                PROVIDE (__fini_array_start = .)
 *(SORT_BY_NAME(.fini_array.*))
 *(.fini_array)
 .fini_array    0x200011f8        0x4 d:/program files/simplicity studio/developer/toolchains/gnu_arm/12.2.rel1_2023.7/bin/../lib/gcc/arm-none-eabi/12.2.1/thumb/v8-m.main+fp/hard/crtbegin.o
                [!provide]                PROVIDE (__fini_array_end = .)
                0x200011fc                . = ALIGN (0x4)
                0x200011fc                __data_end__ = .

.tm_clone_table
                0x200011fc        0x0 load address 0x00008618
 .tm_clone_table
                0x200011fc        0x0 d:/program files/simplicity studio/developer/toolchains/gnu_arm/12.2.rel1_2023.7/bin/../lib/gcc/arm-none-eabi/12.2.1/thumb/v8-m.main+fp/hard/crtbegin.o
 .tm_clone_table
                0x200011fc        0x0 d:/program files/simplicity studio/developer/toolchains/gnu_arm/12.2.rel1_2023.7/bin/../lib/gcc/arm-none-eabi/12.2.1/thumb/v8-m.main+fp/hard/crtend.o

.igot.plt       0x200011fc        0x0 load address 0x00008618
 .igot.plt      0x200011fc        0x0 d:/program files/simplicity studio/developer/toolchains/gnu_arm/12.2.rel1_2023.7/bin/../lib/gcc/arm-none-eabi/12.2.1/thumb/v8-m.main+fp/hard/crtbegin.o

.bss            0x200011fc      0x5ac load address 0x00008618
                0x200011fc                . = ALIGN (0x4)
                0x200011fc                __bss_start__ = .
 *(SORT_BY_ALIGNMENT(.bss*))
 .bss.object.0  0x200011fc       0x18 d:/program files/simplicity studio/developer/toolchains/gnu_arm/12.2.rel1_2023.7/bin/../lib/gcc/arm-none-eabi/12.2.1/thumb/v8-m.main+fp/hard/crtbegin.o
 .bss.context_vcom
                0x20001214       0x4c ./autogen/sl_iostream_init_usart_instances.o
 .bss.sl_iostream_vcom
                0x20001260       0x18 ./autogen/sl_iostream_init_usart_instances.o
 .bss.app_log_iostream
                0x20001278        0x4 ./gecko_sdk_4.2.6/app/common/util/app_log/app_log.o
                0x20001278                app_log_iostream
 .bss.dmaXfer   0x2000127c      0x100 ./gecko_sdk_4.2.6/platform/emdrv/dmadrv/src/dmadrv.o
 .bss.chTable   0x2000137c       0x80 ./gecko_sdk_4.2.6/platform/emdrv/dmadrv/src/dmadrv.o
 .bss.gpioCallbacks
                0x200013fc      0x200 ./gecko_sdk_4.2.6/platform/emdrv/gpiointerrupt/src/gpiointerrupt.o
 .bss.sli_iostream_default
                0x200015fc        0x4 ./gecko_sdk_4.2.6/platform/service/iostream/src/sl_iostream.o
 .bss.max_millisecond_conversion
                0x20001600        0x4 ./gecko_sdk_4.2.6/platform/service/sleeptimer/src/sl_sleeptimer.o
 .bss.last_delta_update_count
                0x20001604        0x4 ./gecko_sdk_4.2.6/platform/service/sleeptimer/src/sl_sleeptimer.o
 .bss.timer_head
                0x20001608        0x4 ./gecko_sdk_4.2.6/platform/service/sleeptimer/src/sl_sleeptimer.o
 .bss.timer_frequency
                0x2000160c        0x4 ./gecko_sdk_4.2.6/platform/service/sleeptimer/src/sl_sleeptimer.o
 .bss._owner    0x20001610        0x4 ./third_party_hw_drivers_2.0.2/driver/peripheral_drivers/mikroe/src/drv_analog_in.o
 .bss.co_cfg    0x20001614        0xc ./third_party_hw_drivers_2.0.2/driver/public/mikroe/co_mq7/src/mikroe_mq7.o
 .bss.co        0x20001620       0x10 ./third_party_hw_drivers_2.0.2/driver/public/mikroe/co_mq7/src/mikroe_mq7.o
 .bss.__sf      0x20001630      0x138 d:/program files/simplicity studio/developer/toolchains/gnu_arm/12.2.rel1_2023.7/bin/../lib/gcc/arm-none-eabi/12.2.1/thumb/v8-m.main+fp/hard\libc_nano.a(libc_a-findfp.o)
                0x20001630                __sf
 .bss.__stdio_exit_handler
                0x20001768        0x4 d:/program files/simplicity studio/developer/toolchains/gnu_arm/12.2.rel1_2023.7/bin/../lib/gcc/arm-none-eabi/12.2.1/thumb/v8-m.main+fp/hard\libc_nano.a(libc_a-findfp.o)
                0x20001768                __stdio_exit_handler
 .bss.errno     0x2000176c        0x4 d:/program files/simplicity studio/developer/toolchains/gnu_arm/12.2.rel1_2023.7/bin/../lib/gcc/arm-none-eabi/12.2.1/thumb/v8-m.main+fp/hard\libc_nano.a(libc_a-reent.o)
                0x2000176c                errno
 .bss.__malloc_sbrk_start
                0x20001770        0x4 d:/program files/simplicity studio/developer/toolchains/gnu_arm/12.2.rel1_2023.7/bin/../lib/gcc/arm-none-eabi/12.2.1/thumb/v8-m.main+fp/hard\libc_nano.a(libc_a-mallocr.o)
                0x20001770                __malloc_sbrk_start
 .bss.__malloc_free_list
                0x20001774        0x4 d:/program files/simplicity studio/developer/toolchains/gnu_arm/12.2.rel1_2023.7/bin/../lib/gcc/arm-none-eabi/12.2.1/thumb/v8-m.main+fp/hard\libc_nano.a(libc_a-mallocr.o)
                0x20001774                __malloc_free_list
 .bss.overflow_counter
                0x20001778        0x2 ./gecko_sdk_4.2.6/platform/service/sleeptimer/src/sl_sleeptimer.o
 .bss.completed.1
                0x2000177a        0x1 d:/program files/simplicity studio/developer/toolchains/gnu_arm/12.2.rel1_2023.7/bin/../lib/gcc/arm-none-eabi/12.2.1/thumb/v8-m.main+fp/hard/crtbegin.o
 .bss.rx_buffer_vcom
                0x2000177b       0x20 ./autogen/sl_iostream_init_usart_instances.o
 .bss.level_mask_enabled