Archive member included to satisfy reference by file (symbol)

d:/program files/simplicity studio/developer/toolchains/gnu_arm/12.2.rel1_2023.7/bin/../lib/gcc/arm-none-eabi/12.2.1/thumb/v8-m.main+fp/hard\libgcc.a(_arm_addsubdf3.o)
                              ./app.o (__aeabi_f2d)
d:/program files/simplicity studio/developer/toolchains/gnu_arm/12.2.rel1_2023.7/bin/../lib/gcc/arm-none-eabi/12.2.1/thumb/v8-m.main+fp/hard\libgcc.a(_arm_fixunsdfsi.o)
                              ./third_party_hw_drivers_2.0.2/driver/peripheral_drivers/mikroe/src/drv_analog_in.o (__aeabi_d2uiz)
d:/program files/simplicity studio/developer/toolchains/gnu_arm/12.2.rel1_2023.7/bin/../lib/gcc/arm-none-eabi/12.2.1/thumb/v8-m.main+fp/hard\libgcc.a(_aeabi_ldivmod.o)
                              ./gecko_sdk_4.2.6/platform/emlib/src/em_usart.o (__aeabi_ldivmod)
d:/program files/simplicity studio/developer/toolchains/gnu_arm/12.2.rel1_2023.7/bin/../lib/gcc/arm-none-eabi/12.2.1/thumb/v8-m.main+fp/hard\libgcc.a(_aeabi_uldivmod.o)
                              ./gecko_sdk_4.2.6/platform/emlib/src/em_usart.o (__aeabi_uldivmod)
d:/program files/simplicity studio/developer/toolchains/gnu_arm/12.2.rel1_2023.7/bin/../lib/gcc/arm-none-eabi/12.2.1/thumb/v8-m.main+fp/hard\libgcc.a(_udivmoddi4.o)
                              d:/program files/simplicity studio/developer/toolchains/gnu_arm/12.2.rel1_2023.7/bin/../lib/gcc/arm-none-eabi/12.2.1/thumb/v8-m.main+fp/hard\libgcc.a(_aeabi_ldivmod.o) (__udivmoddi4)
d:/program files/simplicity studio/developer/toolchains/gnu_arm/12.2.rel1_2023.7/bin/../lib/gcc/arm-none-eabi/12.2.1/thumb/v8-m.main+fp/hard\libgcc.a(_dvmd_tls.o)
                              d:/program files/simplicity studio/developer/toolchains/gnu_arm/12.2.rel1_2023.7/bin/../lib/gcc/arm-none-eabi/12.2.1/thumb/v8-m.main+fp/hard\libgcc.a(_aeabi_ldivmod.o) (__aeabi_ldiv0)
d:/program files/simplicity studio/developer/toolchains/gnu_arm/12.2.rel1_2023.7/bin/../lib/gcc/arm-none-eabi/12.2.1/thumb/v8-m.main+fp/hard\libc_nano.a(libc_a-exit.o)
                              d:/program files/simplicity studio/developer/toolchains/gnu_arm/12.2.rel1_2023.7/bin/../lib/gcc/arm-none-eabi/12.2.1/thumb/v8-m.main+fp/hard/crt0.o (exit)
d:/program files/simplicity studio/developer/toolchains/gnu_arm/12.2.rel1_2023.7/bin/../lib/gcc/arm-none-eabi/12.2.1/thumb/v8-m.main+fp/hard\libc_nano.a(libc_a-ctype_.o)
                              ./gecko_sdk_4.2.6/platform/common/src/sl_string.o (_ctype_)
d:/program files/simplicity studio/developer/toolchains/gnu_arm/12.2.rel1_2023.7/bin/../lib/gcc/arm-none-eabi/12.2.1/thumb/v8-m.main+fp/hard\libc_nano.a(libc_a-nano-vfprintf_float.o)
                              (_printf_float)
d:/program files/simplicity studio/developer/toolchains/gnu_arm/12.2.rel1_2023.7/bin/../lib/gcc/arm-none-eabi/12.2.1/thumb/v8-m.main+fp/hard\libc_nano.a(libc_a-nano-vfprintf_i.o)
                              d:/program files/simplicity studio/developer/toolchains/gnu_arm/12.2.rel1_2023.7/bin/../lib/gcc/arm-none-eabi/12.2.1/thumb/v8-m.main+fp/hard\libc_nano.a(libc_a-nano-vfprintf_float.o) (_printf_common)
d:/program files/simplicity studio/developer/toolchains/gnu_arm/12.2.rel1_2023.7/bin/../lib/gcc/arm-none-eabi/12.2.1/thumb/v8-m.main+fp/hard\libc_nano.a(libc_a-findfp.o)
                              d:/program files/simplicity studio/developer/toolchains/gnu_arm/12.2.rel1_2023.7/bin/../lib/gcc/arm-none-eabi/12.2.1/thumb/v8-m.main+fp/hard\libc_nano.a(libc_a-exit.o) (__stdio_exit_handler)
d:/program files/simplicity studio/developer/toolchains/gnu_arm/12.2.rel1_2023.7/bin/../lib/gcc/arm-none-eabi/12.2.1/thumb/v8-m.main+fp/hard\libc_nano.a(libc_a-fwalk.o)
                              d:/program files/simplicity studio/developer/toolchains/gnu_arm/12.2.rel1_2023.7/bin/../lib/gcc/arm-none-eabi/12.2.1/thumb/v8-m.main+fp/hard\libc_nano.a(libc_a-findfp.o) (_fwalk_sglue)
d:/program files/simplicity studio/developer/toolchains/gnu_arm/12.2.rel1_2023.7/bin/../lib/gcc/arm-none-eabi/12.2.1/thumb/v8-m.main+fp/hard\libc_nano.a(libc_a-setvbuf.o)
                              ./gecko_sdk_4.2.6/platform/service/iostream/src/sl_iostream_stdlib_config.o (setvbuf)
d:/program files/simplicity studio/developer/toolchains/gnu_arm/12.2.rel1_2023.7/bin/../lib/gcc/arm-none-eabi/12.2.1/thumb/v8-m.main+fp/hard\libc_nano.a(libc_a-stdio.o)
                              d:/program files/simplicity studio/developer/toolchains/gnu_arm/12.2.rel1_2023.7/bin/../lib/gcc/arm-none-eabi/12.2.1/thumb/v8-m.main+fp/hard\libc_nano.a(libc_a-findfp.o) (__sread)
d:/program files/simplicity studio/developer/toolchains/gnu_arm/12.2.rel1_2023.7/bin/../lib/gcc/arm-none-eabi/12.2.1/thumb/v8-m.main+fp/hard\libc_nano.a(libc_a-vprintf.o)
                              ./gecko_sdk_4.2.6/platform/service/iostream/src/sl_iostream.o (vprintf)
[...]
Memory Configuration

Name             Origin             Length             Attributes
FLASH            0x00000000         0x0007e000         xr
RAM              0x20000000         0x00008000         xrw
*default*        0x00000000         0xffffffff

Linker script and memory map

LOAD d:/program files/simplicity studio/developer/toolchains/gnu_arm/12.2.rel1_2023.7/bin/../lib/gcc/arm-none-eabi/12.2.1/thumb/v8-m.main+fp/hard/crti.o
LOAD d:/program files/simplicity studio/developer/toolchains/gnu_arm/12.2.rel1_2023.7/bin/../lib/gcc/arm-none-eabi/12.2.1/thumb/v8-m.main+fp/hard/crtbegin.o
LOAD d:/program files/simplicity studio/developer/toolchains/gnu_arm/12.2.rel1_2023.7/bin/../lib/gcc/arm-none-eabi/12.2.1/thumb/v8-m.main+fp/hard/crt0.o
START GROUP
LOAD ./app.o
LOAD ./main.o
LOAD ./userbuilt.o
LOAD ./autogen/sl_board_default_init.o
LOAD ./autogen/sl_device_init_clocks.o
LOAD ./autogen/sl_event_handler.o
LOAD ./autogen/sl_iostream_handles.o
LOAD ./autogen/sl_iostream_init_usart_instances.o
LOAD ./autogen/sl_simple_button_instances.o
LOAD ./autogen/sl_simple_led_instances.o
LOAD ./gecko_sdk_4.2.6/app/common/util/app_log/app_log.o
LOAD ./gecko_sdk_4.2.6/hardware/board/src/sl_board_control_gpio.o
LOAD ./gecko_sdk_4.2.6/hardware/board/src/sl_board_init.o
LOAD ./gecko_sdk_4.2.6/platform/Device/SiliconLabs/BGM22/Source/startup_bgm22.o
LOAD ./gecko_sdk_4.2.6/platform/Device/SiliconLabs/BGM22/Source/system_bgm22.o
LOAD ./gecko_sdk_4.2.6/platform/common/src/sl_assert.o
LOAD ./gecko_sdk_4.2.6/platform/common/src/sl_stdio.o
LOAD ./gecko_sdk_4.2.6/platform/common/src/sl_string.o
LOAD ./gecko_sdk_4.2.6/platform/common/toolchain/src/sl_memory.o
LOAD ./gecko_sdk_4.2.6/platform/driver/button/src/sl_button.o
LOAD ./gecko_sdk_4.2.6/platform/driver/button/src/sl_simple_button.o
LOAD ./gecko_sdk_4.2.6/platform/driver/leddrv/src/sl_led.o
LOAD ./gecko_sdk_4.2.6/platform/driver/leddrv/src/sl_simple_led.o
LOAD ./gecko_sdk_4.2.6/platform/emdrv/dmadrv/src/dmadrv.o
LOAD ./gecko_sdk_4.2.6/platform/emdrv/gpiointerrupt/src/gpiointerrupt.o
LOAD ./gecko_sdk_4.2.6/platform/emlib/src/em_burtc.o
LOAD ./gecko_sdk_4.2.6/platform/emlib/src/em_cmu.o
LOAD ./gecko_sdk_4.2.6/platform/emlib/src/em_core.o
LOAD ./gecko_sdk_4.2.6/platform/emlib/src/em_emu.o
LOAD ./gecko_sdk_4.2.6/platform/emlib/src/em_gpio.o
LOAD ./gecko_sdk_4.2.6/platform/emlib/src/em_iadc.o
LOAD ./gecko_sdk_4.2.6/platform/emlib/src/em_ldma.o
LOAD ./gecko_sdk_4.2.6/platform/emlib/src/em_msc.o
LOAD ./gecko_sdk_4.2.6/platform/emlib/src/em_rtcc.o
LOAD ./gecko_sdk_4.2.6/platform/emlib/src/em_system.o
LOAD ./gecko_sdk_4.2.6/platform/emlib/src/em_timer.o
LOAD ./gecko_sdk_4.2.6/platform/emlib/src/em_usart.o
LOAD ./gecko_sdk_4.2.6/platform/service/device_init/src/sl_device_init_dcdc_s2.o
LOAD ./gecko_sdk_4.2.6/platform/service/device_init/src/sl_device_init_emu_s2.o
LOAD ./gecko_sdk_4.2.6/platform/service/device_init/src/sl_device_init_hfxo_s2.o
LOAD ./gecko_sdk_4.2.6/platform/service/device_init/src/sl_device_init_lfxo_s2.o
LOAD ./gecko_sdk_4.2.6/platform/service/device_init/src/sl_device_init_nvic.o
LOAD ./gecko_sdk_4.2.6/platform/service/iostream/src/sl_iostream.o
LOAD ./gecko_sdk_4.2.6/platform/service/iostream/src/sl_iostream_retarget_stdio.o
LOAD ./gecko_sdk_4.2.6/platform/service/iostream/src/sl_iostream_stdlib_config.o
LOAD ./gecko_sdk_4.2.6/platform/service/iostream/src/sl_iostream_uart.o
LOAD ./gecko_sdk_4.2.6/platform/service/iostream/src/sl_iostream_usart.o
LOAD ./gecko_sdk_4.2.6/platform/service/sleeptimer/src/sl_sleeptimer.o
LOAD ./gecko_sdk_4.2.6/platform/service/sleeptimer/src/sl_sleeptimer_hal_burtc.o
LOAD ./gecko_sdk_4.2.6/platform/service/sleeptimer/src/sl_sleeptimer_hal_prortc.o
LOAD ./gecko_sdk_4.2.6/platform/service/sleeptimer/src/sl_sleeptimer_hal_rtcc.o
LOAD ./gecko_sdk_4.2.6/platform/service/sleeptimer/src/sl_sleeptimer_hal_timer.o
LOAD ./gecko_sdk_4.2.6/platform/service/system/src/sl_system_init.o
LOAD ./gecko_sdk_4.2.6/platform/service/system/src/sl_system_process_action.o
LOAD ./gecko_sdk_4.2.6/platform/service/udelay/src/sl_udelay.o
LOAD ./gecko_sdk_4.2.6/platform/service/udelay/src/sl_udelay_armv6m_gcc.o
LOAD ./third_party_hw_drivers_2.0.2/driver/peripheral_drivers/mikroe/src/drv_analog_in.o
LOAD ./third_party_hw_drivers_2.0.2/driver/peripheral_drivers/mikroe/src/drv_digital_in.o
LOAD ./third_party_hw_drivers_2.0.2/driver/peripheral_drivers/mikroe/src/drv_digital_out.o
LOAD ./third_party_hw_drivers_2.0.2/driver/public/mikroe/co_mq7/src/mikroe_mq7.o
LOAD ./third_party_hw_drivers_2.0.2/driver/thirdparty/mikrosdk_click_v2/clicks/co/lib/src/co.o
LOAD d:/program files/simplicity studio/developer/toolchains/gnu_arm/12.2.rel1_2023.7/bin/../lib/gcc/arm-none-eabi/12.2.1/thumb/v8-m.main+fp/hard\libgcc.a
LOAD d:/program files/simplicity studio/developer/toolchains/gnu_arm/12.2.rel1_2023.7/bin/../lib/gcc/arm-none-eabi/12.2.1/thumb/v8-m.main+fp/hard\libc_nano.a
LOAD d:/program files/simplicity studio/developer/toolchains/gnu_arm/12.2.rel1_2023.7/bin/../lib/gcc/arm-none-eabi/12.2.1/thumb/v8-m.main+fp/hard\libm.a
LOAD d:/program files/simplicity studio/developer/toolchains/gnu_arm/12.2.rel1_2023.7/bin/../lib/gcc/arm-none-eabi/12.2.1/thumb/v8-m.main+fp/hard\libnosys.a
END GROUP
START GROUP
LOAD d:/program files/simplicity studio/developer/toolchains/gnu_arm/12.2.rel1_2023.7/bin/../lib/gcc/arm-none-eabi/12.2.1/thumb/v8-m.main+fp/hard\libgcc.a
LOAD d:/program files/simplicity studio/developer/toolchains/gnu_arm/12.2.rel1_2023.7/bin/../lib/gcc/arm-none-eabi/12.2.1/thumb/v8-m.main+fp/hard\libc_nano.a
LOAD d:/program files/simplicity studio/developer/toolchains/gnu_arm/12.2.rel1_2023.7/bin/../lib/gcc/arm-none-eabi/12.2.1/thumb/v8-m.main+fp/hard\libnosys.a
END GROUP
START GROUP
LOAD d:/program files/simplicity studio/developer/toolchains/gnu_arm/12.2.rel1_2023.7/bin/../lib/gcc/arm-none-eabi/12.2.1/thumb/v8-m.main+fp/hard\libgcc.a
LOAD d:/program files/simplicity studio/developer/toolchains/gnu_arm/12.2.rel1_2023.7/bin/../lib/gcc/arm-none-eabi/12.2.1/thumb/v8-m.main+fp/hard\libg_nano.a
LOAD d:/program files/simplicity studio/developer/toolchains/gnu_arm/12.2.rel1_2023.7/bin/../lib/gcc/arm-none-eabi/12.2.1/thumb/v8-m.main+fp/hard\libc_nano.a
END GROUP
START GROUP
LOAD d:/program files/simplicity studio/developer/toolchains/gnu_arm/12.2.rel1_2023.7/bin/../lib/gcc/arm-none-eabi/12.2.1/thumb/v8-m.main+fp/hard\libgcc.a
LOAD d:/program files/simplicity studio/developer/toolchains/gnu_arm/12.2.rel1_2023.7/bin/../lib/gcc/arm-none-eabi/12.2.1/thumb/v8-m.main+fp/hard\libc_nano.a
END GROUP
LOAD d:/program files/simplicity studio/developer/toolchains/gnu_arm/12.2.rel1_2023.7/bin/../lib/gcc/arm-none-eabi/12.2.1/thumb/v8-m.main+fp/hard/crtend.o
LOAD d:/program files/simplicity studio/developer/toolchains/gnu_arm/12.2.rel1_2023.7/bin/../lib/gcc/arm-none-eabi/12.2.1/thumb/v8-m.main+fp/hard/crtn.o

.text           0x00000000     0x8398
                0x00000000                linker_vectors_begin = .
 *(.vectors)
 .vectors       0x00000000      0x140 ./gecko_sdk_4.2.6/platform/Device/SiliconLabs/BGM22/Source/startup_bgm22.o
                0x00000000                __Vectors
                0x00000140                linker_vectors_end = .
                0x00000140                __Vectors_End = .
                0x00000140                __Vectors_Size = (__Vectors_End - __Vectors)
                0x00000140                linker_code_begin = .
 *(SORT_BY_ALIGNMENT(.text*))
 .text._dtoa_r  0x00000140      0xc54 d:/program files/simplicity studio/developer/toolchains/gnu_arm/12.2.rel1_2023.7/bin/../lib/gcc/arm-none-eabi/12.2.1/thumb/v8-m.main+fp/hard\libc_nano.a(libc_a-dtoa.o)
                0x00000140                _dtoa_r
 *fill*         0x00000d94        0x4 
 .text.floor    0x00000d98      0x108 d:/program files/simplicity studio/developer/toolchains/gnu_arm/12.2.rel1_2023.7/bin/../lib/gcc/arm-none-eabi/12.2.1/thumb/v8-m.main+fp/hard\libm.a(libm_a-s_floor.o)
                0x00000d98                floor
 .text.deregister_tm_clones
                0x00000ea0       0x1c d:/program files/simplicity studio/developer/toolchains/gnu_arm/12.2.rel1_2023.7/bin/../lib/gcc/arm-none-eabi/12.2.1/thumb/v8-m.main+fp/hard/crtbegin.o
 .text.register_tm_clones
                0x00000ebc       0x28 d:/program files/simplicity studio/developer/toolchains/gnu_arm/12.2.rel1_2023.7/bin/../lib/gcc/arm-none-eabi/12.2.1/thumb/v8-m.main+fp/hard/crtbegin.o
 .text.__do_global_dtors_aux
                0x00000ee4       0x28 d:/program files/simplicity studio/developer/toolchains/gnu_arm/12.2.rel1_2023.7/bin/../lib/gcc/arm-none-eabi/12.2.1/thumb/v8-m.main+fp/hard/crtbegin.o
 .text.frame_dummy
                0x00000f0c       0x24 d:/program files/simplicity studio/developer/toolchains/gnu_arm/12.2.rel1_2023.7/bin/../lib/gcc/arm-none-eabi/12.2.1/thumb/v8-m.main+fp/hard/crtbegin.o
 .text          0x00000f30       0x7c d:/program files/simplicity studio/developer/toolchains/gnu_arm/12.2.rel1_2023.7/bin/../lib/gcc/arm-none-eabi/12.2.1/thumb/v8-m.main+fp/hard/crt0.o
                0x00000f30                _stack_init
                0x00000f38                _start
                0x00000f38                _mainCRTStartup
 .text.mq2_init
                0x00000fac        0xc ./app.o
                0x00000fac                mq2_init
 .text.alarm_control
                0x00000fb8       0x38 ./app.o
                0x00000fb8                alarm_control
 .text.app_process_action
                0x00000ff0       0x38 ./app.o
                0x00000ff0                app_process_action
 .text.sl_device_init_clocks
                0x00001028       0x9c ./autogen/sl_device_init_clocks.o
                0x00001028                sl_device_init_clocks
 .text.sl_platform_init
                0x000010c4       0x60 ./autogen/sl_event_handler.o
                0x000010c4                sl_platform_init
 .text.sl_iostream_usart_init_vcom
                0x00001124       0xa8 ./autogen/sl_iostream_init_usart_instances.o
                0x00001124                sl_iostream_usart_init_vcom
 .text.sl_iostream_usart_init_instances
                0x000011cc       0x1c ./autogen/sl_iostream_init_usart_instances.o
                0x000011cc                sl_iostream_usart_init_instances
 .text.USART1_RX_IRQHandler
                0x000011e8        0xc ./autogen/sl_iostream_init_usart_instances.o
                0x000011e8                USART1_RX_IRQHandler
 .text.sl_simple_button_init_instances
                0x000011f4        0xc ./autogen/sl_simple_button_instances.o
                0x000011f4                sl_simple_button_init_instances
 .text.sl_simple_led_init_instances
                0x00001200        0xc ./autogen/sl_simple_led_instances.o
                0x00001200                sl_simple_led_init_instances
 .text.app_log_init
                0x0000120c       0x38 ./gecko_sdk_4.2.6/app/common/util/app_log/app_log.o
                0x0000120c                app_log_init
 .text.Reset_Handler
                0x00001244       0x60 ./gecko_sdk_4.2.6/platform/Device/SiliconLabs/BGM22/Source/startup_bgm22.o
                0x00001244                Reset_Handler
 .text.SystemInit
                0x000012a4       0x64 ./gecko_sdk_4.2.6/platform/Device/SiliconLabs/BGM22/Source/system_bgm22.o
                0x000012a4                SystemInit
 .text.SystemHFRCODPLLClockGet
                0x00001308        0xc ./gecko_sdk_4.2.6/platform/Device/SiliconLabs/BGM22/Source/system_bgm22.o
                0x00001308                SystemHFRCODPLLClockGet
 .text.SystemSYSCLKGet
                0x00001314       0x34 ./gecko_sdk_4.2.6/platform/Device/SiliconLabs/BGM22/Source/system_bgm22.o
                0x00001314                SystemSYSCLKGet
 .text.SystemHCLKGet
                0x00001348       0x24 ./gecko_sdk_4.2.6/platform/Device/SiliconLabs/BGM22/Source/system_bgm22.o
                0x00001348                SystemHCLKGet
 .text.SystemMaxCoreClockGet
                0x0000136c        0x8 ./gecko_sdk_4.2.6/platform/Device/SiliconLabs/BGM22/Source/system_bgm22.o
                0x0000136c                SystemMaxCoreClockGet
 .text.SystemHFXOClockGet
                0x00001374        0xc ./gecko_sdk_4.2.6/platform/Device/SiliconLabs/BGM22/Source/system_bgm22.o
                0x00001374                SystemHFXOClockGet
 .text.SystemHFXOClockSet
                0x00001380       0x20 ./gecko_sdk_4.2.6/platform/Device/SiliconLabs/BGM22/Source/system_bgm22.o
                0x00001380                SystemHFXOClockSet
 .text.SystemFSRCOClockGet
                0x000013a0        0x8 ./gecko_sdk_4.2.6/platform/Device/SiliconLabs/BGM22/Source/system_bgm22.o
                0x000013a0                SystemFSRCOClockGet
 .text.SystemLFXOClockGet
                0x000013a8        0xc ./gecko_sdk_4.2.6/platform/Device/SiliconLabs/BGM22/Source/system_bgm22.o
                0x000013a8                SystemLFXOClockGet
 .text._sbrk    0x000013b4       0x20 ./gecko_sdk_4.2.6/platform/common/toolchain/src/sl_memory.o
                0x000013b4                _sbrk
 .text.GPIO_PinInGet
                0x000013d4       0x44 ./gecko_sdk_4.2.6/platform/driver/button/src/sl_simple_button.o
 .text.sl_simple_button_init
                0x00001418       0x6c ./gecko_sdk_4.2.6/platform/driver/button/src/sl_simple_button.o
                0x00001418                sl_simple_button_init
 .text.GPIO_PinOutClear
                0x00001484       0x40 ./gecko_sdk_4.2.6/platform/driver/leddrv/src/sl_simple_led.o
 .text.GPIO_PinOutSet
                0x000014c4       0x40 ./gecko_sdk_4.2.6/platform/driver/leddrv/src/sl_simple_led.o
 .text.sl_simple_led_toggle
                0x00001504       0x40 ./gecko_sdk_4.2.6/platform/driver/leddrv/src/sl_simple_led.o
                0x00001504                sl_simple_led_toggle
 .text.sl_simple_led_get_state
                0x00001544       0x4c ./gecko_sdk_4.2.6/platform/driver/leddrv/src/sl_simple_led.o
                0x00001544                sl_simple_led_get_state
 .text.StartTransfer
                0x00001590      0x17c ./gecko_sdk_4.2.6/platform/emdrv/dmadrv/src/dmadrv.o
 .text.DMADRV_AllocateChannel
                0x0000170c       0x60 ./gecko_sdk_4.2.6/platform/emdrv/dmadrv/src/dmadrv.o
                0x0000170c                DMADRV_AllocateChannel
 .text.DMADRV_DeInit
                0x0000176c       0x44 ./gecko_sdk_4.2.6/platform/emdrv/dmadrv/src/dmadrv.o
                0x0000176c                DMADRV_DeInit
 .text.DMADRV_FreeChannel
                0x000017b0       0x4c ./gecko_sdk_4.2.6/platform/emdrv/dmadrv/src/dmadrv.o
                0x000017b0                DMADRV_FreeChannel
 .text.DMADRV_Init
                0x000017fc       0x68 ./gecko_sdk_4.2.6/platform/emdrv/dmadrv/src/dmadrv.o
                0x000017fc                DMADRV_Init
 .text.DMADRV_PauseTransfer
                0x00001864       0x40 ./gecko_sdk_4.2.6/platform/emdrv/dmadrv/src/dmadrv.o
                0x00001864                DMADRV_PauseTransfer
 .text.DMADRV_ResumeTransfer
                0x000018a4       0x40 ./gecko_sdk_4.2.6/platform/emdrv/dmadrv/src/dmadrv.o
                0x000018a4                DMADRV_ResumeTransfer
 .text.DMADRV_StopTransfer
                0x000018e4       0x40 ./gecko_sdk_4.2.6/platform/emdrv/dmadrv/src/dmadrv.o
                0x000018e4                DMADRV_StopTransfer
 .text.DMADRV_TransferCompletePending
                0x00001924       0x50 ./gecko_sdk_4.2.6/platform/emdrv/dmadrv/src/dmadrv.o
                0x00001924                DMADRV_TransferCompletePending
 .text.DMADRV_TransferDone
                0x00001974       0x44 ./gecko_sdk_4.2.6/platform/emdrv/dmadrv/src/dmadrv.o
                0x00001974                DMADRV_TransferDone
 .text.LDMA_IRQHandler
                0x000019b8       0x74 ./gecko_sdk_4.2.6/platform/emdrv/dmadrv/src/dmadrv.o
                0x000019b8                LDMA_IRQHandler
 .text.GPIOINT_IRQDispatcher
                0x00001a2c       0x38 ./gecko_sdk_4.2.6/platform/emdrv/gpiointerrupt/src/gpiointerrupt.o
 .text.GPIOINT_Init
                0x00001a64       0x30 ./gecko_sdk_4.2.6/platform/emdrv/gpiointerrupt/src/gpiointerrupt.o
                0x00001a64                GPIOINT_Init
 .text.GPIOINT_CallbackRegister
                0x00001a94       0x24 ./gecko_sdk_4.2.6/platform/emdrv/gpiointerrupt/src/gpiointerrupt.o
                0x00001a94                GPIOINT_CallbackRegister
 .text.GPIOINT_CallbackRegisterExt
                0x00001ab8       0x64 ./gecko_sdk_4.2.6/platform/emdrv/gpiointerrupt/src/gpiointerrupt.o
                0x00001ab8                GPIOINT_CallbackRegisterExt
 .text.GPIO_EVEN_IRQHandler
                0x00001b1c       0x24 ./gecko_sdk_4.2.6/platform/emdrv/gpiointerrupt/src/gpiointerrupt.o
                0x00001b1c                GPIO_EVEN_IRQHandler
 .text.GPIO_ODD_IRQHandler
                0x00001b40       0x24 ./gecko_sdk_4.2.6/platform/emdrv/gpiointerrupt/src/gpiointerrupt.o
                0x00001b40                GPIO_ODD_IRQHandler
 .text.EMU_VScaleGet
                0x00001b64       0x18 ./gecko_sdk_4.2.6/platform/emlib/src/em_cmu.o
 .text.em01GrpaClkGet
                0x00001b7c       0x54 ./gecko_sdk_4.2.6/platform/emlib/src/em_cmu.o
 .text.iadcClkGet
                0x00001bd0       0x54 ./gecko_sdk_4.2.6/platform/emlib/src/em_cmu.o
 .text.em01GrpbClkGet
                0x00001c24       0x70 ./gecko_sdk_4.2.6/platform/emlib/src/em_cmu.o
 .text.em23GrpaClkGet
                0x00001c94       0x54 ./gecko_sdk_4.2.6/platform/emlib/src/em_cmu.o
 .text.wdog0ClkGet
                0x00001ce8       0x60 ./gecko_sdk_4.2.6/platform/emlib/src/em_cmu.o
 .text.rtccClkGet
                0x00001d48       0x54 ./gecko_sdk_4.2.6/platform/emlib/src/em_cmu.o
 .text.em4GrpaClkGet
                0x00001d9c       0x54 ./gecko_sdk_4.2.6/platform/emlib/src/em_cmu.o
 .text.euart0ClkGet
                0x00001df0       0x48 ./gecko_sdk_4.2.6/platform/emlib/src/em_cmu.o
 .text.CMU_ClockDivGet
                0x00001e38       0x84 ./gecko_sdk_4.2.6/platform/emlib/src/em_cmu.o
                0x00001e38                CMU_ClockDivGet
 .text.flashWaitStateControl
                0x00001ebc       0x4c ./gecko_sdk_4.2.6/platform/emlib/src/em_cmu.o
 .text.CMU_ClockEnable
                0x00001f08       0x54 ./gecko_sdk_4.2.6/platform/emlib/src/em_cmu.o
                0x00001f08                CMU_ClockEnable
 .text.CMU_ClockFreqGet
                0x00001f5c      0x198 ./gecko_sdk_4.2.6/platform/emlib/src/em_cmu.o
                0x00001f5c                CMU_ClockFreqGet
 .text.rhclkPrescOptimize
                0x000020f4       0x20 ./gecko_sdk_4.2.6/platform/emlib/src/em_cmu.o
 .text.CMU_ClockSelectGet
                0x00002114      0x168 ./gecko_sdk_4.2.6/platform/emlib/src/em_cmu.o
                0x00002114                CMU_ClockSelectGet
 .text.sli_em_cmu_HFXOSetForceEnable
                0x0000227c       0x18 ./gecko_sdk_4.2.6/platform/emlib/src/em_cmu.o
                0x0000227c                sli_em_cmu_HFXOSetForceEnable
 .text.CMU_HFXOInit
                0x00002294      0x1dc ./gecko_sdk_4.2.6/platform/emlib/src/em_cmu.o
                0x00002294                CMU_HFXOInit
 .text.CMU_HFXOCTuneDeltaGet
                0x00002470        0xc ./gecko_sdk_4.2.6/platform/emlib/src/em_cmu.o
                0x00002470                CMU_HFXOCTuneDeltaGet
 .text.CMU_LFXOInit
                0x0000247c       0xc4 ./gecko_sdk_4.2.6/platform/emlib/src/em_cmu.o
                0x0000247c                CMU_LFXOInit
 .text.CMU_LFXOPrecisionSet
                0x00002540        0xc ./gecko_sdk_4.2.6/platform/emlib/src/em_cmu.o
                0x00002540                CMU_LFXOPrecisionSet
 .text.CMU_ClockDivSet
                0x0000254c      0x104 ./gecko_sdk_4.2.6/platform/emlib/src/em_cmu.o
                0x0000254c                CMU_ClockDivSet
 .text.sli_em_cmu_SYSCLKInitPreClockSelect
                0x00002650       0x20 ./gecko_sdk_4.2.6/platform/emlib/src/em_cmu.o
                0x00002650                sli_em_cmu_SYSCLKInitPreClockSelect
 .text.pclkDivOptimize
                0x00002670       0x24 ./gecko_sdk_4.2.6/platform/emlib/src/em_cmu.o
 .text.CMU_ClockSelectSet
                0x00002694      0x3b8 ./gecko_sdk_4.2.6/platform/emlib/src/em_cmu.o
                0x00002694                CMU_ClockSelectSet
 .text.CORE_NvicIRQDisabled
                0x00002a4c       0x34 ./gecko_sdk_4.2.6/platform/emlib/src/em_core.o
                0x00002a4c                CORE_NvicIRQDisabled
 .text.EMU_EM4Init
                0x00002a80       0x14 ./gecko_sdk_4.2.6/platform/emlib/src/em_emu.o
                0x00002a80                EMU_EM4Init
 .text.EMU_VScaleEM01
                0x00002a94       0xa8 ./gecko_sdk_4.2.6/platform/emlib/src/em_emu.o
                0x00002a94                EMU_VScaleEM01
 .text.EMU_VScaleEM01ByClock
                0x00002b3c       0x30 ./gecko_sdk_4.2.6/platform/emlib/src/em_emu.o
                0x00002b3c                EMU_VScaleEM01ByClock
 .text.EMU_DCDCModeSet
                0x00002b6c       0x78 ./gecko_sdk_4.2.6/platform/emlib/src/em_emu.o
                0x00002b6c                EMU_DCDCModeSet
 .text.EMU_DCDCInit
                0x00002be4       0x74 ./gecko_sdk_4.2.6/platform/emlib/src/em_emu.o
                0x00002be4                EMU_DCDCInit
 .text.BUS_RegBitWrite
                0x00002c58       0x2c ./gecko_sdk_4.2.6/platform/emlib/src/em_gpio.o
 .text.GPIO_PinOutSet
                0x00002c84       0x40 ./gecko_sdk_4.2.6/platform/emlib/src/em_gpio.o
 .text.GPIO_PinOutClear
                0x00002cc4       0x40 ./gecko_sdk_4.2.6/platform/emlib/src/em_gpio.o
 .text.GPIO_ExtIntConfig
                0x00002d04       0xe0 ./gecko_sdk_4.2.6/platform/emlib/src/em_gpio.o
                0x00002d04                GPIO_ExtIntConfig
 .text.GPIO_PinModeSet
                0x00002de4       0x90 ./gecko_sdk_4.2.6/platform/emlib/src/em_gpio.o
                0x00002de4                GPIO_PinModeSet
 .text.IADC_updateSingleInput
                0x00002e74       0x54 ./gecko_sdk_4.2.6/platform/emlib/src/em_iadc.o
                0x00002e74                IADC_updateSingleInput
 .text.IADC_initSingle
                0x00002ec8       0x84 ./gecko_sdk_4.2.6/platform/emlib/src/em_iadc.o
                0x00002ec8                IADC_initSingle
 .text.IADC_reset
                0x00002f4c       0xc8 ./gecko_sdk_4.2.6/platform/emlib/src/em_iadc.o
                0x00002f4c                IADC_reset
 .text.IADC_calcTimebase
                0x00003014       0x64 ./gecko_sdk_4.2.6/platform/emlib/src/em_iadc.o
                0x00003014                IADC_calcTimebase
 .text.IADC_calcSrcClkPrescale
                0x00003078       0x64 ./gecko_sdk_4.2.6/platform/emlib/src/em_iadc.o
                0x00003078                IADC_calcSrcClkPrescale
 .text.IADC_calcAdcClkPrescale
                0x000030dc       0x74 ./gecko_sdk_4.2.6/platform/emlib/src/em_iadc.o
                0x000030dc                IADC_calcAdcClkPrescale
 .text.IADC_init
                0x00003150      0x374 ./gecko_sdk_4.2.6/platform/emlib/src/em_iadc.o
                0x00003150                IADC_init
 .text.LDMA_DeInit
                0x000034c4       0x3c ./gecko_sdk_4.2.6/platform/emlib/src/em_ldma.o
                0x000034c4                LDMA_DeInit
 .text.LDMA_EnableChannelRequest
                0x00003500       0x40 ./gecko_sdk_4.2.6/platform/emlib/src/em_ldma.o
                0x00003500                LDMA_EnableChannelRequest
 .text.LDMA_Init
                0x00003540       0x94 ./gecko_sdk_4.2.6/platform/emlib/src/em_ldma.o
                0x00003540                LDMA_Init
 .text.LDMA_StartTransfer
                0x000035d4      0x100 ./gecko_sdk_4.2.6/platform/emlib/src/em_ldma.o
                0x000035d4                LDMA_StartTransfer
 .text.LDMA_StopTransfer
                0x000036d4       0x38 ./gecko_sdk_4.2.6/platform/emlib/src/em_ldma.o
                0x000036d4                LDMA_StopTransfer
 .text.LDMA_TransferDone
                0x0000370c       0x44 ./gecko_sdk_4.2.6/platform/emlib/src/em_ldma.o
                0x0000370c                LDMA_TransferDone
 .text.RTCC_ChannelInit
                0x00003750       0x48 ./gecko_sdk_4.2.6/platform/emlib/src/em_rtcc.o
                0x00003750                RTCC_ChannelInit
 .text.RTCC_Enable
                0x00003798       0x54 ./gecko_sdk_4.2.6/platform/emlib/src/em_rtcc.o
                0x00003798                RTCC_Enable
 .text.RTCC_Init
                0x000037ec       0x48 ./gecko_sdk_4.2.6/platform/emlib/src/em_rtcc.o
                0x000037ec                RTCC_Init
 .text.SYSTEM_ChipRevisionGet
                0x00003834       0x24 ./gecko_sdk_4.2.6/platform/emlib/src/em_system.o
                0x00003834                SYSTEM_ChipRevisionGet
 .text.USART_BaudrateAsyncSet
                0x00003858       0xe0 ./gecko_sdk_4.2.6/platform/emlib/src/em_usart.o
                0x00003858                USART_BaudrateAsyncSet
 .text.USART_Enable
                0x00003938       0x44 ./gecko_sdk_4.2.6/platform/emlib/src/em_usart.o
                0x00003938                USART_Enable
 .text.USART_Reset
                0x0000397c       0x70 ./gecko_sdk_4.2.6/platform/emlib/src/em_usart.o
                0x0000397c                USART_Reset
 .text.USART_InitAsync
                0x000039ec      0x124 ./gecko_sdk_4.2.6/platform/emlib/src/em_usart.o
                0x000039ec                USART_InitAsync
 .text.sl_device_init_dcdc
                0x00003b10       0x20 ./gecko_sdk_4.2.6/platform/service/device_init/src/sl_device_init_dcdc_s2.o
                0x00003b10                sl_device_init_dcdc
 .text.sl_device_init_emu
                0x00003b30       0x24 ./gecko_sdk_4.2.6/platform/service/device_init/src/sl_device_init_emu_s2.o
                0x00003b30                sl_device_init_emu
 .text.sl_device_init_hfxo
                0x00003b54       0x6c ./gecko_sdk_4.2.6/platform/service/device_init/src/sl_device_init_hfxo_s2.o
                0x00003b54                sl_device_init_hfxo
 .text.sl_device_init_lfxo
                0x00003bc0       0x2c ./gecko_sdk_4.2.6/platform/service/device_init/src/sl_device_init_lfxo_s2.o
                0x00003bc0                sl_device_init_lfxo
 .text.sl_device_init_nvic
                0x00003bec       0x3c ./gecko_sdk_4.2.6/platform/service/device_init/src/sl_device_init_nvic.o
                0x00003bec                sl_device_init_nvic
 .text.sl_iostream_set_default
                0x00003c28       0x18 ./gecko_sdk_4.2.6/platform/service/iostream/src/sl_iostream.o
                0x00003c28                sl_iostream_set_default
 .text.sl_iostream_get_default
                0x00003c40       0x18 ./gecko_sdk_4.2.6/platform/service/iostream/src/sl_iostream.o
                0x00003c40                sl_iostream_get_default
 .text._write   0x00003c58       0x1c ./gecko_sdk_4.2.6/platform/service/iostream/src/sl_iostream_retarget_stdio.o
                0x00003c58                _write
 .text.sl_iostream_stdlib_disable_buffering
                0x00003c74       0x14 ./gecko_sdk_4.2.6/platform/service/iostream/src/sl_iostream_stdlib_config.o
                0x00003c74                sl_iostream_stdlib_disable_buffering
 .text.get_write_ptr
                0x00003c88       0x40 ./gecko_sdk_4.2.6/platform/service/iostream/src/sl_iostream_uart.o
 .text.dma_irq_handler
                0x00003cc8       0x74 ./gecko_sdk_4.2.6/platform/service/iostream/src/sl_iostream_uart.o
 .text.uart_read
                0x00003d3c      0x1f4 ./gecko_sdk_4.2.6/platform/service/iostream/src/sl_iostream_uart.o
 .text.uart_deinit
                0x00003f30       0x98 ./gecko_sdk_4.2.6/platform/service/iostream/src/sl_iostream_uart.o
 .text.uart_write
                0x00003fc8       0xc0 ./gecko_sdk_4.2.6/platform/service/iostream/src/sl_iostream_uart.o
 .text.sli_iostream_uart_context_init
                0x00004088       0xf8 ./gecko_sdk_4.2.6/platform/service/iostream/src/sl_iostream_uart.o
                0x00004088                sli_iostream_uart_context_init
 .text.sl_iostream_usart_init
                0x00004180      0x174 ./gecko_sdk_4.2.6/platform/service/iostream/src/sl_iostream_usart.o
                0x00004180                sl_iostream_usart_init
 .text.delta_list_insert_timer
                0x000042f4       0x40 ./gecko_sdk_4.2.6/platform/service/sleeptimer/src/sl_sleeptimer.o
 .text.update_delta_list
                0x00004334       0x34 ./gecko_sdk_4.2.6/platform/service/sleeptimer/src/sl_sleeptimer.o
 .text.set_comparator_for_next_timer
                0x00004368       0x5c ./gecko_sdk_4.2.6/platform/service/sleeptimer/src/sl_sleeptimer.o
 .text.delta_list_remove_timer
                0x000043c4       0x38 ./gecko_sdk_4.2.6/platform/service/sleeptimer/src/sl_sleeptimer.o
 .text.sl_sleeptimer_init
                0x000043fc       0x74 ./gecko_sdk_4.2.6/platform/service/sleeptimer/src/sl_sleeptimer.o
                0x000043fc                sl_sleeptimer_init
 .text.process_timer_irq
                0x00004470      0x150 ./gecko_sdk_4.2.6/platform/service/sleeptimer/src/sl_sleeptimer.o
                0x00004470                process_timer_irq
 .text.sleeptimer_hal_init_timer
                0x000045c0       0x88 ./gecko_sdk_4.2.6/platform/service/sleeptimer/src/sl_sleeptimer_hal_rtcc.o
                0x000045c0                sleeptimer_hal_init_timer
 .text.sleeptimer_hal_set_compare
                0x00004648       0x64 ./gecko_sdk_4.2.6/platform/service/sleeptimer/src/sl_sleeptimer_hal_rtcc.o
                0x00004648                sleeptimer_hal_set_compare
 .text.sleeptimer_hal_disable_int
                0x000046ac       0x30 ./gecko_sdk_4.2.6/platform/service/sleeptimer/src/sl_sleeptimer_hal_rtcc.o
                0x000046ac                sleeptimer_hal_disable_int
 .text.sleeptimer_hal_set_int
                0x000046dc       0x10 ./gecko_sdk_4.2.6/platform/service/sleeptimer/src/sl_sleeptimer_hal_rtcc.o
                0x000046dc                sleeptimer_hal_set_int
 .text.RTCC_IRQHandler
                0x000046ec       0x34 ./gecko_sdk_4.2.6/platform/service/sleeptimer/src/sl_sleeptimer_hal_rtcc.o
                0x000046ec                RTCC_IRQHandler
 .text.hal_adc_init
                0x00004720      0x1b4 ./third_party_hw_drivers_2.0.2/driver/peripheral_drivers/mikroe/src/drv_analog_in.o
 .text.analog_in_configure_default
                0x000048d4       0x14 ./third_party_hw_drivers_2.0.2/driver/peripheral_drivers/mikroe/src/drv_analog_in.o
                0x000048d4                analog_in_configure_default
 .text.analog_in_open
                0x000048e8       0x2c ./third_party_hw_drivers_2.0.2/driver/peripheral_drivers/mikroe/src/drv_analog_in.o
                0x000048e8                analog_in_open
 .text.analog_in_set_resolution
                0x00004914       0x14 ./third_party_hw_drivers_2.0.2/driver/peripheral_drivers/mikroe/src/drv_analog_in.o
                0x00004914                analog_in_set_resolution
 .text.analog_in_set_vref_value
                0x00004928       0x28 ./third_party_hw_drivers_2.0.2/driver/peripheral_drivers/mikroe/src/drv_analog_in.o
                0x00004928                analog_in_set_vref_value
 .text.analog_in_read_voltage
                0x00004950       0x3c ./third_party_hw_drivers_2.0.2/driver/peripheral_drivers/mikroe/src/drv_analog_in.o
                0x00004950                analog_in_read_voltage
 .text.mikroe_mq7_init
                0x0000498c       0x34 ./third_party_hw_drivers_2.0.2/driver/public/mikroe/co_mq7/src/mikroe_mq7.o
                0x0000498c                mikroe_mq7_init
 .text.mikroe_mq7_read_an_pin_voltage
                0x000049c0       0x18 ./third_party_hw_drivers_2.0.2/driver/public/mikroe/co_mq7/src/mikroe_mq7.o
                0x000049c0                mikroe_mq7_read_an_pin_voltage
 .text.co_cfg_setup
                0x000049d8       0x14 ./third_party_hw_drivers_2.0.2/driver/thirdparty/mikrosdk_click_v2/clicks/co/lib/src/co.o
                0x000049d8                co_cfg_setup
 .text          0x000049ec      0x378 d:/program files/simplicity studio/developer/toolchains/gnu_arm/12.2.rel1_2023.7/bin/../lib/gcc/arm-none-eabi/12.2.1/thumb/v8-m.main+fp/hard\libgcc.a(_arm_addsubdf3.o)
                0x000049ec                __aeabi_drsub
                0x000049f4                __aeabi_dsub
                0x000049f4                __subdf3
                0x000049f8                __aeabi_dadd
                0x000049f8                __adddf3
                0x00004c70                __floatunsidf
                0x00004c70                __aeabi_ui2d
                0x00004c90                __floatsidf
                0x00004c90                __aeabi_i2d
                0x00004cb4                __aeabi_f2d
                0x00004cb4                __extendsfdf2
                0x00004cf8                __floatundidf
                0x00004cf8                __aeabi_ul2d
                0x00004d08                __floatdidf
                0x00004d08                __aeabi_l2d
 .text          0x00004d64       0x40 d:/program files/simplicity studio/developer/toolchains/gnu_arm/12.2.rel1_2023.7/bin/../lib/gcc/arm-none-eabi/12.2.1/thumb/v8-m.main+fp/hard\libgcc.a(_arm_fixunsdfsi.o)
                0x00004d64                __aeabi_d2uiz
                0x00004d64                __fixunsdfsi
 .text          0x00004da4       0x30 d:/program files/simplicity studio/developer/toolchains/gnu_arm/12.2.rel1_2023.7/bin/../lib/gcc/arm-none-eabi/12.2.1/thumb/v8-m.main+fp/hard\libgcc.a(_aeabi_uldivmod.o)
                0x00004da4                __aeabi_uldivmod
 .text.__udivmoddi4
                0x00004dd4      0x2ec d:/program files/simplicity studio/developer/toolchains/gnu_arm/12.2.rel1_2023.7/bin/../lib/gcc/arm-none-eabi/12.2.1/thumb/v8-m.main+fp/hard\libgcc.a(_udivmoddi4.o)
                0x00004dd4                __udivmoddi4
 .text          0x000050c0        0x4 d:/program files/simplicity studio/developer/toolchains/gnu_arm/12.2.rel1_2023.7/bin/../lib/gcc/arm-none-eabi/12.2.1/thumb/v8-m.main+fp/hard\libgcc.a(_dvmd_tls.o)
                0x000050c0                __aeabi_idiv0
                0x000050c0                __aeabi_ldiv0
 .text.exit     0x000050c4       0x24 d:/program files/simplicity studio/developer/toolchains/gnu_arm/12.2.rel1_2023.7/bin/../lib/gcc/arm-none-eabi/12.2.1/thumb/v8-m.main+fp/hard\libc_nano.a(libc_a-exit.o)
                0x000050c4                exit
 .text._printf_float
                0x000050e8      0x468 d:/program files/simplicity studio/developer/toolchains/gnu_arm/12.2.rel1_2023.7/bin/../lib/gcc/arm-none-eabi/12.2.1/thumb/v8-m.main+fp/hard\libc_nano.a(libc_a-nano-vfprintf_float.o)
                0x000050e8                _printf_float
 .text._printf_i
                0x00005550      0x258 d:/program files/simplicity studio/developer/toolchains/gnu_arm/12.2.rel1_2023.7/bin/../lib/gcc/arm-none-eabi/12.2.1/thumb/v8-m.main+fp/hard\libc_nano.a(libc_a-nano-vfprintf_i.o)
                0x00005550                _printf_i
 .text.std      0x000057a8       0x6c d:/program files/simplicity studio/developer/toolchains/gnu_arm/12.2.rel1_2023.7/bin/../lib/gcc/arm-none-eabi/12.2.1/thumb/v8-m.main+fp/hard\libc_nano.a(libc_a-findfp.o)
 .text.stdio_exit_handler
                0x00005814       0x18 d:/program files/simplicity studio/developer/toolchains/gnu_arm/12.2.rel1_2023.7/bin/../lib/gcc/arm-none-eabi/12.2.1/thumb/v8-m.main+fp/hard\libc_nano.a(libc_a-findfp.o)
 .text.cleanup_stdio
                0x0000582c       0x40 d:/program files/simplicity studio/developer/toolchains/gnu_arm/12.2.rel1_2023.7/bin/../lib/gcc/arm-none-eabi/12.2.1/thumb/v8-m.main+fp/hard\libc_nano.a(libc_a-findfp.o)
 .text.global_stdio_init.part.0
                0x0000586c       0x3c d:/program files/simplicity studio/developer/toolchains/gnu_arm/12.2.rel1_2023.7/bin/../lib/gcc/arm-none-eabi/12.2.1/thumb/v8-m.main+fp/hard\libc_nano.a(libc_a-findfp.o)
 .text.__sfp_lock_acquire
                0x000058a8        0xc d:/program files/simplicity studio/developer/toolchains/gnu_arm/12.2.rel1_2023.7/bin/../lib/gcc/arm-none-eabi/12.2.1/thumb/v8-m.main+fp/hard\libc_nano.a(libc_a-findfp.o)
                0x000058a8                __sfp_lock_acquire
 .text.__sfp_lock_release
                0x000058b4        0xc d:/program files/simplicity studio/developer/toolchains/gnu_arm/12.2.rel1_2023.7/bin/../lib/gcc/arm-none-eabi/12.2.1/thumb/v8-m.main+fp/hard\libc_nano.a(libc_a-findfp.o)
                0x000058b4                __sfp_lock_release
 .text.__sinit  0x000058c0       0x30 d:/program files/simplicity studio/developer/toolchains/gnu_arm/12.2.rel1_2023.7/bin/../lib/gcc/arm-none-eabi/12.2.1/thumb/v8-m.main+fp/hard\libc_nano.a(libc_a-findfp.o)
                0x000058c0                __sinit
 .text.setvbuf  0x000058f0      0x168 d:/program files/simplicity studio/developer/toolchains/gnu_arm/12.2.rel1_2023.7/bin/../lib/gcc/arm-none-eabi/12.2.1/thumb/v8-m.main+fp/hard\libc_nano.a(libc_a-setvbuf.o)
                0x000058f0                setvbuf
 .text.vprintf  0x00005a58       0x14 d:/program files/simplicity studio/developer/toolchains/gnu_arm/12.2.rel1_2023.7/bin/../lib/gcc/arm-none-eabi/12.2.1/thumb/v8-m.main+fp/hard\libc_nano.a(libc_a-vprintf.o)
                0x00005a58                viprintf
                0x00005a58                vprintf
 .text._localeconv_r
                0x00005a6c        0x8 d:/program files/simplicity studio/developer/toolchains/gnu_arm/12.2.rel1_2023.7/bin/../lib/gcc/arm-none-eabi/12.2.1/thumb/v8-m.main+fp/hard\libc_nano.a(libc_a-localeconv.o)
                0x00005a6c                _localeconv_r
 .text._close_r
                0x00005a74       0x20 d:/program files/simplicity studio/developer/toolchains/gnu_arm/12.2.rel1_2023.7/bin/../lib/gcc/arm-none-eabi/12.2.1/thumb/v8-m.main+fp/hard\libc_nano.a(libc_a-closer.o)
                0x00005a74                _close_r
 .text._lseek_r
                0x00005a94       0x24 d:/program files/simplicity studio/developer/toolchains/gnu_arm/12.2.rel1_2023.7/bin/../lib/gcc/arm-none-eabi/12.2.1/thumb/v8-m.main+fp/hard\libc_nano.a(libc_a-lseekr.o)
                0x00005a94                _lseek_r
 .text._read_r  0x00005ab8       0x24 d:/program files/simplicity studio/developer/toolchains/gnu_arm/12.2.rel1_2023.7/bin/../lib/gcc/arm-none-eabi/12.2.1/thumb/v8-m.main+fp/hard\libc_nano.a(libc_a-readr.o)
                0x00005ab8                _read_r
 .text._write_r
                0x00005adc       0x24 d:/program files/simplicity studio/developer/toolchains/gnu_arm/12.2.rel1_2023.7/bin/../lib/gcc/arm-none-eabi/12.2.1/thumb/v8-m.main+fp/hard\libc_nano.a(libc_a-writer.o)
                0x00005adc                _write_r
 .text.__libc_init_array
                0x00005b00       0x48 d:/program files/simplicity studio/developer/toolchains/gnu_arm/12.2.rel1_2023.7/bin/../lib/gcc/arm-none-eabi/12.2.1/thumb/v8-m.main+fp/hard\libc_nano.a(libc_a-init.o)
                0x00005b00                __libc_init_array
 .text._free_r  0x00005b48       0x94 d:/program files/simplicity studio/developer/toolchains/gnu_arm/12.2.rel1_2023.7/bin/../lib/gcc/arm-none-eabi/12.2.1/thumb/v8-m.main+fp/hard\libc_nano.a(libc_a-freer.o)
                0x00005b48                _free_r
 .text.malloc   0x00005bdc       0x10 d:/program files/simplicity studio/developer/toolchains/gnu_arm/12.2.rel1_2023.7/bin/../lib/gcc/arm-none-eabi/12.2.1/thumb/v8-m.main+fp/hard\libc_nano.a(libc_a-malloc.o)
                0x00005bdc                malloc
 .text.sbrk_aligned
                0x00005bec       0x44 d:/program files/simplicity studio/developer/toolchains/gnu_arm/12.2.rel1_2023.7/bin/../lib/gcc/arm-none-eabi/12.2.1/thumb/v8-m.main+fp/hard\libc_nano.a(libc_a-mallocr.o)
 .text._malloc_r
                0x00005c30       0xf0 d:/program files/simplicity studio/developer/toolchains/gnu_arm/12.2.rel1_2023.7/bin/../lib/gcc/arm-none-eabi/12.2.1/thumb/v8-m.main+fp/hard\libc_nano.a(libc_a-mallocr.o)
                0x00005c30                _malloc_r
 .text.__malloc_lock
                0x00005d20        0xc d:/program files/simplicity studio/developer/toolchains/gnu_arm/12.2.rel1_2023.7/bin/../lib/gcc/arm-none-eabi/12.2.1/thumb/v8-m.main+fp/hard\libc_nano.a(libc_a-mlock.o)
                0x00005d20                __malloc_lock
 .text.__malloc_unlock
                0x00005d2c        0xc d:/program files/simplicity studio/developer/toolchains/gnu_arm/12.2.rel1_2023.7/bin/../lib/gcc/arm-none-eabi/12.2.1/thumb/v8-m.main+fp/hard\libc_nano.a(libc_a-mlock.o)
                0x00005d2c                __malloc_unlock
 .text._Balloc  0x00005d38       0x80 d:/program files/simplicity studio/developer/toolchains/gnu_arm/12.2.rel1_2023.7/bin/../lib/gcc/arm-none-eabi/12.2.1/thumb/v8-m.main+fp/hard\libc_nano.a(libc_a-mprec.o)
                0x00005d38                _Balloc
 .text._Bfree   0x00005db8       0x44 d:/program files/simplicity studio/developer/toolchains/gnu_arm/12.2.rel1_2023.7/bin/../lib/gcc/arm-none-eabi/12.2.1/thumb/v8-m.main+fp/hard\libc_nano.a(libc_a-mprec.o)
                0x00005db8                _Bfree
 .text.__multadd
                0x00005dfc       0x90 d:/program files/simplicity studio/developer/toolchains/gnu_arm/12.2.rel1_2023.7/bin/../lib/gcc/arm-none-eabi/12.2.1/thumb/v8-m.main+fp/hard\libc_nano.a(libc_a-mprec.o)
                0x00005dfc                __multadd
 .text.__i2b    0x00005e8c       0x2c d:/program files/simplicity studio/developer/toolchains/gnu_arm/12.2.rel1_2023.7/bin/../lib/gcc/arm-none-eabi/12.2.1/thumb/v8-m.main+fp/hard\libc_nano.a(libc_a-mprec.o)
                0x00005e8c                __i2b
 .text.__multiply
                0x00005eb8      0x154 d:/program files/simplicity studio/developer/toolchains/gnu_arm/12.2.rel1_2023.7/bin/../lib/gcc/arm-none-eabi/12.2.1/thumb/v8-m.main+fp/hard\libc_nano.a(libc_a-mprec.o)
                0x00005eb8                __multiply
 .text.__pow5mult
                0x0000600c       0xb4 d:/program files/simplicity studio/developer/toolchains/gnu_arm/12.2.rel1_2023.7/bin/../lib/gcc/arm-none-eabi/12.2.1/thumb/v8-m.main+fp/hard\libc_nano.a(libc_a-mprec.o)
                0x0000600c                __pow5mult
 .text.__lshift
                0x000060c0       0xd8 d:/program files/simplicity studio/developer/toolchains/gnu_arm/12.2.rel1_2023.7/bin/../lib/gcc/arm-none-eabi/12.2.1/thumb/v8-m.main+fp/hard\libc_nano.a(libc_a-mprec.o)
                0x000060c0                __lshift
 .text.__mdiff  0x00006198      0x130 d:/program files/simplicity studio/developer/toolchains/gnu_arm/12.2.rel1_2023.7/bin/../lib/gcc/arm-none-eabi/12.2.1/thumb/v8-m.main+fp/hard\libc_nano.a(libc_a-mprec.o)
                0x00006198                __mdiff
 .text.__d2b    0x000062c8       0xb0 d:/program files/simplicity studio/developer/toolchains/gnu_arm/12.2.rel1_2023.7/bin/../lib/gcc/arm-none-eabi/12.2.1/thumb/v8-m.main+fp/hard\libc_nano.a(libc_a-mprec.o)
                0x000062c8                __d2b
 .text._vfprintf_r
                0x00006378      0x230 d:/program files/simplicity studio/developer/toolchains/gnu_arm/12.2.rel1_2023.7/bin/../lib/gcc/arm-none-eabi/12.2.1/thumb/v8-m.main+fp/hard\libc_nano.a(libc_a-nano-vfprintf.o)
                0x00006378                _vfprintf_r
                0x00006378                _vfiprintf_r
 .text.__swsetup_r
                0x000065a8       0xac d:/program files/simplicity studio/developer/toolchains/gnu_arm/12.2.rel1_2023.7/bin/../lib/gcc/arm-none-eabi/12.2.1/thumb/v8-m.main+fp/hard\libc_nano.a(libc_a-wsetup.o)
                0x000065a8                __swsetup_r
 .text._fstat_r
                0x00006654       0x24 d:/program files/simplicity studio/developer/toolchains/gnu_arm/12.2.rel1_2023.7/bin/../lib/gcc/arm-none-eabi/12.2.1/thumb/v8-m.main+fp/hard\libc_nano.a(libc_a-fstatr.o)
                0x00006654                _fstat_r
 .text._isatty_r
                0x00006678       0x20 d:/program files/simplicity studio/developer/toolchains/gnu_arm/12.2.rel1_2023.7/bin/../lib/gcc/arm-none-eabi/12.2.1/thumb/v8-m.main+fp/hard\libc_nano.a(libc_a-isattyr.o)
                0x00006678                _isatty_r
 .text._sbrk_r  0x00006698       0x20 d:/program files/simplicity studio/developer/toolchains/gnu_arm/12.2.rel1_2023.7/bin/../lib/gcc/arm-none-eabi/12.2.1/thumb/v8-m.main+fp/hard\libc_nano.a(libc_a-sbrkr.o)
                0x00006698                _sbrk_r
 .text.__assert_func
                0x000066b8       0x3c d:/program files/simplicity studio/developer/toolchains/gnu_arm/12.2.rel1_2023.7/bin/../lib/gcc/arm-none-eabi/12.2.1/thumb/v8-m.main+fp/hard\libc_nano.a(libc_a-assert.o)
                0x000066b8                __assert_func
 .text.fprintf  0x000066f4       0x24 d:/program files/simplicity studio/developer/toolchains/gnu_arm/12.2.rel1_2023.7/bin/../lib/gcc/arm-none-eabi/12.2.1/thumb/v8-m.main+fp/hard\libc_nano.a(libc_a-fprintf.o)
                0x000066f4                fiprintf
                0x000066f4                fprintf
 .text.raise    0x00006718       0x10 d:/program files/simplicity studio/developer/toolchains/gnu_arm/12.2.rel1_2023.7/bin/../lib/gcc/arm-none-eabi/12.2.1/thumb/v8-m.main+fp/hard\libc_nano.a(libc_a-signal.o)
                0x00006718                raise
 .text._kill_r  0x00006728       0x24 d:/program files/simplicity studio/developer/toolchains/gnu_arm/12.2.rel1_2023.7/bin/../lib/gcc/arm-none-eabi/12.2.1/thumb/v8-m.main+fp/hard\libc_nano.a(libc_a-signalr.o)
                0x00006728                _kill_r
 .text          0x0000674c      0x424 d:/program files/simplicity studio/developer/toolchains/gnu_arm/12.2.rel1_2023.7/bin/../lib/gcc/arm-none-eabi/12.2.1/thumb/v8-m.main+fp/hard\libgcc.a(_arm_muldivdf3.o)
                0x0000674c                __aeabi_dmul
                0x0000674c                __muldf3
                0x000069a0                __divdf3
                0x000069a0                __aeabi_ddiv
 .text          0x00006b70      0x110 d:/program files/simplicity studio/developer/toolchains/gnu_arm/12.2.rel1_2023.7/bin/../lib/gcc/arm-none-eabi/12.2.1/thumb/v8-m.main+fp/hard\libgcc.a(_arm_cmpdf2.o)
                0x00006b70                __gtdf2
                0x00006b70                __gedf2
                0x00006b78                __ltdf2
                0x00006b78                __ledf2
                0x00006b80                __nedf2
                0x00006b80                __eqdf2
                0x00006b80                __cmpdf2
                0x00006bfc                __aeabi_cdrcmple
                0x00006c0c                __aeabi_cdcmpeq
                0x00006c0c                __aeabi_cdcmple
                0x00006c1c                __aeabi_dcmpeq
                0x00006c30                __aeabi_dcmplt
                0x00006c44                __aeabi_dcmple
                0x00006c58                __aeabi_dcmpge
                0x00006c6c                __aeabi_dcmpgt
 .text          0x00006c80       0x2c d:/program files/simplicity studio/developer/toolchains/gnu_arm/12.2.rel1_2023.7/bin/../lib/gcc/arm-none-eabi/12.2.1/thumb/v8-m.main+fp/hard\libgcc.a(_arm_unorddf2.o)
                0x00006c80                __unorddf2
                0x00006c80                __aeabi_dcmpun
 .text          0x00006cac       0x50 d:/program files/simplicity studio/developer/toolchains/gnu_arm/12.2.rel1_2023.7/bin/../lib/gcc/arm-none-eabi/12.2.1/thumb/v8-m.main+fp/hard\libgcc.a(_arm_fixdfsi.o)
                0x00006cac                __aeabi_d2iz
                0x00006cac                __fixdfsi
 .text.mq2_read_analog
                0x00006cfc       0x12 ./app.o
                0x00006cfc                mq2_read_analog
 .text.alarm_turn_on
                0x00006d0e       0x1e ./app.o
                0x00006d0e                alarm_turn_on
 .text.alarm_turn_off
                0x00006d2c       0x1e ./app.o
                0x00006d2c                alarm_turn_off
 .text.app_init
                0x00006d4a        0x4 ./app.o
                0x00006d4a                app_init
 .text.startup.main
                0x00006d4e       0x14 ./main.o
                0x00006d4e                main
 .text.sl_board_default_init
                0x00006d62        0x2 ./autogen/sl_board_default_init.o
                0x00006d62                sl_board_default_init
 .text.sl_driver_init
                0x00006d64       0x12 ./autogen/sl_event_handler.o
                0x00006d64                sl_driver_init
 .text.sl_service_init
                0x00006d76       0x16 ./autogen/sl_event_handler.o
                0x00006d76                sl_service_init
 .text.sl_stack_init
                0x00006d8c        0x2 ./autogen/sl_event_handler.o
                0x00006d8c                sl_stack_init
 .text.sl_internal_app_init
                0x00006d8e        0x4 ./autogen/sl_event_handler.o
                0x00006d8e                sl_internal_app_init
 .text.sl_platform_process_action
                0x00006d92        0x2 ./autogen/sl_event_handler.o
                0x00006d92                sl_platform_process_action
 .text.sl_service_process_action
                0x00006d94        0x2 ./autogen/sl_event_handler.o
                0x00006d94                sl_service_process_action
 .text.sl_stack_process_action
                0x00006d96        0x2 ./autogen/sl_event_handler.o
                0x00006d96                sl_stack_process_action
 .text.sl_internal_app_process_action
                0x00006d98        0x2 ./autogen/sl_event_handler.o
                0x00006d98                sl_internal_app_process_action
 .text.USART1_TX_IRQHandler
                0x00006d9a        0x4 ./autogen/sl_iostream_init_usart_instances.o
                0x00006d9a                USART1_TX_IRQHandler
 .text._app_log_time
                0x00006d9e        0x2 ./gecko_sdk_4.2.6/app/common/util/app_log/app_log.o
                0x00006d9e                _app_log_time
 .text._app_log_counter
                0x00006da0        0x2 ./gecko_sdk_4.2.6/app/common/util/app_log/app_log.o
                0x00006da0                _app_log_counter
 .text.sl_board_configure_vcom
                0x00006da2        0x4 ./gecko_sdk_4.2.6/hardware/board/src/sl_board_control_gpio.o
                0x00006da2                sl_board_configure_vcom
 .text.sl_board_init
                0x00006da6       0x12 ./gecko_sdk_4.2.6/hardware/board/src/sl_board_init.o
                0x00006da6                sl_board_init
 .text.sl_board_preinit
                0x00006db8        0x8 ./gecko_sdk_4.2.6/hardware/board/src/sl_board_init.o
                0x00006db8                sl_board_preinit
 .text.Default_Handler
                0x00006dc0        0x2 ./gecko_sdk_4.2.6/platform/Device/SiliconLabs/BGM22/Source/startup_bgm22.o
                0x00006dc0                ULFRCO_IRQHandler
                0x00006dc0                SW2_IRQHandler
                0x00006dc0                TIMER2_IRQHandler
                0x00006dc0                DebugMon_Handler
                0x00006dc0                PKE_IRQHandler
                0x00006dc0                USART0_TX_IRQHandler
                0x00006dc0                PRORTC_IRQHandler
                0x00006dc0                IADC_IRQHandler
                0x00006dc0                I2C0_IRQHandler
                0x00006dc0                LFXO_IRQHandler
                0x00006dc0                CRYPTOACC_IRQHandler
                0x00006dc0                HardFault_Handler
                0x00006dc0                SMU_SECURE_IRQHandler
                0x00006dc0                SysTick_Handler
                0x00006dc0                EMUEFP_IRQHandler
                0x00006dc0                PendSV_Handler
                0x00006dc0                NMI_Handler
                0x00006dc0                SYNTH_IRQHandler
                0x00006dc0                HFXO0_IRQHandler
                0x00006dc0                I2C1_IRQHandler
                0x00006dc0                PDM_IRQHandler
                0x00006dc0                WDOG0_IRQHandler
                0x00006dc0                TIMER3_IRQHandler
                0x00006dc0                SYSCFG_IRQHandler
                0x00006dc0                EMUSE_IRQHandler
                0x00006dc0                EMUDG_IRQHandler
                0x00006dc0                MSC_IRQHandler
                0x00006dc0                DPLL0_IRQHandler
                0x00006dc0                UsageFault_Handler
                0x00006dc0                M33CTI1_IRQHandler
                0x00006dc0                TIMER4_IRQHandler
                0x00006dc0                SW0_IRQHandler
                0x00006dc0                TIMER0_IRQHandler
                0x00006dc0                LETIMER0_IRQHandler
                0x00006dc0                TIMER1_IRQHandler
                0x00006dc0                HFRCO0_IRQHandler
                0x00006dc0                RFSENSE_IRQHandler
                0x00006dc0                SecureFault_Handler
                0x00006dc0                BUFC_IRQHandler
                0x00006dc0                DCDC_IRQHandler
                0x00006dc0                MODEM_IRQHandler
                0x00006dc0                Default_Handler
                0x00006dc0                RAC_SEQ_IRQHandler
                0x00006dc0                FRC_PRI_IRQHandler
                0x00006dc0                EMU_IRQHandler
                0x00006dc0                SW3_IRQHandler
                0x00006dc0                KERNEL0_IRQHandler
                0x00006dc0                FRC_IRQHandler
                0x00006dc0                KERNEL1_IRQHandler
                0x00006dc0                AGC_IRQHandler
                0x00006dc0                sl_app_properties
                0x00006dc0                BURTC_IRQHandler
                0x00006dc0                LFRCO_IRQHandler
                0x00006dc0                USART0_RX_IRQHandler
                0x00006dc0                MemManage_Handler
                0x00006dc0                RDMAILBOX_IRQHandler
                0x00006dc0                SVC_Handler
                0x00006dc0                SMU_S_PRIVILEGED_IRQHandler
                0x00006dc0                SW1_IRQHandler
                0x00006dc0                CMU_IRQHandler
                0x00006dc0                RAC_RSM_IRQHandler
                0x00006dc0                EUART0_TX_IRQHandler
                0x00006dc0                EUART0_RX_IRQHandler
                0x00006dc0                AES_IRQHandler
                0x00006dc0                M33CTI0_IRQHandler
                0x00006dc0                ICACHE0_IRQHandler
                0x00006dc0                SMU_NS_PRIVILEGED_IRQHandler
                0x00006dc0                PROTIMER_IRQHandler
                0x00006dc0                BusFault_Handler
                0x00006dc0                TRNG_IRQHandler
 .text.SystemCLKIN0Get
                0x00006dc2        0x4 ./gecko_sdk_4.2.6/platform/Device/SiliconLabs/BGM22/Source/system_bgm22.o
                0x00006dc2                SystemCLKIN0Get
 .text.SystemLFRCOClockGet
                0x00006dc6        0x6 ./gecko_sdk_4.2.6/platform/Device/SiliconLabs/BGM22/Source/system_bgm22.o
                0x00006dc6                SystemLFRCOClockGet
 .text.SystemULFRCOClockGet
                0x00006dcc        0x6 ./gecko_sdk_4.2.6/platform/Device/SiliconLabs/BGM22/Source/system_bgm22.o
                0x00006dcc                SystemULFRCOClockGet
 .text.assertEFM
                0x00006dd2        0x2 ./gecko_sdk_4.2.6/platform/common/src/sl_assert.o
                0x00006dd2                assertEFM
 .text.sl_button_init
                0x00006dd4        0xa ./gecko_sdk_4.2.6/platform/driver/button/src/sl_button.o
                0x00006dd4                sl_button_init
 .text.sl_button_on_change
                0x00006dde        0x2 ./gecko_sdk_4.2.6/platform/driver/button/src/sl_button.o
                0x00006dde                sl_button_on_change
 .text.sli_simple_button_on_change
                0x00006de0       0x28 ./gecko_sdk_4.2.6/platform/driver/button/src/sl_simple_button.o
 .text.sl_simple_button_get_state
                0x00006e08        0x6 ./gecko_sdk_4.2.6/platform/driver/button/src/sl_simple_button.o
                0x00006e08                sl_simple_button_get_state
 .text.sl_simple_button_poll_step
                0x00006e0e       0x52 ./gecko_sdk_4.2.6/platform/driver/button/src/sl_simple_button.o
                0x00006e0e                sl_simple_button_poll_step
 .text.sl_simple_button_enable
                0x00006e60       0x12 ./gecko_sdk_4.2.6/platform/driver/button/src/sl_simple_button.o
                0x00006e60                sl_simple_button_enable
 .text.sl_simple_button_disable
                0x00006e72       0x30 ./gecko_sdk_4.2.6/platform/driver/button/src/sl_simple_button.o
                0x00006e72                sl_simple_button_disable
 .text.sl_led_init
                0x00006ea2        0x6 ./gecko_sdk_4.2.6/platform/driver/leddrv/src/sl_led.o
                0x00006ea2                sl_led_init
 .text.sl_simple_led_init
                0x00006ea8       0x22 ./gecko_sdk_4.2.6/platform/driver/leddrv/src/sl_simple_led.o
                0x00006ea8                sl_simple_led_init
 .text.sl_simple_led_turn_on
                0x00006eca       0x12 ./gecko_sdk_4.2.6/platform/driver/leddrv/src/sl_simple_led.o
                0x00006eca                sl_simple_led_turn_on
 .text.sl_simple_led_turn_off
                0x00006edc       0x12 ./gecko_sdk_4.2.6/platform/driver/leddrv/src/sl_simple_led.o
                0x00006edc                sl_simple_led_turn_off
 .text.DMADRV_PeripheralMemory
                0x00006eee       0x34 ./gecko_sdk_4.2.6/platform/emdrv/dmadrv/src/dmadrv.o
                0x00006eee                DMADRV_PeripheralMemory
 .text.waitStateMax
                0x00006f22       0x10 ./gecko_sdk_4.2.6/platform/emlib/src/em_cmu.o
 .text.CMU_UpdateWaitStates
                0x00006f32        0xc ./gecko_sdk_4.2.6/platform/emlib/src/em_cmu.o
                0x00006f32                CMU_UpdateWaitStates
 .text.pclkDivMax
                0x00006f3e        0xa ./gecko_sdk_4.2.6/platform/emlib/src/em_cmu.o
 .text.sli_em_cmu_SYSCLKInitPostClockSelect
                0x00006f48       0x2a ./gecko_sdk_4.2.6/platform/emlib/src/em_cmu.o
                0x00006f48                sli_em_cmu_SYSCLKInitPostClockSelect
 .text.CORE_EnterCritical
                0x00006f72        0x8 ./gecko_sdk_4.2.6/platform/emlib/src/em_core.o
                0x00006f72                CORE_EnterCritical
 .text.CORE_ExitCritical
                0x00006f7a        0x6 ./gecko_sdk_4.2.6/platform/emlib/src/em_core.o
                0x00006f7a                CORE_ExitCritical
 .text.CORE_EnterAtomic
                0x00006f80        0xc ./gecko_sdk_4.2.6/platform/emlib/src/em_core.o
                0x00006f80                CORE_EnterAtomic
 .text.CORE_ExitAtomic
                0x00006f8c        0x6 ./gecko_sdk_4.2.6/platform/emlib/src/em_core.o
                0x00006f8c                CORE_ExitAtomic
 .text.EMU_EFPEM01VScale
                0x00006f92        0x2 ./gecko_sdk_4.2.6/platform/emlib/src/em_emu.o
                0x00006f92                EMU_EFPEM01VScale
 .text.EMU_DCDCUpdatedHook
                0x00006f94        0x2 ./gecko_sdk_4.2.6/platform/emlib/src/em_emu.o
                0x00006f94                EMU_DCDCUpdatedHook
 .text.BUS_RegMaskedWrite
                0x00006f96       0x1e ./gecko_sdk_4.2.6/platform/emlib/src/em_gpio.o
 .text.IADC_disable
                0x00006fb4       0x10 ./gecko_sdk_4.2.6/platform/emlib/src/em_iadc.o
 .text.IADC_ConvertRawDataToResult
                0x00006fc4       0x32 ./gecko_sdk_4.2.6/platform/emlib/src/em_iadc.o
 .text.IADC_pullSingleFifoResult
                0x00006ff6       0x10 ./gecko_sdk_4.2.6/platform/emlib/src/em_iadc.o
                0x00006ff6                IADC_pullSingleFifoResult
 .text.RTCC_SyncWait
                0x00007006       0x10 ./gecko_sdk_4.2.6/platform/emlib/src/em_rtcc.o
 .text.USART_Tx
                0x00007016        0xa ./gecko_sdk_4.2.6/platform/emlib/src/em_usart.o
                0x00007016                USART_Tx
 .text.sl_iostream_write
                0x00007020       0x22 ./gecko_sdk_4.2.6/platform/service/iostream/src/sl_iostream.o
                0x00007020                sl_iostream_write
 .text.sl_iostream_read
                0x00007042       0x30 ./gecko_sdk_4.2.6/platform/service/iostream/src/sl_iostream.o
                0x00007042                sl_iostream_read
 .text.sl_iostream_vprintf
                0x00007072       0x44 ./gecko_sdk_4.2.6/platform/service/iostream/src/sl_iostream.o
                0x00007072                sl_iostream_vprintf
 .text.sl_iostream_printf
                0x000070b6       0x1a ./gecko_sdk_4.2.6/platform/service/iostream/src/sl_iostream.o
                0x000070b6                sl_iostream_printf
 .text._close   0x000070d0        0x4 ./gecko_sdk_4.2.6/platform/service/iostream/src/sl_iostream_retarget_stdio.o
                0x000070d0                _close
 .text._exit    0x000070d4        0x2 ./gecko_sdk_4.2.6/platform/service/iostream/src/sl_iostream_retarget_stdio.o
                0x000070d4                _exit
 .text._fstat   0x000070d6        0xa ./gecko_sdk_4.2.6/platform/service/iostream/src/sl_iostream_retarget_stdio.o
                0x000070d6                _fstat
 .text._getpid  0x000070e0        0x4 ./gecko_sdk_4.2.6/platform/service/iostream/src/sl_iostream_retarget_stdio.o
                0x000070e0                _getpid
 .text._isatty  0x000070e4        0x4 ./gecko_sdk_4.2.6/platform/service/iostream/src/sl_iostream_retarget_stdio.o
                0x000070e4                _isatty
 .text._kill    0x000070e8        0x6 ./gecko_sdk_4.2.6/platform/service/iostream/src/sl_iostream_retarget_stdio.o
                0x000070e8                _kill
 .text._lseek   0x000070ee        0x4 ./gecko_sdk_4.2.6/platform/service/iostream/src/sl_iostream_retarget_stdio.o
                0x000070ee                _lseek
 .text._read    0x000070f2       0x1c ./gecko_sdk_4.2.6/platform/service/iostream/src/sl_iostream_retarget_stdio.o
                0x000070f2                _read
 .text.set_auto_cr_lf
                0x0000710e        0x6 ./gecko_sdk_4.2.6/platform/service/iostream/src/sl_iostream_uart.o
 .text.get_auto_cr_lf
                0x00007114        0x6 ./gecko_sdk_4.2.6/platform/service/iostream/src/sl_iostream_uart.o
 .text.usart_set_next_byte_detect
                0x0000711a        0xc ./gecko_sdk_4.2.6/platform/service/iostream/src/sl_iostream_usart.o
 .text.usart_deinit
                0x00007126       0x78 ./gecko_sdk_4.2.6/platform/service/iostream/src/sl_iostream_usart.o
 .text.usart_tx
                0x0000719e        0xc ./gecko_sdk_4.2.6/platform/service/iostream/src/sl_iostream_usart.o
 .text.sl_iostream_usart_irq_handler
                0x000071aa       0x70 ./gecko_sdk_4.2.6/platform/service/iostream/src/sl_iostream_usart.o
                0x000071aa                sl_iostream_usart_irq_handler
 .text.CMU_PrescToLog2.constprop.0
                0x0000721a        0x4 ./gecko_sdk_4.2.6/platform/service/sleeptimer/src/sl_sleeptimer_hal_rtcc.o
 .text.sleeptimer_hal_get_counter
                0x0000721e        0xe ./gecko_sdk_4.2.6/platform/service/sleeptimer/src/sl_sleeptimer_hal_rtcc.o
                0x0000721e                sleeptimer_hal_get_counter
 .text.sleeptimer_hal_enable_int
                0x0000722c       0x18 ./gecko_sdk_4.2.6/platform/service/sleeptimer/src/sl_sleeptimer_hal_rtcc.o
                0x0000722c                sleeptimer_hal_enable_int
 .text.sleeptimer_hal_get_timer_frequency
                0x00007244       0x14 ./gecko_sdk_4.2.6/platform/service/sleeptimer/src/sl_sleeptimer_hal_rtcc.o
                0x00007244                sleeptimer_hal_get_timer_frequency
 .text.sl_system_init
                0x00007258       0x1a ./gecko_sdk_4.2.6/platform/service/system/src/sl_system_init.o
                0x00007258                sl_system_init
 .text.sl_system_process_action
                0x00007272       0x16 ./gecko_sdk_4.2.6/platform/service/system/src/sl_system_process_action.o
                0x00007272                sl_system_process_action
 .text.hal_adc_read
                0x00007288       0x24 ./third_party_hw_drivers_2.0.2/driver/peripheral_drivers/mikroe/src/drv_analog_in.o
                0x00007288                hal_adc_read
 .text.co_init  0x000072ac       0x48 ./third_party_hw_drivers_2.0.2/driver/thirdparty/mikrosdk_click_v2/clicks/co/lib/src/co.o
                0x000072ac                co_init
 .text.co_read_an_pin_voltage
                0x000072f4        0x4 ./third_party_hw_drivers_2.0.2/driver/thirdparty/mikrosdk_click_v2/clicks/co/lib/src/co.o
                0x000072f4                co_read_an_pin_voltage
 .text.__cvt    0x000072f8       0xd0 d:/program files/simplicity studio/developer/toolchains/gnu_arm/12.2.rel1_2023.7/bin/../lib/gcc/arm-none-eabi/12.2.1/thumb/v8-m.main+fp/hard\libc_nano.a(libc_a-nano-vfprintf_float.o)
                0x000072f8                __cvt
 .text.__exponent
                0x000073c8       0x72 d:/program files/simplicity studio/developer/toolchains/gnu_arm/12.2.rel1_2023.7/bin/../lib/gcc/arm-none-eabi/12.2.1/thumb/v8-m.main+fp/hard\libc_nano.a(libc_a-nano-vfprintf_float.o)
                0x000073c8                __exponent
 .text._printf_common
                0x0000743a       0xe4 d:/program files/simplicity studio/developer/toolchains/gnu_arm/12.2.rel1_2023.7/bin/../lib/gcc/arm-none-eabi/12.2.1/thumb/v8-m.main+fp/hard\libc_nano.a(libc_a-nano-vfprintf_i.o)
                0x0000743a                _printf_common
 .text._fwalk_sglue
                0x0000751e       0x3c d:/program files/simplicity studio/developer/toolchains/gnu_arm/12.2.rel1_2023.7/bin/../lib/gcc/arm-none-eabi/12.2.1/thumb/v8-m.main+fp/hard\libc_nano.a(libc_a-fwalk.o)
                0x0000751e                _fwalk_sglue
 .text.__sread  0x0000755a       0x22 d:/program files/simplicity studio/developer/toolchains/gnu_arm/12.2.rel1_2023.7/bin/../lib/gcc/arm-none-eabi/12.2.1/thumb/v8-m.main+fp/hard\libc_nano.a(libc_a-stdio.o)
                0x0000755a                __sread
 .text.__swrite
                0x0000757c       0x38 d:/program files/simplicity studio/developer/toolchains/gnu_arm/12.2.rel1_2023.7/bin/../lib/gcc/arm-none-eabi/12.2.1/thumb/v8-m.main+fp/hard\libc_nano.a(libc_a-stdio.o)
                0x0000757c                __swrite
 .text.__sseek  0x000075b4       0x24 d:/program files/simplicity studio/developer/toolchains/gnu_arm/12.2.rel1_2023.7/bin/../lib/gcc/arm-none-eabi/12.2.1/thumb/v8-m.main+fp/hard\libc_nano.a(libc_a-stdio.o)
                0x000075b4                __sseek
 .text.__sclose
                0x000075d8        0x8 d:/program files/simplicity studio/developer/toolchains/gnu_arm/12.2.rel1_2023.7/bin/../lib/gcc/arm-none-eabi/12.2.1/thumb/v8-m.main+fp/hard\libc_nano.a(libc_a-stdio.o)
                0x000075d8                __sclose
 .text.memset   0x000075e0       0x10 d:/program files/simplicity studio/developer/toolchains/gnu_arm/12.2.rel1_2023.7/bin/../lib/gcc/arm-none-eabi/12.2.1/thumb/v8-m.main+fp/hard\libc_nano.a(libc_a-memset.o)
                0x000075e0                memset
 .text.__retarget_lock_init_recursive
                0x000075f0        0x2 d:/program files/simplicity studio/developer/toolchains/gnu_arm/12.2.rel1_2023.7/bin/../lib/gcc/arm-none-eabi/12.2.1/thumb/v8-m.main+fp/hard\libc_nano.a(libc_a-lock.o)
                0x000075f0                __retarget_lock_init_recursive
 .text.__retarget_lock_acquire_recursive
                0x000075f2        0x2 d:/program files/simplicity studio/developer/toolchains/gnu_arm/12.2.rel1_2023.7/bin/../lib/gcc/arm-none-eabi/12.2.1/thumb/v8-m.main+fp/hard\libc_nano.a(libc_a-lock.o)
                0x000075f2                __retarget_lock_acquire_recursive
 .text.__retarget_lock_release_recursive
                0x000075f4        0x2 d:/program files/simplicity studio/developer/toolchains/gnu_arm/12.2.rel1_2023.7/bin/../lib/gcc/arm-none-eabi/12.2.1/thumb/v8-m.main+fp/hard\libc_nano.a(libc_a-lock.o)
                0x000075f4                __retarget_lock_release_recursive
 .text.memchr   0x000075f6       0x1c d:/program files/simplicity studio/developer/toolchains/gnu_arm/12.2.rel1_2023.7/bin/../lib/gcc/arm-none-eabi/12.2.1/thumb/v8-m.main+fp/hard\libc_nano.a(libc_a-memchr-stub.o)
                0x000075f6                memchr
 .text.memcpy   0x00007612       0x1a d:/program files/simplicity studio/developer/toolchains/gnu_arm/12.2.rel1_2023.7/bin/../lib/gcc/arm-none-eabi/12.2.1/thumb/v8-m.main+fp/hard\libc_nano.a(libc_a-memcpy-stub.o)
                0x00007612                memcpy
 .text          0x0000762c       0x10 d:/program files/simplicity studio/developer/toolchains/gnu_arm/12.2.rel1_2023.7/bin/../lib/gcc/arm-none-eabi/12.2.1/thumb/v8-m.main+fp/hard\libc_nano.a(libc_a-strlen.o)
                0x0000762c                strlen
 .text.quorem   0x0000763c      0x11a d:/program files/simplicity studio/developer/toolchains/gnu_arm/12.2.rel1_2023.7/bin/../lib/gcc/arm-none-eabi/12.2.1/thumb/v8-m.main+fp/hard\libc_nano.a(libc_a-dtoa.o)
 .text.__hi0bits
                0x00007756       0x44 d:/program files/simplicity studio/developer/toolchains/gnu_arm/12.2.rel1_2023.7/bin/../lib/gcc/arm-none-eabi/12.2.1/thumb/v8-m.main+fp/hard\libc_nano.a(libc_a-mprec.o)
                0x00007756                __hi0bits
 .text.__lo0bits
                0x0000779a       0x5a d:/program files/simplicity studio/developer/toolchains/gnu_arm/12.2.rel1_2023.7/bin/../lib/gcc/arm-none-eabi/12.2.1/thumb/v8-m.main+fp/hard\libc_nano.a(libc_a-mprec.o)
                0x0000779a                __lo0bits
 .text.__mcmp   0x000077f4       0x36 d:/program files/simplicity studio/developer/toolchains/gnu_arm/12.2.rel1_2023.7/bin/../lib/gcc/arm-none-eabi/12.2.1/thumb/v8-m.main+fp/hard\libc_nano.a(libc_a-mprec.o)
                0x000077f4                __mcmp
 .text.__sfputc_r
                0x0000782a       0x2e d:/program files/simplicity studio/developer/toolchains/gnu_arm/12.2.rel1_2023.7/bin/../lib/gcc/arm-none-eabi/12.2.1/thumb/v8-m.main+fp/hard\libc_nano.a(libc_a-nano-vfprintf.o)
 .text.__sfputs_r
                0x00007858       0x24 d:/program files/simplicity studio/developer/toolchains/gnu_arm/12.2.rel1_2023.7/bin/../lib/gcc/arm-none-eabi/12.2.1/thumb/v8-m.main+fp/hard\libc_nano.a(libc_a-nano-vfprintf.o)
                0x00007858                __sfputs_r
 .text.__sflush_r
                0x0000787c      0x106 d:/program files/simplicity studio/developer/toolchains/gnu_arm/12.2.rel1_2023.7/bin/../lib/gcc/arm-none-eabi/12.2.1/thumb/v8-m.main+fp/hard\libc_nano.a(libc_a-fflush.o)
                0x0000787c                __sflush_r
 .text._fflush_r
                0x00007982       0x50 d:/program files/simplicity studio/developer/toolchains/gnu_arm/12.2.rel1_2023.7/bin/../lib/gcc/arm-none-eabi/12.2.1/thumb/v8-m.main+fp/hard\libc_nano.a(libc_a-fflush.o)
                0x00007982                _fflush_r
 .text.__swhatbuf_r
                0x000079d2       0x4a d:/program files/simplicity studio/developer/toolchains/gnu_arm/12.2.rel1_2023.7/bin/../lib/gcc/arm-none-eabi/12.2.1/thumb/v8-m.main+fp/hard\libc_nano.a(libc_a-makebuf.o)
                0x000079d2                __swhatbuf_r
 .text.__smakebuf_r
                0x00007a1c       0x78 d:/program files/simplicity studio/developer/toolchains/gnu_arm/12.2.rel1_2023.7/bin/../lib/gcc/arm-none-eabi/12.2.1/thumb/v8-m.main+fp/hard\libc_nano.a(libc_a-makebuf.o)
                0x00007a1c                __smakebuf_r
 .text.__swbuf_r
                0x00007a94       0x7c d:/program files/simplicity studio/developer/toolchains/gnu_arm/12.2.rel1_2023.7/bin/../lib/gcc/arm-none-eabi/12.2.1/thumb/v8-m.main+fp/hard\libc_nano.a(libc_a-wbuf.o)
                0x00007a94                __swbuf_r
 .text._calloc_r
                0x00007b10       0x28 d:/program files/simplicity studio/developer/toolchains/gnu_arm/12.2.rel1_2023.7/bin/../lib/gcc/arm-none-eabi/12.2.1/thumb/v8-m.main+fp/hard\libc_nano.a(libc_a-callocr.o)
                0x00007b10                _calloc_r
 .text.__ascii_mbtowc
                0x00007b38       0x24 d:/program files/simplicity studio/developer/toolchains/gnu_arm/12.2.rel1_2023.7/bin/../lib/gcc/arm-none-eabi/12.2.1/thumb/v8-m.main+fp/hard\libc_nano.a(libc_a-mbtowc_r.o)
                0x00007b38                __ascii_mbtowc
 .text.__ascii_wctomb
                0x00007b5c       0x1a d:/program files/simplicity studio/developer/toolchains/gnu_arm/12.2.rel1_2023.7/bin/../lib/gcc/arm-none-eabi/12.2.1/thumb/v8-m.main+fp/hard\libc_nano.a(libc_a-wctomb_r.o)
                0x00007b5c                __ascii_wctomb
 .text.abort    0x00007b76        0xe d:/program files/simplicity studio/developer/toolchains/gnu_arm/12.2.rel1_2023.7/bin/../lib/gcc/arm-none-eabi/12.2.1/thumb/v8-m.main+fp/hard\libc_nano.a(libc_a-abort.o)
                0x00007b76                abort
 .text._raise_r
                0x00007b84       0x50 d:/program files/simplicity studio/developer/toolchains/gnu_arm/12.2.rel1_2023.7/bin/../lib/gcc/arm-none-eabi/12.2.1/thumb/v8-m.main+fp/hard\libc_nano.a(libc_a-signal.o)
                0x00007b84                _raise_r
 .text._getpid_r
                0x00007bd4        0x4 d:/program files/simplicity studio/developer/toolchains/gnu_arm/12.2.rel1_2023.7/bin/../lib/gcc/arm-none-eabi/12.2.1/thumb/v8-m.main+fp/hard\libc_nano.a(libc_a-signalr.o)
                0x00007bd4                _getpid_r
                0x00007bd8                linker_code_end = .
 *(.init)
 .init          0x00007bd8        0x4 d:/program files/simplicity studio/developer/toolchains/gnu_arm/12.2.rel1_2023.7/bin/../lib/gcc/arm-none-eabi/12.2.1/thumb/v8-m.main+fp/hard/crti.o
                0x00007bd8                _init
 .init          0x00007bdc        0x8 d:/program files/simplicity studio/developer/toolchains/gnu_arm/12.2.rel1_2023.7/bin/../lib/gcc/arm-none-eabi/12.2.1/thumb/v8-m.main+fp/hard/crtn.o
 *(.fini)
 .fini          0x00007be4        0x4 d:/program files/simplicity studio/developer/toolchains/gnu_arm/12.2.rel1_2023.7/bin/../lib/gcc/arm-none-eabi/12.2.1/thumb/v8-m.main+fp/hard/crti.o
                0x00007be4                _fini
 .fini          0x00007be8        0x8 d:/program files/simplicity studio/developer/toolchains/gnu_arm/12.2.rel1_2023.7/bin/../lib/gcc/arm-none-eabi/12.2.1/thumb/v8-m.main+fp/hard/crtn.o
 *crtbegin.o(.ctors)
 *crtbegin?.o(.ctors)
 *(EXCLUDE_FILE(*crtend.o *crtend?.o) .ctors)
 *(SORT_BY_NAME(.ctors.*))
 *(.ctors)
 *crtbegin.o(.dtors)
 *crtbegin?.o(.dtors)
 *(EXCLUDE_FILE(*crtend.o *crtend?.o) .dtors)
 *(SORT_BY_NAME(.dtors.*))
 *(.dtors)
 *(.rodata*)
 .rodata.app_process_action.str1.1
                0x00007bf0        0x4 ./app.o
 .rodata.sl_iostream_usart_init_vcom.str1.1
                0x00007bf4       0x2e ./autogen/sl_iostream_init_usart_instances.o
 *fill*         0x00007c22        0x2 
 .rodata        0x00007c24       0x1c ./autogen/sl_iostream_init_usart_instances.o
 .rodata.sl_button_btn0
                0x00007c40       0x18 ./autogen/sl_simple_button_instances.o
                0x00007c40                sl_button_btn0
 .rodata.sl_led_led0
                0x00007c58       0x18 ./autogen/sl_simple_led_instances.o
                0x00007c58                sl_led_led0
 .rodata.GPIO_PinInGet.str1.1
                0x00007c70       0x32 ./gecko_sdk_4.2.6/platform/driver/button/src/sl_simple_button.o
 .rodata.sl_simple_button_init.str1.1
                0x00007ca2       0x43 ./gecko_sdk_4.2.6/platform/driver/button/src/sl_simple_button.o
 *fill*         0x00007ce5        0x1 
 .rodata.CSWTCH.6
                0x00007ce6        0x8 ./gecko_sdk_4.2.6/platform/driver/button/src/sl_simple_button.o
 .rodata.GPIO_PinOutClear.str1.1
                0x00007cee       0x32 ./gecko_sdk_4.2.6/platform/driver/leddrv/src/sl_simple_led.o
 .rodata.CSWTCH.18
                0x00007cee        0x8 ./gecko_sdk_4.2.6/platform/driver/leddrv/src/sl_simple_led.o
 .rodata        0x00007cf6        0x4 ./gecko_sdk_4.2.6/platform/emdrv/dmadrv/src/dmadrv.o
 .rodata.HFRCODPLLDevinfoGet.str1.1
                0x00007cfa       0x31 ./gecko_sdk_4.2.6/platform/emlib/src/em_cmu.o
 .rodata.CSWTCH.77
                0x00007d2b        0x6 ./gecko_sdk_4.2.6/platform/emlib/src/em_cmu.o
 .rodata.CSWTCH.75
                0x00007d31        0x4 ./gecko_sdk_4.2.6/platform/emlib/src/em_cmu.o
 .rodata.CORE_NvicMaskSetIRQ.str1.1
                0x00007d35       0x32 ./gecko_sdk_4.2.6/platform/emlib/src/em_core.o
 .rodata.EMU_VScaleEM01.str1.1
                0x00007d67       0x31 ./gecko_sdk_4.2.6/platform/emlib/src/em_emu.o
 .rodata.BUS_RegBitWrite.str1.1
                0x00007d98       0x31 ./gecko_sdk_4.2.6/platform/emlib/src/em_gpio.o
 .rodata.GPIO_PinOutSet.str1.1
                0x00007dc9       0x32 ./gecko_sdk_4.2.6/platform/emlib/src/em_gpio.o
 .rodata.GPIO_ExtIntConfig.str1.1
                0x00007dc9       0x32 ./gecko_sdk_4.2.6/platform/emlib/src/em_gpio.o
 *fill*         0x00007dfb        0x1 
 .rodata.CSWTCH.31
                0x00007dfc        0x8 ./gecko_sdk_4.2.6/platform/emlib/src/em_gpio.o
 .rodata.IADC_initScan.str1.1
                0x00007e04       0x32 ./gecko_sdk_4.2.6/platform/emlib/src/em_iadc.o
 .rodata.LDMA_EnableChannelRequest.str1.1
                0x00007e36       0x32 ./gecko_sdk_4.2.6/platform/emlib/src/em_ldma.o
                                 0x63 (size before relaxing)
 .rodata.RTCC_ChannelInit.str1.1
                0x00007e68       0x32 ./gecko_sdk_4.2.6/platform/emlib/src/em_rtcc.o
 .rodata.USART_BaudrateAsyncSet.str1.1
                0x00007e9a       0x33 ./gecko_sdk_4.2.6/platform/emlib/src/em_usart.o
 .rodata        0x00007ecd        0x8 ./gecko_sdk_4.2.6/platform/service/device_init/src/sl_device_init_dcdc_s2.o
 *fill*         0x00007ed5        0x3 
 .rodata        0x00007ed8       0x28 ./gecko_sdk_4.2.6/platform/service/device_init/src/sl_device_init_hfxo_s2.o
 .rodata        0x00007f00       0x14 ./gecko_sdk_4.2.6/platform/service/device_init/src/sl_device_init_lfxo_s2.o
 .rodata._write.str1.1
                0x00007f14       0x50 ./gecko_sdk_4.2.6/platform/service/iostream/src/sl_iostream_retarget_stdio.o
 .rodata.get_write_ptr.str1.1
                0x00007f64       0x46 ./gecko_sdk_4.2.6/platform/service/iostream/src/sl_iostream_uart.o
 .rodata.process_timer_irq.str1.1
                0x00007faa       0x45 ./gecko_sdk_4.2.6/platform/service/sleeptimer/src/sl_sleeptimer.o
 .rodata        0x00007fef        0xb ./gecko_sdk_4.2.6/platform/service/sleeptimer/src/sl_sleeptimer_hal_rtcc.o
 *fill*         0x00007ffa        0x2 
 .rodata        0x00007ffc       0x28 ./third_party_hw_drivers_2.0.2/driver/peripheral_drivers/mikroe/src/drv_analog_in.o
 .rodata._ctype_
                0x00008024      0x101 d:/program files/simplicity studio/developer/toolchains/gnu_arm/12.2.rel1_2023.7/bin/../lib/gcc/arm-none-eabi/12.2.1/thumb/v8-m.main+fp/hard\libc_nano.a(libc_a-ctype_.o)
                0x00008024                _ctype_
 .rodata._printf_float.str1.1
                0x00008125       0x12 d:/program files/simplicity studio/developer/toolchains/gnu_arm/12.2.rel1_2023.7/bin/../lib/gcc/arm-none-eabi/12.2.1/thumb/v8-m.main+fp/hard\libc_nano.a(libc_a-nano-vfprintf_float.o)
 .rodata._printf_i.str1.1
                0x00008137       0x22 d:/program files/simplicity studio/developer/toolchains/gnu_arm/12.2.rel1_2023.7/bin/../lib/gcc/arm-none-eabi/12.2.1/thumb/v8-m.main+fp/hard\libc_nano.a(libc_a-nano-vfprintf_i.o)
 .rodata._dtoa_r.str1.1
                0x00008159       0x8e d:/program files/simplicity studio/developer/toolchains/gnu_arm/12.2.rel1_2023.7/bin/../lib/gcc/arm-none-eabi/12.2.1/thumb/v8-m.main+fp/hard\libc_nano.a(libc_a-dtoa.o)
                                 0x90 (size before relaxing)
 .rodata._Balloc.str1.1
                0x000081e7       0x5a d:/program files/simplicity studio/developer/toolchains/gnu_arm/12.2.rel1_2023.7/bin/../lib/gcc/arm-none-eabi/12.2.1/thumb/v8-m.main+fp/hard\libc_nano.a(libc_a-mprec.o)
                                 0x71 (size before relaxing)
 .rodata.__multadd.str1.1
                0x00008241       0x11 d:/program files/simplicity studio/developer/toolchains/gnu_arm/12.2.rel1_2023.7/bin/../lib/gcc/arm-none-eabi/12.2.1/thumb/v8-m.main+fp/hard\libc_nano.a(libc_a-mprec.o)
 *fill*         0x00008241        0x3 
 .rodata.p05.0  0x00008244        0xc d:/program files/simplicity studio/developer/toolchains/gnu_arm/12.2.rel1_2023.7/bin/../lib/gcc/arm-none-eabi/12.2.1/thumb/v8-m.main+fp/hard\libc_nano.a(libc_a-mprec.o)
 .rodata.__mprec_bigtens
                0x00008250       0x28 d:/program files/simplicity studio/developer/toolchains/gnu_arm/12.2.rel1_2023.7/bin/../lib/gcc/arm-none-eabi/12.2.1/thumb/v8-m.main+fp/hard\libc_nano.a(libc_a-mprec.o)
                0x00008250                __mprec_bigtens
 .rodata.__mprec_tens
                0x00008278       0xc8 d:/program files/simplicity studio/developer/toolchains/gnu_arm/12.2.rel1_2023.7/bin/../lib/gcc/arm-none-eabi/12.2.1/thumb/v8-m.main+fp/hard\libc_nano.a(libc_a-mprec.o)
                0x00008278                __mprec_tens
 .rodata._vfprintf_r.str1.1
                0x00008340       0x11 d:/program files/simplicity studio/developer/toolchains/gnu_arm/12.2.rel1_2023.7/bin/../lib/gcc/arm-none-eabi/12.2.1/thumb/v8-m.main+fp/hard\libc_nano.a(libc_a-nano-vfprintf.o)
 .rodata._setlocale_r.str1.1
                0x00008351        0x8 d:/program files/simplicity studio/developer/toolchains/gnu_arm/12.2.rel1_2023.7/bin/../lib/gcc/arm-none-eabi/12.2.1/thumb/v8-m.main+fp/hard\libc_nano.a(libc_a-locale.o)
                                  0x9 (size before relaxing)
 .rodata.str1.1
                0x00008359        0x2 d:/program files/simplicity studio/developer/toolchains/gnu_arm/12.2.rel1_2023.7/bin/../lib/gcc/arm-none-eabi/12.2.1/thumb/v8-m.main+fp/hard\libc_nano.a(libc_a-locale.o)
 .rodata.__assert_func.str1.1
                0x0000835b       0x3c d:/program files/simplicity studio/developer/toolchains/gnu_arm/12.2.rel1_2023.7/bin/../lib/gcc/arm-none-eabi/12.2.1/thumb/v8-m.main+fp/hard\libc_nano.a(libc_a-assert.o)
                                 0x3d (size before relaxing)
 *(.eh_frame*)
 *fill*         0x00008397        0x1 
 .eh_frame      0x00008398        0x0 d:/program files/simplicity studio/developer/toolchains/gnu_arm/12.2.rel1_2023.7/bin/../lib/gcc/arm-none-eabi/12.2.1/thumb/v8-m.main+fp/hard/crtbegin.o

.glue_7         0x00008398        0x0
 .glue_7        0x00008398        0x0 linker stubs

.glue_7t        0x00008398        0x0
 .glue_7t       0x00008398        0x0 linker stubs

.vfp11_veneer   0x00008398        0x0
 .vfp11_veneer  0x00008398        0x0 linker stubs

.v4_bx          0x00008398        0x0
 .v4_bx         0x00008398        0x0 linker stubs

.iplt           0x00008398        0x0
 .iplt          0x00008398        0x0 d:/program files/simplicity studio/developer/toolchains/gnu_arm/12.2.rel1_2023.7/bin/../lib/gcc/arm-none-eabi/12.2.1/thumb/v8-m.main+fp/hard/crtbegin.o

.ARM.extab
 *(.ARM.extab* .gnu.linkonce.armextab.*)
                0x00008398                __exidx_start = .

.ARM.exidx      0x00008398        0x8
 *(.ARM.exidx* .gnu.linkonce.armexidx.*)
 .ARM.exidx     0x00008398        0x8 d:/program files/simplicity studio/developer/toolchains/gnu_arm/12.2.rel1_2023.7/bin/../lib/gcc/arm-none-eabi/12.2.1/thumb/v8-m.main+fp/hard/crt0.o
                                 0x10 (size before relaxing)
 .ARM.exidx.text.__udivmoddi4
                0x000083a0        0x0 d:/program files/simplicity studio/developer/toolchains/gnu_arm/12.2.rel1_2023.7/bin/../lib/gcc/arm-none-eabi/12.2.1/thumb/v8-m.main+fp/hard\libgcc.a(_udivmoddi4.o)
                                  0x8 (size before relaxing)
                0x000083a0                __exidx_end = .

.rel.dyn        0x000083a0        0x0
 .rel.iplt      0x000083a0        0x0 d:/program files/simplicity studio/developer/toolchains/gnu_arm/12.2.rel1_2023.7/bin/../lib/gcc/arm-none-eabi/12.2.1/thumb/v8-m.main+fp/hard/crtbegin.o

.copy.table     0x000083a0        0xc
                0x000083a0                . = ALIGN (0x4)
                0x000083a0                __copy_table_start__ = .
                0x000083a0        0x4 LONG 0x83ac __etext
                0x000083a4        0x4 LONG 0x20001000 __data_start__
                0x000083a8        0x4 LONG 0x7e ((__data_end__ - __data_start__) / 0x4)
                0x000083ac                __copy_table_end__ = .

.zero.table     0x000083ac        0x0
                0x000083ac                . = ALIGN (0x4)
                0x000083ac                __zero_table_start__ = .
                0x000083ac                __zero_table_end__ = .
                0x000083ac                __etext = .
                0x20000000                . = ORIGIN (RAM)

.stack          0x20000000     0x1000
                0x20000000                __StackLimit = .
 *(.stack*)
 .stack         0x20000000     0x1000 ./gecko_sdk_4.2.6/platform/common/toolchain/src/sl_memory.o
                0x20001000                . = ALIGN (0x4)
                0x20001000                __StackTop = .
                0x20001000                PROVIDE (__stack = __StackTop)

.noinit
 *(.noinit*)

.data           0x20001000      0x1f8 load address 0x000083ac
                0x20001000                . = ALIGN (0x4)
                0x20001000                __data_start__ = .
 *(vtable)
 *(SORT_BY_ALIGNMENT(.data*))
 .data.SystemCoreClock
                0x20001000        0x4 ./gecko_sdk_4.2.6/platform/Device/SiliconLabs/BGM22/Source/system_bgm22.o
                0x20001000                SystemCoreClock
 .data.SystemHFRCODPLLClock
                0x20001004        0x4 ./gecko_sdk_4.2.6/platform/Device/SiliconLabs/BGM22/Source/system_bgm22.o
 .data.SystemLFXOClock
                0x20001008        0x4 ./gecko_sdk_4.2.6/platform/Device/SiliconLabs/BGM22/Source/system_bgm22.o
 .data.SystemHFXOClock
                0x2000100c        0x4 ./gecko_sdk_4.2.6/platform/Device/SiliconLabs/BGM22/Source/system_bgm22.o
 .data.heap_end.0
                0x20001010        0x4 ./gecko_sdk_4.2.6/platform/common/toolchain/src/sl_memory.o
 .data.__sglue  0x20001014        0xc d:/program files/simplicity studio/developer/toolchains/gnu_arm/12.2.rel1_2023.7/bin/../lib/gcc/arm-none-eabi/12.2.1/thumb/v8-m.main+fp/hard\libc_nano.a(libc_a-findfp.o)
                0x20001014                __sglue
 .data._impure_ptr
                0x20001020        0x4 d:/program files/simplicity studio/developer/toolchains/gnu_arm/12.2.rel1_2023.7/bin/../lib/gcc/arm-none-eabi/12.2.1/thumb/v8-m.main+fp/hard\libc_nano.a(libc_a-impure.o)
                0x20001020                _impure_ptr
 .data._impure_data
                0x20001024       0x4c d:/program files/simplicity studio/developer/toolchains/gnu_arm/12.2.rel1_2023.7/bin/../lib/gcc/arm-none-eabi/12.2.1/thumb/v8-m.main+fp/hard\libc_nano.a(libc_a-impure.o)
                0x20001024                _impure_data
 .data.__global_locale
                0x20001070      0x16c d:/program files/simplicity studio/developer/toolchains/gnu_arm/12.2.rel1_2023.7/bin/../lib/gcc/arm-none-eabi/12.2.1/thumb/v8-m.main+fp/hard\libc_nano.a(libc_a-locale.o)
                0x20001070                __global_locale
 .data.simple_btn0_context
                0x200011dc        0x8 ./autogen/sl_simple_button_instances.o
                0x200011dc                simple_btn0_context
 .data.lfxo_precision
                0x200011e4        0x2 ./gecko_sdk_4.2.6/platform/emlib/src/em_cmu.o
 .data.simple_led0_context
                0x200011e6        0x3 ./autogen/sl_simple_led_instances.o
                0x200011e6                simple_led0_context
 .data.level_mask
                0x200011e9        0x1 ./gecko_sdk_4.2.6/app/common/util/app_log/app_log.o
 .data.level_filter_threshold
                0x200011ea        0x1 ./gecko_sdk_4.2.6/app/common/util/app_log/app_log.o
 .data.level_filter_enabled
                0x200011eb        0x1 ./gecko_sdk_4.2.6/app/common/util/app_log/app_log.o
 .data.cc_disabled
                0x200011ec        0x1 ./gecko_sdk_4.2.6/platform/service/sleeptimer/src/sl_sleeptimer_hal_rtcc.o
                0x200011f0                . = ALIGN (0x4)
 *fill*         0x200011ed        0x3 
                [!provide]                PROVIDE (__ram_func_section_start = .)
 *(.ram)
                [!provide]                PROVIDE (__ram_func_section_end = .)
                0x200011f0                . = ALIGN (0x4)
                0x200011f0                PROVIDE (__preinit_array_start = .)
 *(.preinit_array)
                0x200011f0                PROVIDE (__preinit_array_end = .)
                0x200011f0                . = ALIGN (0x4)
                0x200011f0                PROVIDE (__init_array_start = .)
 *(SORT_BY_NAME(.init_array.*))
 *(.init_array)
 .init_array    0x200011f0        0x4 d:/program files/simplicity studio/developer/toolchains/gnu_arm/12.2.rel1_2023.7/bin/../lib/gcc/arm-none-eabi/12.2.1/thumb/v8-m.main+fp/hard/crtbegin.o
                0x200011f4                PROVIDE (__init_array_end = .)
                0x200011f4                . = ALIGN (0x4)
                [!provide]                PROVIDE (__fini_array_start = .)
 *(SORT_BY_NAME(.fini_array.*))
 *(.fini_array)
 .fini_array    0x200011f4        0x4 d:/program files/simplicity studio/developer/toolchains/gnu_arm/12.2.rel1_2023.7/bin/../lib/gcc/arm-none-eabi/12.2.1/thumb/v8-m.main+fp/hard/crtbegin.o
                [!provide]                PROVIDE (__fini_array_end = .)
                0x200011f8                . = ALIGN (0x4)
                0x200011f8                __data_end__ = .

.tm_clone_table
                0x200011f8        0x0 load address 0x000085a4
 .tm_clone_table
                0x200011f8        0x0 d:/program files/simplicity studio/developer/toolchains/gnu_arm/12.2.rel1_2023.7/bin/../lib/gcc/arm-none-eabi/12.2.1/thumb/v8-m.main+fp/hard/crtbegin.o
 .tm_clone_table
                0x200011f8        0x0 d:/program files/simplicity studio/developer/toolchains/gnu_arm/12.2.rel1_2023.7/bin/../lib/gcc/arm-none-eabi/12.2.1/thumb/v8-m.main+fp/hard/crtend.o

.igot.plt       0x200011f8        0x0 load address 0x000085a4
 .igot.plt      0x200011f8        0x0 d:/program files/simplicity studio/developer/toolchains/gnu_arm/12.2.rel1_2023.7/bin/../lib/gcc/arm-none-eabi/12.2.1/thumb/v8-m.main+fp/hard/crtbegin.o

.bss            0x200011f8      0x5ac load address 0x000085a4
                0x200011f8                . = ALIGN (0x4)
                0x200011f8                __bss_start__ = .
 *(SORT_BY_ALIGNMENT(.bss*))
 .bss.object.0  0x200011f8       0x18 d:/program files/simplicity studio/developer/toolchains/gnu_arm/12.2.rel1_2023.7/bin/../lib/gcc/arm-none-eabi/12.2.1/thumb/v8-m.main+fp/hard/crtbegin.o
 .bss.context_vcom
                0x20001210       0x4c ./autogen/sl_iostream_init_usart_instances.o
 .bss.sl_iostream_vcom
                0x2000125c       0x18 ./autogen/sl_iostream_init_usart_instances.o
 .bss.app_log_iostream
                0x20001274        0x4 ./gecko_sdk_4.2.6/app/common/util/app_log/app_log.o
                0x20001274                app_log_iostream
 .bss.dmaXfer   0x20001278      0x100 ./gecko_sdk_4.2.6/platform/emdrv/dmadrv/src/dmadrv.o
 .bss.chTable   0x20001378       0x80 ./gecko_sdk_4.2.6/platform/emdrv/dmadrv/src/dmadrv.o
 .bss.gpioCallbacks
                0x200013f8      0x200 ./gecko_sdk_4.2.6/platform/emdrv/gpiointerrupt/src/gpiointerrupt.o
 .bss.sli_iostream_default
                0x200015f8        0x4 ./gecko_sdk_4.2.6/platform/service/iostream/src/sl_iostream.o
 .bss.max_millisecond_conversion
                0x200015fc        0x4 ./gecko_sdk_4.2.6/platform/service/sleeptimer/src/sl_sleeptimer.o
 .bss.last_delta_update_count
                0x20001600        0x4 ./gecko_sdk_4.2.6/platform/service/sleeptimer/src/sl_sleeptimer.o
 .bss.timer_head
                0x20001604        0x4 ./gecko_sdk_4.2.6/platform/service/sleeptimer/src/sl_sleeptimer.o
 .bss.timer_frequency
                0x20001608        0x4 ./gecko_sdk_4.2.6/platform/service/sleeptimer/src/sl_sleeptimer.o
 .bss._owner    0x2000160c        0x4 ./third_party_hw_drivers_2.0.2/driver/peripheral_drivers/mikroe/src/drv_analog_in.o
 .bss.co_cfg    0x20001610        0xc ./third_party_hw_drivers_2.0.2/driver/public/mikroe/co_mq7/src/mikroe_mq7.o
 .bss.co        0x2000161c       0x10 ./third_party_hw_drivers_2.0.2/driver/public/mikroe/co_mq7/src/mikroe_mq7.o
 .bss.__sf      0x2000162c      0x138 d:/program files/simplicity studio/developer/toolchains/gnu_arm/12.2.rel1_2023.7/bin/../lib/gcc/arm-none-eabi/12.2.1/thumb/v8-m.main+fp/hard\libc_nano.a(libc_a-findfp.o)
                0x2000162c                __sf
 .bss.__stdio_exit_handler
                0x20001764        0x4 d:/program files/simplicity studio/developer/toolchains/gnu_arm/12.2.rel1_2023.7/bin/../lib/gcc/arm-none-eabi/12.2.1/thumb/v8-m.main+fp/hard\libc_nano.a(libc_a-findfp.o)
                0x20001764                __stdio_exit_handler
 .bss.errno     0x20001768        0x4 d:/program files/simplicity studio/developer/toolchains/gnu_arm/12.2.rel1_2023.7/bin/../lib/gcc/arm-none-eabi/12.2.1/thumb/v8-m.main+fp/hard\libc_nano.a(libc_a-reent.o)
                0x20001768                errno
 .bss.__malloc_sbrk_start
                0x2000176c        0x4 d:/program files/simplicity studio/developer/toolchains/gnu_arm/12.2.rel1_2023.7/bin/../lib/gcc/arm-none-eabi/12.2.1/thumb/v8-m.main+fp/hard\libc_nano.a(libc_a-mallocr.o)
                0x2000176c                __malloc_sbrk_start
 .bss.__malloc_free_list
                0x20001770        0x4 d:/program files/simplicity studio/developer/toolchains/gnu_arm/12.2.rel1_2023.7/bin/../lib/gcc/arm-none-eabi/12.2.1/thumb/v8-m.main+fp/hard\libc_nano.a(libc_a-mallocr.o)
                0x20001770                __malloc_free_list
 .bss.overflow_counter
                0x20001774        0x2 ./gecko_sdk_4.2.6/platform/service/sleeptimer/src/sl_sleeptimer.o
 .bss.completed.1
                0x20001776        0x1 d:/program files/simplicity studio/developer/toolchains/gnu_arm/12.2.rel1_2023.7/bin/../lib/gcc/arm-none-eabi/12.2.1/thumb/v8-m.main+fp/hard/crtbegin.o
 .bss.alarm_on  0x20001777        0x1 ./app.o